Archive member included to satisfy reference by file (symbol)

D:/STM32CUBEIDE/PROGRAM/STM32CubeIDE_2.1.1/STM32CubeIDE/plugins/com.st.stm32cube.ide.mcu.externaltools.gnu-tools-for-stm32.14.3.rel1.win32_1.0.100.202602081740/tools/bin/../lib/gcc/arm-none-eabi/14.3.1/../../../../arm-none-eabi/lib/thumb/v7-m/nofp\libc_nano.a(libc_a-exit.o)
                              D:/STM32CUBEIDE/PROGRAM/STM32CubeIDE_2.1.1/STM32CubeIDE/plugins/com.st.stm32cube.ide.mcu.externaltools.gnu-tools-for-stm32.14.3.rel1.win32_1.0.100.202602081740/tools/bin/../lib/gcc/arm-none-eabi/14.3.1/../../../../arm-none-eabi/lib/thumb/v7-m/nofp/crt0.o (exit)
D:/STM32CUBEIDE/PROGRAM/STM32CubeIDE_2.1.1/STM32CubeIDE/plugins/com.st.stm32cube.ide.mcu.externaltools.gnu-tools-for-stm32.14.3.rel1.win32_1.0.100.202602081740/tools/bin/../lib/gcc/arm-none-eabi/14.3.1/../../../../arm-none-eabi/lib/thumb/v7-m/nofp\libc_nano.a(libc_a-findfp.o)
                              D:/STM32CUBEIDE/PROGRAM/STM32CubeIDE_2.1.1/STM32CubeIDE/plugins/com.st.stm32cube.ide.mcu.externaltools.gnu-tools-for-stm32.14.3.rel1.win32_1.0.100.202602081740/tools/bin/../lib/gcc/arm-none-eabi/14.3.1/../../../../arm-none-eabi/lib/thumb/v7-m/nofp\libc_nano.a(libc_a-exit.o) (__stdio_exit_handler)
D:/STM32CUBEIDE/PROGRAM/STM32CubeIDE_2.1.1/STM32CubeIDE/plugins/com.st.stm32cube.ide.mcu.externaltools.gnu-tools-for-stm32.14.3.rel1.win32_1.0.100.202602081740/tools/bin/../lib/gcc/arm-none-eabi/14.3.1/../../../../arm-none-eabi/lib/thumb/v7-m/nofp\libc_nano.a(libc_a-fwalk.o)
                              D:/STM32CUBEIDE/PROGRAM/STM32CubeIDE_2.1.1/STM32CubeIDE/plugins/com.st.stm32cube.ide.mcu.externaltools.gnu-tools-for-stm32.14.3.rel1.win32_1.0.100.202602081740/tools/bin/../lib/gcc/arm-none-eabi/14.3.1/../../../../arm-none-eabi/lib/thumb/v7-m/nofp\libc_nano.a(libc_a-findfp.o) (_fwalk_sglue)
D:/STM32CUBEIDE/PROGRAM/STM32CubeIDE_2.1.1/STM32CubeIDE/plugins/com.st.stm32cube.ide.mcu.externaltools.gnu-tools-for-stm32.14.3.rel1.win32_1.0.100.202602081740/tools/bin/../lib/gcc/arm-none-eabi/14.3.1/../../../../arm-none-eabi/lib/thumb/v7-m/nofp\libc_nano.a(libc_a-stdio.o)
                              D:/STM32CUBEIDE/PROGRAM/STM32CubeIDE_2.1.1/STM32CubeIDE/plugins/com.st.stm32cube.ide.mcu.externaltools.gnu-tools-for-stm32.14.3.rel1.win32_1.0.100.202602081740/tools/bin/../lib/gcc/arm-none-eabi/14.3.1/../../../../arm-none-eabi/lib/thumb/v7-m/nofp\libc_nano.a(libc_a-findfp.o) (__sread)
D:/STM32CUBEIDE/PROGRAM/STM32CubeIDE_2.1.1/STM32CubeIDE/plugins/com.st.stm32cube.ide.mcu.externaltools.gnu-tools-for-stm32.14.3.rel1.win32_1.0.100.202602081740/tools/bin/../lib/gcc/arm-none-eabi/14.3.1/../../../../arm-none-eabi/lib/thumb/v7-m/nofp\libc_nano.a(libc_a-memset.o)
                              D:/STM32CUBEIDE/PROGRAM/STM32CubeIDE_2.1.1/STM32CubeIDE/plugins/com.st.stm32cube.ide.mcu.externaltools.gnu-tools-for-stm32.14.3.rel1.win32_1.0.100.202602081740/tools/bin/../lib/gcc/arm-none-eabi/14.3.1/../../../../arm-none-eabi/lib/thumb/v7-m/nofp/crt0.o (memset)
D:/STM32CUBEIDE/PROGRAM/STM32CubeIDE_2.1.1/STM32CubeIDE/plugins/com.st.stm32cube.ide.mcu.externaltools.gnu-tools-for-stm32.14.3.rel1.win32_1.0.100.202602081740/tools/bin/../lib/gcc/arm-none-eabi/14.3.1/../../../../arm-none-eabi/lib/thumb/v7-m/nofp\libc_nano.a(libc_a-closer.o)
                              D:/STM32CUBEIDE/PROGRAM/STM32CubeIDE_2.1.1/STM32CubeIDE/plugins/com.st.stm32cube.ide.mcu.externaltools.gnu-tools-for-stm32.14.3.rel1.win32_1.0.100.202602081740/tools/bin/../lib/gcc/arm-none-eabi/14.3.1/../../../../arm-none-eabi/lib/thumb/v7-m/nofp\libc_nano.a(libc_a-stdio.o) (_close_r)
D:/STM32CUBEIDE/PROGRAM/STM32CubeIDE_2.1.1/STM32CubeIDE/plugins/com.st.stm32cube.ide.mcu.externaltools.gnu-tools-for-stm32.14.3.rel1.win32_1.0.100.202602081740/tools/bin/../lib/gcc/arm-none-eabi/14.3.1/../../../../arm-none-eabi/lib/thumb/v7-m/nofp\libc_nano.a(libc_a-reent.o)
                              D:/STM32CUBEIDE/PROGRAM/STM32CubeIDE_2.1.1/STM32CubeIDE/plugins/com.st.stm32cube.ide.mcu.externaltools.gnu-tools-for-stm32.14.3.rel1.win32_1.0.100.202602081740/tools/bin/../lib/gcc/arm-none-eabi/14.3.1/../../../../arm-none-eabi/lib/thumb/v7-m/nofp\libc_nano.a(libc_a-closer.o) (errno)
D:/STM32CUBEIDE/PROGRAM/STM32CubeIDE_2.1.1/STM32CubeIDE/plugins/com.st.stm32cube.ide.mcu.externaltools.gnu-tools-for-stm32.14.3.rel1.win32_1.0.100.202602081740/tools/bin/../lib/gcc/arm-none-eabi/14.3.1/../../../../arm-none-eabi/lib/thumb/v7-m/nofp\libc_nano.a(libc_a-impure.o)
                              D:/STM32CUBEIDE/PROGRAM/STM32CubeIDE_2.1.1/STM32CubeIDE/plugins/com.st.stm32cube.ide.mcu.externaltools.gnu-tools-for-stm32.14.3.rel1.win32_1.0.100.202602081740/tools/bin/../lib/gcc/arm-none-eabi/14.3.1/../../../../arm-none-eabi/lib/thumb/v7-m/nofp\libc_nano.a(libc_a-reent.o) (_impure_ptr)
[...]
Memory Configuration

Name             Origin             Length             Attributes
RAM              0x20000000         0x0001c000         xrw
RAM2             0x2001c000         0x00004000         xrw
FLASH            0x08000000         0x00040000         xr
*default*        0x00000000         0xffffffff

Linker script and memory map

LOAD D:/STM32CUBEIDE/PROGRAM/STM32CubeIDE_2.1.1/STM32CubeIDE/plugins/com.st.stm32cube.ide.mcu.externaltools.gnu-tools-for-stm32.14.3.rel1.win32_1.0.100.202602081740/tools/bin/../lib/gcc/arm-none-eabi/14.3.1/thumb/v7-m/nofp/crti.o
LOAD D:/STM32CUBEIDE/PROGRAM/STM32CubeIDE_2.1.1/STM32CubeIDE/plugins/com.st.stm32cube.ide.mcu.externaltools.gnu-tools-for-stm32.14.3.rel1.win32_1.0.100.202602081740/tools/bin/../lib/gcc/arm-none-eabi/14.3.1/thumb/v7-m/nofp/crtbegin.o
LOAD D:/STM32CUBEIDE/PROGRAM/STM32CubeIDE_2.1.1/STM32CubeIDE/plugins/com.st.stm32cube.ide.mcu.externaltools.gnu-tools-for-stm32.14.3.rel1.win32_1.0.100.202602081740/tools/bin/../lib/gcc/arm-none-eabi/14.3.1/../../../../arm-none-eabi/lib/thumb/v7-m/nofp/crt0.o
LOAD ./Core/Src/main.o
LOAD ./Core/Src/stm32f2xx_hal_msp.o
LOAD ./Core/Src/stm32f2xx_it.o
LOAD ./Core/Src/syscalls.o
LOAD ./Core/Src/sysmem.o
LOAD ./Core/Src/system_stm32f2xx.o
LOAD ./Core/Startup/startup_stm32f207vctx.o
LOAD ./Drivers/STM32F2xx_HAL_Driver/Src/stm32f2xx_hal.o
LOAD ./Drivers/STM32F2xx_HAL_Driver/Src/stm32f2xx_hal_cortex.o
LOAD ./Drivers/STM32F2xx_HAL_Driver/Src/stm32f2xx_hal_dma.o
LOAD ./Drivers/STM32F2xx_HAL_Driver/Src/stm32f2xx_hal_dma_ex.o
LOAD ./Drivers/STM32F2xx_HAL_Driver/Src/stm32f2xx_hal_exti.o
LOAD ./Drivers/STM32F2xx_HAL_Driver/Src/stm32f2xx_hal_flash.o
LOAD ./Drivers/STM32F2xx_HAL_Driver/Src/stm32f2xx_hal_flash_ex.o
LOAD ./Drivers/STM32F2xx_HAL_Driver/Src/stm32f2xx_hal_gpio.o
LOAD ./Drivers/STM32F2xx_HAL_Driver/Src/stm32f2xx_hal_pwr.o
LOAD ./Drivers/STM32F2xx_HAL_Driver/Src/stm32f2xx_hal_pwr_ex.o
LOAD ./Drivers/STM32F2xx_HAL_Driver/Src/stm32f2xx_hal_rcc.o
LOAD ./Drivers/STM32F2xx_HAL_Driver/Src/stm32f2xx_hal_rcc_ex.o
START GROUP
LOAD D:/STM32CUBEIDE/PROGRAM/STM32CubeIDE_2.1.1/STM32CubeIDE/plugins/com.st.stm32cube.ide.mcu.externaltools.gnu-tools-for-stm32.14.3.rel1.win32_1.0.100.202602081740/tools/bin/../lib/gcc/arm-none-eabi/14.3.1/../../../../arm-none-eabi/lib/thumb/v7-m/nofp\libc_nano.a
LOAD D:/STM32CUBEIDE/PROGRAM/STM32CubeIDE_2.1.1/STM32CubeIDE/plugins/com.st.stm32cube.ide.mcu.externaltools.gnu-tools-for-stm32.14.3.rel1.win32_1.0.100.202602081740/tools/bin/../lib/gcc/arm-none-eabi/14.3.1/../../../../arm-none-eabi/lib/thumb/v7-m/nofp\libm.a
END GROUP
START GROUP
LOAD D:/STM32CUBEIDE/PROGRAM/STM32CubeIDE_2.1.1/STM32CubeIDE/plugins/com.st.stm32cube.ide.mcu.externaltools.gnu-tools-for-stm32.14.3.rel1.win32_1.0.100.202602081740/tools/bin/../lib/gcc/arm-none-eabi/14.3.1/thumb/v7-m/nofp\libgcc.a
LOAD D:/STM32CUBEIDE/PROGRAM/STM32CubeIDE_2.1.1/STM32CubeIDE/plugins/com.st.stm32cube.ide.mcu.externaltools.gnu-tools-for-stm32.14.3.rel1.win32_1.0.100.202602081740/tools/bin/../lib/gcc/arm-none-eabi/14.3.1/../../../../arm-none-eabi/lib/thumb/v7-m/nofp\libc_nano.a
END GROUP
START GROUP
LOAD D:/STM32CUBEIDE/PROGRAM/STM32CubeIDE_2.1.1/STM32CubeIDE/plugins/com.st.stm32cube.ide.mcu.externaltools.gnu-tools-for-stm32.14.3.rel1.win32_1.0.100.202602081740/tools/bin/../lib/gcc/arm-none-eabi/14.3.1/thumb/v7-m/nofp\libgcc.a
LOAD D:/STM32CUBEIDE/PROGRAM/STM32CubeIDE_2.1.1/STM32CubeIDE/plugins/com.st.stm32cube.ide.mcu.externaltools.gnu-tools-for-stm32.14.3.rel1.win32_1.0.100.202602081740/tools/bin/../lib/gcc/arm-none-eabi/14.3.1/../../../../arm-none-eabi/lib/thumb/v7-m/nofp\libc_nano.a
LOAD D:/STM32CUBEIDE/PROGRAM/STM32CubeIDE_2.1.1/STM32CubeIDE/plugins/com.st.stm32cube.ide.mcu.externaltools.gnu-tools-for-stm32.14.3.rel1.win32_1.0.100.202602081740/tools/bin/../lib/gcc/arm-none-eabi/14.3.1/../../../../arm-none-eabi/lib/thumb/v7-m/nofp\libnosys.a
END GROUP
START GROUP
LOAD D:/STM32CUBEIDE/PROGRAM/STM32CubeIDE_2.1.1/STM32CubeIDE/plugins/com.st.stm32cube.ide.mcu.externaltools.gnu-tools-for-stm32.14.3.rel1.win32_1.0.100.202602081740/tools/bin/../lib/gcc/arm-none-eabi/14.3.1/thumb/v7-m/nofp\libgcc.a
LOAD D:/STM32CUBEIDE/PROGRAM/STM32CubeIDE_2.1.1/STM32CubeIDE/plugins/com.st.stm32cube.ide.mcu.externaltools.gnu-tools-for-stm32.14.3.rel1.win32_1.0.100.202602081740/tools/bin/../lib/gcc/arm-none-eabi/14.3.1/../../../../arm-none-eabi/lib/thumb/v7-m/nofp\libc_nano.a
LOAD D:/STM32CUBEIDE/PROGRAM/STM32CubeIDE_2.1.1/STM32CubeIDE/plugins/com.st.stm32cube.ide.mcu.externaltools.gnu-tools-for-stm32.14.3.rel1.win32_1.0.100.202602081740/tools/bin/../lib/gcc/arm-none-eabi/14.3.1/../../../../arm-none-eabi/lib/thumb/v7-m/nofp\libnosys.a
END GROUP
LOAD D:/STM32CUBEIDE/PROGRAM/STM32CubeIDE_2.1.1/STM32CubeIDE/plugins/com.st.stm32cube.ide.mcu.externaltools.gnu-tools-for-stm32.14.3.rel1.win32_1.0.100.202602081740/tools/bin/../lib/gcc/arm-none-eabi/14.3.1/thumb/v7-m/nofp/crtend.o
LOAD D:/STM32CUBEIDE/PROGRAM/STM32CubeIDE_2.1.1/STM32CubeIDE/plugins/com.st.stm32cube.ide.mcu.externaltools.gnu-tools-for-stm32.14.3.rel1.win32_1.0.100.202602081740/tools/bin/../lib/gcc/arm-none-eabi/14.3.1/thumb/v7-m/nofp/crtn.o
                0x2001c000                        _estack = (ORIGIN (RAM) + LENGTH (RAM))
                0x00000200                        _Min_Heap_Size = 0x200
                0x00000400                        _Min_Stack_Size = 0x400

.isr_vector     0x08000000      0x184
                0x08000000                        . = ALIGN (0x4)
 *(.isr_vector)
 .isr_vector    0x08000000      0x184 ./Core/Startup/startup_stm32f207vctx.o
                0x08000000                g_pfnVectors
                0x08000184                        . = ALIGN (0x4)

.text           0x08000184     0x15a0
                0x08000184                        . = ALIGN (0x4)
 *(.text)
 .text          0x08000184       0x40 D:/STM32CUBEIDE/PROGRAM/STM32CubeIDE_2.1.1/STM32CubeIDE/plugins/com.st.stm32cube.ide.mcu.externaltools.gnu-tools-for-stm32.14.3.rel1.win32_1.0.100.202602081740/tools/bin/../lib/gcc/arm-none-eabi/14.3.1/thumb/v7-m/nofp/crtbegin.o
 .text          0x080001c4       0x30 D:/STM32CUBEIDE/PROGRAM/STM32CubeIDE_2.1.1/STM32CubeIDE/plugins/com.st.stm32cube.ide.mcu.externaltools.gnu-tools-for-stm32.14.3.rel1.win32_1.0.100.202602081740/tools/bin/../lib/gcc/arm-none-eabi/14.3.1/thumb/v7-m/nofp\libgcc.a(_aeabi_uldivmod.o)
                0x080001c4                __aeabi_uldivmod
 .text          0x080001f4      0x2f4 D:/STM32CUBEIDE/PROGRAM/STM32CubeIDE_2.1.1/STM32CubeIDE/plugins/com.st.stm32cube.ide.mcu.externaltools.gnu-tools-for-stm32.14.3.rel1.win32_1.0.100.202602081740/tools/bin/../lib/gcc/arm-none-eabi/14.3.1/thumb/v7-m/nofp\libgcc.a(_udivmoddi4.o)
                0x080001f4                __udivmoddi4
 .text          0x080004e8        0x4 D:/STM32CUBEIDE/PROGRAM/STM32CubeIDE_2.1.1/STM32CubeIDE/plugins/com.st.stm32cube.ide.mcu.externaltools.gnu-tools-for-stm32.14.3.rel1.win32_1.0.100.202602081740/tools/bin/../lib/gcc/arm-none-eabi/14.3.1/thumb/v7-m/nofp\libgcc.a(_dvmd_tls.o)
                0x080004e8                __aeabi_idiv0
                0x080004e8                __aeabi_ldiv0
 *(.text*)
 .text.main     0x080004ec       0x1c ./Core/Src/main.o
                0x080004ec                main
 .text.SystemClock_Config
                0x08000508       0x76 ./Core/Src/main.o
                0x08000508                SystemClock_Config
 *fill*         0x0800057e        0x2 
 .text.MX_GPIO_Init
                0x08000580      0x160 ./Core/Src/main.o
 .text.Error_Handler
                0x080006e0        0xc ./Core/Src/main.o
                0x080006e0                Error_Handler
 .text.HAL_MspInit
                0x080006ec       0x4c ./Core/Src/stm32f2xx_hal_msp.o
                0x080006ec                HAL_MspInit
 .text.NMI_Handler
                0x08000738        0x8 ./Core/Src/stm32f2xx_it.o
                0x08000738                NMI_Handler
 .text.HardFault_Handler
                0x08000740        0x8 ./Core/Src/stm32f2xx_it.o
                0x08000740                HardFault_Handler
 .text.MemManage_Handler
                0x08000748        0x8 ./Core/Src/stm32f2xx_it.o
                0x08000748                MemManage_Handler
 .text.BusFault_Handler
                0x08000750        0x8 ./Core/Src/stm32f2xx_it.o
                0x08000750                BusFault_Handler
 .text.UsageFault_Handler
                0x08000758        0x8 ./Core/Src/stm32f2xx_it.o
                0x08000758                UsageFault_Handler
 .text.SVC_Handler
                0x08000760        0xc ./Core/Src/stm32f2xx_it.o
                0x08000760                SVC_Handler
 .text.DebugMon_Handler
                0x0800076c        0xc ./Core/Src/stm32f2xx_it.o
                0x0800076c                DebugMon_Handler
 .text.PendSV_Handler
                0x08000778        0xc ./Core/Src/stm32f2xx_it.o
                0x08000778                PendSV_Handler
 .text.SysTick_Handler
                0x08000784        0xc ./Core/Src/stm32f2xx_it.o
                0x08000784                SysTick_Handler
 .text.EXTI9_5_IRQHandler
                0x08000790        0xe ./Core/Src/stm32f2xx_it.o
                0x08000790                EXTI9_5_IRQHandler
 .text.SystemInit
                0x0800079e        0xc ./Core/Src/system_stm32f2xx.o
                0x0800079e                SystemInit
 *fill*         0x080007aa        0x2 
 .text.Reset_Handler
                0x080007ac       0x50 ./Core/Startup/startup_stm32f207vctx.o
                0x080007ac                Reset_Handler
 .text.Default_Handler
                0x080007fc        0x2 ./Core/Startup/startup_stm32f207vctx.o
                0x080007fc                RTC_Alarm_IRQHandler
                0x080007fc                HASH_RNG_IRQHandler
                0x080007fc                EXTI2_IRQHandler
                0x080007fc                TIM8_CC_IRQHandler
                0x080007fc                TIM1_CC_IRQHandler
                0x080007fc                DMA2_Stream5_IRQHandler
                0x080007fc                DMA1_Stream5_IRQHandler
                0x080007fc                PVD_IRQHandler
                0x080007fc                SDIO_IRQHandler
                0x080007fc                TAMP_STAMP_IRQHandler
                0x080007fc                CAN2_RX1_IRQHandler
                0x080007fc                EXTI3_IRQHandler
                0x080007fc                TIM8_TRG_COM_TIM14_IRQHandler
                0x080007fc                TIM1_UP_TIM10_IRQHandler
                0x080007fc                TIM8_UP_TIM13_IRQHandler
                0x080007fc                I2C3_ER_IRQHandler
                0x080007fc                EXTI0_IRQHandler
                0x080007fc                I2C2_EV_IRQHandler
                0x080007fc                DMA1_Stream2_IRQHandler
                0x080007fc                CAN1_RX0_IRQHandler
                0x080007fc                OTG_HS_WKUP_IRQHandler
                0x080007fc                CAN2_SCE_IRQHandler
                0x080007fc                DMA2_Stream2_IRQHandler
                0x080007fc                SPI1_IRQHandler
                0x080007fc                TIM6_DAC_IRQHandler
                0x080007fc                TIM1_BRK_TIM9_IRQHandler
                0x080007fc                DCMI_IRQHandler
                0x080007fc                CAN2_RX0_IRQHandler
                0x080007fc                DMA2_Stream3_IRQHandler
                0x080007fc                USART6_IRQHandler
                0x080007fc                USART3_IRQHandler
                0x080007fc                CAN1_RX1_IRQHandler
                0x080007fc                UART5_IRQHandler
                0x080007fc                DMA2_Stream0_IRQHandler
                0x080007fc                TIM4_IRQHandler
                0x080007fc                I2C1_EV_IRQHandler
                0x080007fc                DMA1_Stream6_IRQHandler
                0x080007fc                DMA1_Stream1_IRQHandler
                0x080007fc                UART4_IRQHandler
                0x080007fc                TIM3_IRQHandler
                0x080007fc                RCC_IRQHandler
                0x080007fc                TIM8_BRK_TIM12_IRQHandler
                0x080007fc                Default_Handler
                0x080007fc                EXTI15_10_IRQHandler
                0x080007fc                ADC_IRQHandler
                0x080007fc                DMA1_Stream7_IRQHandler
                0x080007fc                TIM7_IRQHandler
                0x080007fc                CAN2_TX_IRQHandler
                0x080007fc                TIM5_IRQHandler
                0x080007fc                DMA2_Stream7_IRQHandler
                0x080007fc                I2C3_EV_IRQHandler
                0x080007fc                RTC_WKUP_IRQHandler
                0x080007fc                ETH_WKUP_IRQHandler
                0x080007fc                SPI2_IRQHandler
                0x080007fc                OTG_HS_EP1_IN_IRQHandler
                0x080007fc                DMA1_Stream0_IRQHandler
                0x080007fc                CAN1_TX_IRQHandler
                0x080007fc                EXTI4_IRQHandler
                0x080007fc                FSMC_IRQHandler
                0x080007fc                ETH_IRQHandler
                0x080007fc                OTG_HS_EP1_OUT_IRQHandler
                0x080007fc                WWDG_IRQHandler
                0x080007fc                TIM2_IRQHandler
                0x080007fc                OTG_FS_WKUP_IRQHandler
                0x080007fc                TIM1_TRG_COM_TIM11_IRQHandler
                0x080007fc                OTG_HS_IRQHandler
                0x080007fc                EXTI1_IRQHandler
                0x080007fc                USART2_IRQHandler
                0x080007fc                I2C2_ER_IRQHandler
                0x080007fc                DMA2_Stream1_IRQHandler
                0x080007fc                CAN1_SCE_IRQHandler
                0x080007fc                FLASH_IRQHandler
                0x080007fc                DMA2_Stream4_IRQHandler
                0x080007fc                USART1_IRQHandler
                0x080007fc                OTG_FS_IRQHandler
                0x080007fc                SPI3_IRQHandler
                0x080007fc                DMA1_Stream4_IRQHandler
                0x080007fc                I2C1_ER_IRQHandler
                0x080007fc                DMA2_Stream6_IRQHandler
                0x080007fc                DMA1_Stream3_IRQHandler
 *fill*         0x080007fe        0x2 
 .text.HAL_Init
                0x08000800       0x44 ./Drivers/STM32F2xx_HAL_Driver/Src/stm32f2xx_hal.o
                0x08000800                HAL_Init
 .text.HAL_InitTick
                0x08000844       0x60 ./Drivers/STM32F2xx_HAL_Driver/Src/stm32f2xx_hal.o
                0x08000844                HAL_InitTick
 .text.HAL_IncTick
                0x080008a4       0x24 ./Drivers/STM32F2xx_HAL_Driver/Src/stm32f2xx_hal.o
                0x080008a4                HAL_IncTick
 .text.HAL_GetTick
                0x080008c8       0x14 ./Drivers/STM32F2xx_HAL_Driver/Src/stm32f2xx_hal.o
                0x080008c8                HAL_GetTick
 .text.__NVIC_SetPriorityGrouping
                0x080008dc       0x48 ./Drivers/STM32F2xx_HAL_Driver/Src/stm32f2xx_hal_cortex.o
 .text.__NVIC_GetPriorityGrouping
                0x08000924       0x1c ./Drivers/STM32F2xx_HAL_Driver/Src/stm32f2xx_hal_cortex.o
 .text.__NVIC_EnableIRQ
                0x08000940       0x38 ./Drivers/STM32F2xx_HAL_Driver/Src/stm32f2xx_hal_cortex.o
 .text.__NVIC_SetPriority
                0x08000978       0x54 ./Drivers/STM32F2xx_HAL_Driver/Src/stm32f2xx_hal_cortex.o
 .text.NVIC_EncodePriority
                0x080009cc       0x64 ./Drivers/STM32F2xx_HAL_Driver/Src/stm32f2xx_hal_cortex.o
 .text.SysTick_Config
                0x08000a30       0x44 ./Drivers/STM32F2xx_HAL_Driver/Src/stm32f2xx_hal_cortex.o
 .text.HAL_NVIC_SetPriorityGrouping
                0x08000a74       0x16 ./Drivers/STM32F2xx_HAL_Driver/Src/stm32f2xx_hal_cortex.o
                0x08000a74                HAL_NVIC_SetPriorityGrouping
 .text.HAL_NVIC_SetPriority
                0x08000a8a       0x38 ./Drivers/STM32F2xx_HAL_Driver/Src/stm32f2xx_hal_cortex.o
                0x08000a8a                HAL_NVIC_SetPriority
 .text.HAL_NVIC_EnableIRQ
                0x08000ac2       0x1c ./Drivers/STM32F2xx_HAL_Driver/Src/stm32f2xx_hal_cortex.o
                0x08000ac2                HAL_NVIC_EnableIRQ
 .text.HAL_SYSTICK_Config
                0x08000ade       0x18 ./Drivers/STM32F2xx_HAL_Driver/Src/stm32f2xx_hal_cortex.o
                0x08000ade                HAL_SYSTICK_Config
 *fill*         0x08000af6        0x2 
 .text.HAL_GPIO_Init
                0x08000af8      0x33c ./Drivers/STM32F2xx_HAL_Driver/Src/stm32f2xx_hal_gpio.o
                0x08000af8                HAL_GPIO_Init
 .text.HAL_GPIO_WritePin
                0x08000e34       0x30 ./Drivers/STM32F2xx_HAL_Driver/Src/stm32f2xx_hal_gpio.o
                0x08000e34                HAL_GPIO_WritePin
 .text.HAL_GPIO_EXTI_IRQHandler
                0x08000e64       0x30 ./Drivers/STM32F2xx_HAL_Driver/Src/stm32f2xx_hal_gpio.o
                0x08000e64                HAL_GPIO_EXTI_IRQHandler
 .text.HAL_GPIO_EXTI_Callback
                0x08000e94       0x14 ./Drivers/STM32F2xx_HAL_Driver/Src/stm32f2xx_hal_gpio.o
                0x08000e94                HAL_GPIO_EXTI_Callback
 .text.HAL_RCC_OscConfig
                0x08000ea8      0x4a8 ./Drivers/STM32F2xx_HAL_Driver/Src/stm32f2xx_hal_rcc.o
                0x08000ea8                HAL_RCC_OscConfig
 .text.HAL_RCC_ClockConfig
                0x08001350      0x1d8 ./Drivers/STM32F2xx_HAL_Driver/Src/stm32f2xx_hal_rcc.o
                0x08001350                HAL_RCC_ClockConfig
 .text.HAL_RCC_GetSysClockFreq
                0x08001528      0x18c ./Drivers/STM32F2xx_HAL_Driver/Src/stm32f2xx_hal_rcc.o
                0x08001528                HAL_RCC_GetSysClockFreq
 .text.memset   0x080016b4       0x10 D:/STM32CUBEIDE/PROGRAM/STM32CubeIDE_2.1.1/STM32CubeIDE/plugins/com.st.stm32cube.ide.mcu.externaltools.gnu-tools-for-stm32.14.3.rel1.win32_1.0.100.202602081740/tools/bin/../lib/gcc/arm-none-eabi/14.3.1/../../../../arm-none-eabi/lib/thumb/v7-m/nofp\libc_nano.a(libc_a-memset.o)
                0x080016b4                memset
 .text.__libc_init_array
                0x080016c4       0x48 D:/STM32CUBEIDE/PROGRAM/STM32CubeIDE_2.1.1/STM32CubeIDE/plugins/com.st.stm32cube.ide.mcu.externaltools.gnu-tools-for-stm32.14.3.rel1.win32_1.0.100.202602081740/tools/bin/../lib/gcc/arm-none-eabi/14.3.1/../../../../arm-none-eabi/lib/thumb/v7-m/nofp\libc_nano.a(libc_a-init.o)
                0x080016c4                __libc_init_array
 *(.glue_7)
 .glue_7        0x0800170c        0x0 linker stubs
 *(.glue_7t)
 .glue_7t       0x0800170c        0x0 linker stubs
 *(.eh_frame)
 .eh_frame      0x0800170c        0x0 D:/STM32CUBEIDE/PROGRAM/STM32CubeIDE_2.1.1/STM32CubeIDE/plugins/com.st.stm32cube.ide.mcu.externaltools.gnu-tools-for-stm32.14.3.rel1.win32_1.0.100.202602081740/tools/bin/../lib/gcc/arm-none-eabi/14.3.1/thumb/v7-m/nofp/crtbegin.o
 *(.init)
 .init          0x0800170c        0x4 D:/STM32CUBEIDE/PROGRAM/STM32CubeIDE_2.1.1/STM32CubeIDE/plugins/com.st.stm32cube.ide.mcu.externaltools.gnu-tools-for-stm32.14.3.rel1.win32_1.0.100.202602081740/tools/bin/../lib/gcc/arm-none-eabi/14.3.1/thumb/v7-m/nofp/crti.o
                0x0800170c                _init
 .init          0x08001710        0x8 D:/STM32CUBEIDE/PROGRAM/STM32CubeIDE_2.1.1/STM32CubeIDE/plugins/com.st.stm32cube.ide.mcu.externaltools.gnu-tools-for-stm32.14.3.rel1.win32_1.0.100.202602081740/tools/bin/../lib/gcc/arm-none-eabi/14.3.1/thumb/v7-m/nofp/crtn.o
 *(.fini)
 .fini          0x08001718        0x4 D:/STM32CUBEIDE/PROGRAM/STM32CubeIDE_2.1.1/STM32CubeIDE/plugins/com.st.stm32cube.ide.mcu.externaltools.gnu-tools-for-stm32.14.3.rel1.win32_1.0.100.202602081740/tools/bin/../lib/gcc/arm-none-eabi/14.3.1/thumb/v7-m/nofp/crti.o
                0x08001718                _fini
 .fini          0x0800171c        0x8 D:/STM32CUBEIDE/PROGRAM/STM32CubeIDE_2.1.1/STM32CubeIDE/plugins/com.st.stm32cube.ide.mcu.externaltools.gnu-tools-for-stm32.14.3.rel1.win32_1.0.100.202602081740/tools/bin/../lib/gcc/arm-none-eabi/14.3.1/thumb/v7-m/nofp/crtn.o
                0x08001724                        . = ALIGN (0x4)
                0x08001724                        _etext = .

.vfp11_veneer   0x08001724        0x0
 .vfp11_veneer  0x08001724        0x0 linker stubs

.v4_bx          0x08001724        0x0
 .v4_bx         0x08001724        0x0 linker stubs

.iplt           0x08001724        0x0
 .iplt          0x08001724        0x0 D:/STM32CUBEIDE/PROGRAM/STM32CubeIDE_2.1.1/STM32CubeIDE/plugins/com.st.stm32cube.ide.mcu.externaltools.gnu-tools-for-stm32.14.3.rel1.win32_1.0.100.202602081740/tools/bin/../lib/gcc/arm-none-eabi/14.3.1/thumb/v7-m/nofp/crtbegin.o

.rodata         0x08001724       0x10
                0x08001724                        . = ALIGN (0x4)
 *(.rodata)
 *(.rodata*)
 .rodata.AHBPrescTable
                0x08001724       0x10 ./Core/Src/system_stm32f2xx.o
                0x08001724                AHBPrescTable
                0x08001734                        . = ALIGN (0x4)

.ARM.extab      0x08001734        0x0
                0x08001734                        . = ALIGN (0x4)
 *(.ARM.extab* .gnu.linkonce.armextab.*)
                0x08001734                        . = ALIGN (0x4)

.ARM            0x08001734        0x8
                0x08001734                        . = ALIGN (0x4)
                0x08001734                        __exidx_start = .
 *(.ARM.exidx*)
 .ARM.exidx     0x08001734        0x8 D:/STM32CUBEIDE/PROGRAM/STM32CubeIDE_2.1.1/STM32CubeIDE/plugins/com.st.stm32cube.ide.mcu.externaltools.gnu-tools-for-stm32.14.3.rel1.win32_1.0.100.202602081740/tools/bin/../lib/gcc/arm-none-eabi/14.3.1/thumb/v7-m/nofp\libgcc.a(_udivmoddi4.o)
                0x0800173c                        __exidx_end = .
                0x0800173c                        . = ALIGN (0x4)

.preinit_array  0x0800173c        0x0
                0x0800173c                        . = ALIGN (0x4)
                0x0800173c                        PROVIDE (__preinit_array_start = .)
 *(.preinit_array*)
                0x0800173c                        PROVIDE (__preinit_array_end = .)
                0x0800173c                        . = ALIGN (0x4)

.init_array     0x0800173c        0x4
                0x0800173c                        . = ALIGN (0x4)
                0x0800173c                        PROVIDE (__init_array_start = .)
 *(SORT_BY_NAME(.init_array.*))
 *(.init_array*)
 .init_array    0x0800173c        0x4 D:/STM32CUBEIDE/PROGRAM/STM32CubeIDE_2.1.1/STM32CubeIDE/plugins/com.st.stm32cube.ide.mcu.externaltools.gnu-tools-for-stm32.14.3.rel1.win32_1.0.100.202602081740/tools/bin/../lib/gcc/arm-none-eabi/14.3.1/thumb/v7-m/nofp/crtbegin.o
                0x08001740                        PROVIDE (__init_array_end = .)
                0x08001740                        . = ALIGN (0x4)

.fini_array     0x08001740        0x4
                0x08001740                        . = ALIGN (0x4)
                [!provide]                        PROVIDE (__fini_array_start = .)
 *(SORT_BY_NAME(.fini_array.*))
 *(.fini_array*)
 .fini_array    0x08001740        0x4 D:/STM32CUBEIDE/PROGRAM/STM32CubeIDE_2.1.1/STM32CubeIDE/plugins/com.st.stm32cube.ide.mcu.externaltools.gnu-tools-for-stm32.14.3.rel1.win32_1.0.100.202602081740/tools/bin/../lib/gcc/arm-none-eabi/14.3.1/thumb/v7-m/nofp/crtbegin.o
                [!provide]                        PROVIDE (__fini_array_end = .)
                0x08001744                        . = ALIGN (0x4)
                0x08001744                        _sidata = LOADADDR (.data)

.rel.dyn        0x08001744        0x0
 .rel.iplt      0x08001744        0x0 D:/STM32CUBEIDE/PROGRAM/STM32CubeIDE_2.1.1/STM32CubeIDE/plugins/com.st.stm32cube.ide.mcu.externaltools.gnu-tools-for-stm32.14.3.rel1.win32_1.0.100.202602081740/tools/bin/../lib/gcc/arm-none-eabi/14.3.1/thumb/v7-m/nofp/crtbegin.o

.data           0x20000000        0xc load address 0x08001744
                0x20000000                        . = ALIGN (0x4)
                0x20000000                        _sdata = .
 *(.data)
 *(.data*)
 .data.SystemCoreClock
                0x20000000        0x4 ./Core/Src/system_stm32f2xx.o
                0x20000000                SystemCoreClock
 .data.uwTickPrio
                0x20000004        0x4 ./Drivers/STM32F2xx_HAL_Driver/Src/stm32f2xx_hal.o
                0x20000004                uwTickPrio
 .data.uwTickFreq
                0x20000008        0x1 ./Drivers/STM32F2xx_HAL_Driver/Src/stm32f2xx_hal.o
                0x20000008                uwTickFreq
 *(.RamFunc)
 *(.RamFunc*)
                0x2000000c                        . = ALIGN (0x4)
 *fill*         0x20000009        0x3 
                0x2000000c                        _edata = .

.igot.plt       0x2000000c        0x0 load address 0x08001750
 .igot.plt      0x2000000c        0x0 D:/STM32CUBEIDE/PROGRAM/STM32CubeIDE_2.1.1/STM32CubeIDE/plugins/com.st.stm32cube.ide.mcu.externaltools.gnu-tools-for-stm32.14.3.rel1.win32_1.0.100.202602081740/tools/bin/../lib/gcc/arm-none-eabi/14.3.1/thumb/v7-m/nofp/crtbegin.o
                0x2000000c                        . = ALIGN (0x4)

.bss            0x2000000c       0x20 load address 0x08001750
                0x2000000c                        _sbss = .
                0x2000000c                        __bss_start__ = _sbss
 *(.bss)
 .bss           0x2000000c       0x1c D:/STM32CUBEIDE/PROGRAM/STM32CubeIDE_2.1.1/STM32CubeIDE/plugins/com.st.stm32cube.ide.mcu.externaltools.gnu-tools-for-stm32.14.3.rel1.win32_1.0.100.202602081740/tools/bin/../lib/gcc/arm-none-eabi/14.3.1/thumb/v7-m/nofp/crtbegin.o
 *(.bss*)
 .bss.uwTick    0x20000028        0x4 ./Drivers/STM32F2xx_HAL_Driver/Src/stm32f2xx_hal.o
                0x20000028                uwTick
 *(COMMON)
                0x2000002c                        . = ALIGN (0x4)
                0x2000002c                        _ebss = .
                0x2000002c                        __bss_end__ = _ebss

._user_heap_stack
                0x2000002c      0x604 load address 0x08001750
                0x20000030                        . = ALIGN (0x8)
 *fill*         0x2000002c        0x4 
                [!provide]                        PROVIDE (end = .)
                0x20000030                        PROVIDE (_end = .)
                0x20000230                        . = (. + _Min_Heap_Size)
 *fill*         0x20000030      0x200 
                0x20000630                        . = (. + _Min_Stack_Size)
 *fill*         0x20000230      0x400 
                0x20000630                        . = ALIGN (0x8)

/DISCARD/
 libc.a(*)
 libm.a(*)
 libgcc.a(*)

.ARM.attributes
                0x00000000       0x29
 *(.ARM.attributes)
 .ARM.attributes
                0x00000000       0x1d D:/STM32CUBEIDE/PROGRAM/STM32CubeIDE_2.1.1/STM32CubeIDE/plugins/com.st.stm32cube.ide.mcu.externaltools.gnu-tools-for-stm32.14.3.rel1.win32_1.0.100.202602081740/tools/bin/../lib/gcc/arm-none-eabi/14.3.1/thumb/v7-m/nofp/crti.o
 .ARM.attributes
                0x0000001d       0x2d D:/STM32CUBEIDE/PROGRAM/STM32CubeIDE_2.1.1/STM32CubeIDE/plugins/com.st.stm32cube.ide.mcu.externaltools.gnu-tools-for-stm32.14.3.rel1.win32_1.0.100.202602081740/tools/bin/../lib/gcc/arm-none-eabi/14.3.1/thumb/v7-m/nofp/crtbegin.o
 .ARM.attributes
                0x0000004a       0x2d ./Core/Src/main.o
 .ARM.attributes
                0x00000077       0x2d ./Core/Src/stm32f2xx_hal_msp.o
 .ARM.attributes
                0x000000a4       0x2d ./Core/Src/stm32f2xx_it.o
 .ARM.attributes
                0x000000d1       0x2d ./Core/Src/system_stm32f2xx.o
 .ARM.attributes
                0x000000fe       0x21 ./Core/Startup/startup_stm32f207vctx.o
 .ARM.attributes
                0x0000011f       0x2d ./Drivers/STM32F2xx_HAL_Driver/Src/stm32f2xx_hal.o
 .ARM.attributes
                0x0000014c       0x2d ./Drivers/STM32F2xx_HAL_Driver/Src/stm32f2xx_hal_cortex.o
 .ARM.attributes
                0x00000179       0x2d ./Drivers/STM32F2xx_HAL_Driver/Src/stm32f2xx_hal_gpio.o
 .ARM.attributes
                0x000001a6       0x2d ./Drivers/STM32F2xx_HAL_Driver/Src/stm32f2xx_hal_rcc.o
 .ARM.attributes
                0x000001d3       0x2d D:/STM32CUBEIDE/PROGRAM/STM32CubeIDE_2.1.1/STM32CubeIDE/plugins/com.st.stm32cube.ide.mcu.externaltools.gnu-tools-for-stm32.14.3.rel1.win32_1.0.100.202602081740/tools/bin/../lib/gcc/arm-none-eabi/14.3.1/../../../../arm-none-eabi/lib/thumb/v7-m/nofp\libc_nano.a(libc_a-memset.o)
 .ARM.attributes
                0x00000200       0x2d D:/STM32CUBEIDE/PROGRAM/STM32CubeIDE_2.1.1/STM32CubeIDE/plugins/com.st.stm32cube.ide.mcu.externaltools.gnu-tools-for-stm32.14.3.rel1.win32_1.0.100.202602081740/tools/bin/../lib/gcc/arm-none-eabi/14.3.1/../../../../arm-none-eabi/lib/thumb/v7-m/nofp\libc_nano.a(libc_a-init.o)
 .ARM.attributes
                0x0000022d       0x1d D:/STM32CUBEIDE/PROGRAM/STM32CubeIDE_2.1.1/STM32CubeIDE/plugins/com.st.stm32cube.ide.mcu.externaltools.gnu-tools-for-stm32.14.3.rel1.win32_1.0.100.202602081740/tools/bin/../lib/gcc/arm-none-eabi/14.3.1/thumb/v7-m/nofp\libgcc.a(_aeabi_uldivmod.o)
 .ARM.attributes
                0x0000024a       0x2d D:/STM32CUBEIDE/PROGRAM/STM32CubeIDE_2.1.1/STM32CubeIDE/plugins/com.st.stm32cube.ide.mcu.externaltools.gnu-tools-for-stm32.14.3.rel1.win32_1.0.100.202602081740/tools/bin/../lib/gcc/arm-none-eabi/14.3.1/thumb/v7-m/nofp\libgcc.a(_udivmoddi4.o)
 .ARM.attributes
                0x00000277       0x1d D:/STM32CUBEIDE/PROGRAM/STM32CubeIDE_2.1.1/STM32CubeIDE/plugins/com.st.stm32cube.ide.mcu.externaltools.gnu-tools-for-stm32.14.3.rel1.win32_1.0.100.202602081740/tools/bin/../lib/gcc/arm-none-eabi/14.3.1/thumb/v7-m/nofp\libgcc.a(_dvmd_tls.o)
 .ARM.attributes
                0x00000294       0x1d D:/STM32CUBEIDE/PROGRAM/STM32CubeIDE_2.1.1/STM32CubeIDE/plugins/com.st.stm32cube.ide.mcu.externaltools.gnu-tools-for-stm32.14.3.rel1.win32_1.0.100.202602081740/tools/bin/../lib/gcc/arm-none-eabi/14.3.1/thumb/v7-m/nofp/crtn.o
OUTPUT(ngat_ngoai_exti.elf elf32-littlearm)
LOAD linker stubs
LOAD D:/STM32CUBEIDE/PROGRAM/STM32CubeIDE_2.1.1/STM32CubeIDE/plugins/com.st.stm32cube.ide.mcu.externaltools.gnu-tools-for-stm32.14.3.rel1.win32_1.0.100.202602081740/tools/bin/../lib/gcc/arm-none-eabi/14.3.1/../../../../arm-none-eabi/lib/thumb/v7-m/nofp\libc.a
LOAD D:/STM32CUBEIDE/PROGRAM/STM32CubeIDE_2.1.1/STM32CubeIDE/plugins/com.st.stm32cube.ide.mcu.externaltools.gnu-tools-for-stm32.14.3.rel1.win32_1.0.100.202602081740/tools/bin/../lib/gcc/arm-none-eabi/14.3.1/../../../../arm-none-eabi/lib/thumb/v7-m/nofp\libm.a
LOAD D:/STM32CUBEIDE/PROGRAM/STM32CubeIDE_2.1.1/STM32CubeIDE/plugins/com.st.stm32cube.ide.mcu.externaltools.gnu-tools-for-stm32.14.3.rel1.win32_1.0.100.202602081740/tools/bin/../lib/gcc/arm-none-eabi/14.3.1/thumb/v7-m/nofp\libgcc.a

.debug_info     0x00000000     0x37a3
 .debug_info    0x00000000      0x89c ./Core/Src/main.o
 .debug_info    0x0000089c      0x269 ./Core/Src/stm32f2xx_hal_msp.o
 .debug_info    0x00000b05      0x14a ./Core/Src/stm32f2xx_it.o
 .debug_info    0x00000c4f      0x31f ./Core/Src/system_stm32f2xx.o
 .debug_info    0x00000f6e       0x30 ./Core/Startup/startup_stm32f207vctx.o
 .debug_info    0x00000f9e      0x9c3 ./Drivers/STM32F2xx_HAL_Driver/Src/stm32f2xx_hal.o
 .debug_info    0x00001961      0xd7b ./Drivers/STM32F2xx_HAL_Driver/Src/stm32f2xx_hal_cortex.o
 .debug_info    0x000026dc      0x68e ./Drivers/STM32F2xx_HAL_Driver/Src/stm32f2xx_hal_gpio.o
 .debug_info    0x00002d6a      0xa39 ./Drivers/STM32F2xx_HAL_Driver/Src/stm32f2xx_hal_rcc.o

.debug_abbrev   0x00000000      0xf23
 .debug_abbrev  0x00000000      0x228 ./Core/Src/main.o
 .debug_abbrev  0x00000228       0xd8 ./Core/Src/stm32f2xx_hal_msp.o
 .debug_abbrev  0x00000300       0xa0 ./Core/Src/stm32f2xx_it.o
 .debug_abbrev  0x000003a0      0x11c ./Core/Src/system_stm32f2xx.o
 .debug_abbrev  0x000004bc       0x24 ./Core/Startup/startup_stm32f207vctx.o
 .debug_abbrev  0x000004e0      0x286 ./Drivers/STM32F2xx_HAL_Driver/Src/stm32f2xx_hal.o
 .debug_abbrev  0x00000766      0x31c ./Drivers/STM32F2xx_HAL_Driver/Src/stm32f2xx_hal_cortex.o
 .debug_abbrev  0x00000a82      0x1cb ./Drivers/STM32F2xx_HAL_Driver/Src/stm32f2xx_hal_gpio.o
 .debug_abbrev  0x00000c4d      0x2d6 ./Drivers/STM32F2xx_HAL_Driver/Src/stm32f2xx_hal_rcc.o

.debug_aranges  0x00000000      0x408
 .debug_aranges
                0x00000000       0x38 ./Core/Src/main.o
 .debug_aranges
                0x00000038       0x20 ./Core/Src/stm32f2xx_hal_msp.o
 .debug_aranges
                0x00000058       0x68 ./Core/Src/stm32f2xx_it.o
 .debug_aranges
                0x000000c0       0x28 ./Core/Src/system_stm32f2xx.o
 .debug_aranges
                0x000000e8       0x28 ./Core/Startup/startup_stm32f207vctx.o
 .debug_aranges
                0x00000110       0xf0 ./Drivers/STM32F2xx_HAL_Driver/Src/stm32f2xx_hal.o
 .debug_aranges
                0x00000200      0x128 ./Drivers/STM32F2xx_HAL_Driver/Src/stm32f2xx_hal_cortex.o
 .debug_aranges
                0x00000328       0x58 ./Drivers/STM32F2xx_HAL_Driver/Src/stm32f2xx_hal_gpio.o
 .debug_aranges
                0x00000380       0x88 ./Drivers/STM32F2xx_HAL_Driver/Src/stm32f2xx_hal_rcc.o

.debug_rnglists
                0x00000000      0x2e3
 .debug_rnglists
                0x00000000       0x26 ./Core/Src/main.o
 .debug_rnglists
                0x00000026       0x13 ./Core/Src/stm32f2xx_hal_msp.o
 .debug_rnglists
                0x00000039       0x49 ./Core/Src/stm32f2xx_it.o
 .debug_rnglists
                0x00000082       0x1a ./Core/Src/system_stm32f2xx.o
 .debug_rnglists
                0x0000009c       0x19 ./Core/Startup/startup_stm32f207vctx.o
 .debug_rnglists
                0x000000b5       0xaf ./Drivers/STM32F2xx_HAL_Driver/Src/stm32f2xx_hal.o
 .debug_rnglists
                0x00000164       0xd9 ./Drivers/STM32F2xx_HAL_Driver/Src/stm32f2xx_hal_cortex.o
 .debug_rnglists
                0x0000023d       0x3f ./Drivers/STM32F2xx_HAL_Driver/Src/stm32f2xx_hal_gpio.o
 .debug_rnglists
                0x0000027c       0x67 ./Drivers/STM32F2xx_HAL_Driver/Src/stm32f2xx_hal_rcc.o

.debug_macro    0x00000000    0x1daf5
 .debug_macro   0x00000000      0x1b8 ./Core/Src/main.o
 .debug_macro   0x000001b8      0xacc ./Core/Src/main.o
 .debug_macro   0x00000c84      0x232 ./Core/Src/main.o
 .debug_macro   0x00000eb6       0x2e ./Core/Src/main.o
 .debug_macro   0x00000ee4       0x22 ./Core/Src/main.o
 .debug_macro   0x00000f06       0x22 ./Core/Src/main.o
 .debug_macro   0x00000f28       0x8e ./Core/Src/main.o
 .debug_macro   0x00000fb6       0x51 ./Core/Src/main.o
 .debug_macro   0x00001007      0x103 ./Core/Src/main.o
 .debug_macro   0x0000110a       0x6a ./Core/Src/main.o
 .debug_macro   0x00001174      0x1df ./Core/Src/main.o
 .debug_macro   0x00001353       0x1c ./Core/Src/main.o
 .debug_macro   0x0000136f       0x22 ./Core/Src/main.o
 .debug_macro   0x00001391       0xbd ./Core/Src/main.o
 .debug_macro   0x0000144e      0xe49 ./Core/Src/main.o
 .debug_macro   0x00002297      0x11f ./Core/Src/main.o
 .debug_macro   0x000023b6    0x14fe1 ./Core/Src/main.o
 .debug_macro   0x00017397       0x6d ./Core/Src/main.o
 .debug_macro   0x00017404     0x35b3 ./Core/Src/main.o
 .debug_macro   0x0001a9b7      0x190 ./Core/Src/main.o
 .debug_macro   0x0001ab47       0x55 ./Core/Src/main.o
 .debug_macro   0x0001ab9c     0x1056 ./Core/Src/main.o
 .debug_macro   0x0001bbf2      0x153 ./Core/Src/main.o
 .debug_macro   0x0001bd45      0x170 ./Core/Src/main.o
 .debug_macro   0x0001beb5      0x115 ./Core/Src/main.o
 .debug_macro   0x0001bfca      0x108 ./Core/Src/main.o
 .debug_macro   0x0001c0d2       0xa5 ./Core/Src/main.o
 .debug_macro   0x0001c177      0x16a ./Core/Src/main.o
 .debug_macro   0x0001c2e1      0x287 ./Core/Src/main.o
 .debug_macro   0x0001c568       0x5f ./Core/Src/main.o
 .debug_macro   0x0001c5c7      0x236 ./Core/Src/main.o
 .debug_macro   0x0001c7fd      0x126 ./Core/Src/main.o
 .debug_macro   0x0001c923      0x216 ./Core/Src/main.o
 .debug_macro   0x0001cb39       0x2e ./Core/Src/main.o
 .debug_macro   0x0001cb67      0x113 ./Core/Src/main.o
 .debug_macro   0x0001cc7a       0x22 ./Core/Src/main.o
 .debug_macro   0x0001cc9c       0x82 ./Core/Src/main.o
 .debug_macro   0x0001cd1e      0x12d ./Core/Src/main.o
 .debug_macro   0x0001ce4b       0x64 ./Core/Src/main.o
 .debug_macro   0x0001ceaf      0x1b8 ./Core/Src/stm32f2xx_hal_msp.o
 .debug_macro   0x0001d067      0x1c2 ./Core/Src/stm32f2xx_it.o
 .debug_macro   0x0001d229      0x1a9 ./Core/Src/system_stm32f2xx.o
 .debug_macro   0x0001d3d2      0x1f7 ./Drivers/STM32F2xx_HAL_Driver/Src/stm32f2xx_hal.o
 .debug_macro   0x0001d5c9      0x1a9 ./Drivers/STM32F2xx_HAL_Driver/Src/stm32f2xx_hal_cortex.o
 .debug_macro   0x0001d772      0x1b0 ./Drivers/STM32F2xx_HAL_Driver/Src/stm32f2xx_hal_gpio.o
 .debug_macro   0x0001d922      0x1d3 ./Drivers/STM32F2xx_HAL_Driver/Src/stm32f2xx_hal_rcc.o

.debug_line     0x00000000     0x54e3
 .debug_line    0x00000000      0x856 ./Core/Src/main.o
 .debug_line    0x00000856      0x784 ./Core/Src/stm32f2xx_hal_msp.o
 .debug_line    0x00000fda      0x84b ./Core/Src/stm32f2xx_it.o
 .debug_line    0x00001825      0x801 ./Core/Src/system_stm32f2xx.o
 .debug_line    0x00002026       0x7a ./Core/Startup/startup_stm32f207vctx.o
 .debug_line    0x000020a0      0xacb ./Drivers/STM32F2xx_HAL_Driver/Src/stm32f2xx_hal.o
 .debug_line    0x00002b6b      0xd2b ./Drivers/STM32F2xx_HAL_Driver/Src/stm32f2xx_hal_cortex.o
 .debug_line    0x00003896      0xbd9 ./Drivers/STM32F2xx_HAL_Driver/Src/stm32f2xx_hal_gpio.o
 .debug_line    0x0000446f     0x1074 ./Drivers/STM32F2xx_HAL_Driver/Src/stm32f2xx_hal_rcc.o

.debug_str      0x00000000    0xb40a3
 .debug_str     0x00000000    0xb40a3 ./Core/Src/main.o
                              0xb34a2 (size before relaxing)
 .debug_str     0x000b40a3    0xb2ceb ./Core/Src/stm32f2xx_hal_msp.o
 .debug_str     0x000b40a3    0xb2cb1 ./Core/Src/stm32f2xx_it.o
 .debug_str     0x000b40a3    0xb2bf8 ./Core/Src/system_stm32f2xx.o
 .debug_str     0x000b40a3       0x6e ./Core/Startup/startup_stm32f207vctx.o
 .debug_str     0x000b40a3    0xb3744 ./Drivers/STM32F2xx_HAL_Driver/Src/stm32f2xx_hal.o
 .debug_str     0x000b40a3    0xb353b ./Drivers/STM32F2xx_HAL_Driver/Src/stm32f2xx_hal_cortex.o
 .debug_str     0x000b40a3    0xb2db6 ./Drivers/STM32F2xx_HAL_Driver/Src/stm32f2xx_hal_gpio.o
 .debug_str     0x000b40a3    0xb30aa ./Drivers/STM32F2xx_HAL_Driver/Src/stm32f2xx_hal_rcc.o

.comment        0x00000000       0x43
 .comment       0x00000000       0x43 ./Core/Src/main.o
                                 0x44 (size before relaxing)
 .comment       0x00000043       0x44 ./Core/Src/stm32f2xx_hal_msp.o
 .comment       0x00000043       0x44 ./Core/Src/stm32f2xx_it.o
 .comment       0x00000043       0x44 ./Core/Src/system_stm32f2xx.o
 .comment       0x00000043       0x44 ./Drivers/STM32F2xx_HAL_Driver/Src/stm32f2xx_hal.o
 .comment       0x00000043       0x44 ./Drivers/STM32F2xx_HAL_Driver/Src/stm32f2xx_hal_cortex.o
 .comment       0x00000043       0x44 ./Drivers/STM32F2xx_HAL_Driver/Src/stm32f2xx_hal_gpio.o
 .comment       0x00000043       0x44 ./Drivers/STM32F2xx_HAL_Driver/Src/stm32f2xx_hal_rcc.o

.debug_frame    0x00000000      0xdbc
 .debug_frame   0x00000000       0x90 ./Core/Src/main.o
 .debug_frame   0x00000090       0x34 ./Core/Src/stm32f2xx_hal_msp.o
 .debug_frame   0x000000c4      0x114 ./Core/Src/stm32f2xx_it.o
 .debug_frame   0x000001d8       0x50 ./Core/Src/system_stm32f2xx.o
 .debug_frame   0x00000228      0x32c ./Drivers/STM32F2xx_HAL_Driver/Src/stm32f2xx_hal.o
 .debug_frame   0x00000554      0x49c ./Drivers/STM32F2xx_HAL_Driver/Src/stm32f2xx_hal_cortex.o
 .debug_frame   0x000009f0      0x130 ./Drivers/STM32F2xx_HAL_Driver/Src/stm32f2xx_hal_gpio.o
 .debug_frame   0x00000b20      0x1f0 ./Drivers/STM32F2xx_HAL_Driver/Src/stm32f2xx_hal_rcc.o
 .debug_frame   0x00000d10       0x20 D:/STM32CUBEIDE/PROGRAM/STM32CubeIDE_2.1.1/STM32CubeIDE/plugins/com.st.stm32cube.ide.mcu.externaltools.gnu-tools-for-stm32.14.3.rel1.win32_1.0.100.202602081740/tools/bin/../lib/gcc/arm-none-eabi/14.3.1/../../../../arm-none-eabi/lib/thumb/v7-m/nofp\libc_nano.a(libc_a-memset.o)
 .debug_frame   0x00000d30       0x2c D:/STM32CUBEIDE/PROGRAM/STM32CubeIDE_2.1.1/STM32CubeIDE/plugins/com.st.stm32cube.ide.mcu.externaltools.gnu-tools-for-stm32.14.3.rel1.win32_1.0.100.202602081740/tools/bin/../lib/gcc/arm-none-eabi/14.3.1/../../../../arm-none-eabi/lib/thumb/v7-m/nofp\libc_nano.a(libc_a-init.o)
 .debug_frame   0x00000d5c       0x2c D:/STM32CUBEIDE/PROGRAM/STM32CubeIDE_2.1.1/STM32CubeIDE/plugins/com.st.stm32cube.ide.mcu.externaltools.gnu-tools-for-stm32.14.3.rel1.win32_1.0.100.202602081740/tools/bin/../lib/gcc/arm-none-eabi/14.3.1/thumb/v7-m/nofp\libgcc.a(_aeabi_uldivmod.o)
 .debug_frame   0x00000d88       0x34 D:/STM32CUBEIDE/PROGRAM/STM32CubeIDE_2.1.1/STM32CubeIDE/plugins/com.st.stm32cube.ide.mcu.externaltools.gnu-tools-for-stm32.14.3.rel1.win32_1.0.100.202602081740/tools/bin/../lib/gcc/arm-none-eabi/14.3.1/thumb/v7-m/nofp\libgcc.a(_udivmoddi4.o)

.debug_line_str
                0x00000000       0x52
 .debug_line_str
                0x00000000       0x52 ./Core/Startup/startup_stm32f207vctx.o
