../Core/Src/ds3231.c:22:16:ds3231_read_registers	32	static
../Core/Src/ds3231.c:65:16:ds3231_write_registers	24	static
../Core/Src/ds3231.c:103:16:ds3231_bcd_to_decimal	16	static
../Core/Src/ds3231.c:108:16:ds3231_decimal_to_bcd	16	static
../Core/Src/ds3231.c:114:6:ds3231_init	8	static
../Core/Src/ds3231.c:119:9:ds3231_is_connected	16	static
../Core/Src/ds3231.c:130:9:ds3231_read_time	32	static
../Core/Src/ds3231.c:199:9:ds3231_write_time	24	static
../Core/Src/ds3231.c:228:9:ds3231_read_temperature	24	static
