../Core/Src/ui.c:56:6:ui_init	4	static
../Core/Src/ui.c:62:6:ui_set_temperature	16	static
../Core/Src/ui.c:69:6:ui_update	8	static
../Core/Src/ui.c:116:13:ui_show_time	40	static
../Core/Src/ui.c:133:13:ui_show_normal	40	static
../Core/Src/ui.c:201:13:ui_show_set_hour	8	static
../Core/Src/ui.c:213:13:ui_show_set_minute	8	static
../Core/Src/ui.c:225:13:ui_show_set_second	8	static
../Core/Src/ui.c:237:13:ui_show_status	16	static
../Core/Src/ui.c:248:13:ui_show_alarm	40	static
../Core/Src/ui.c:265:13:ui_show_set_alarm_hour	8	static
../Core/Src/ui.c:277:13:ui_show_set_alarm_minute	8	static
../Core/Src/ui.c:289:13:ui_show_set_alarm_enable	8	static
