../Core/Src/app_clock.c:42:6:app_clock_init	8	static
../Core/Src/app_clock.c:57:6:app_clock_process	8	static
../Core/Src/app_clock.c:117:13:app_process_normal	8	static
../Core/Src/app_clock.c:125:13:app_process_set_hour	16	static
../Core/Src/app_clock.c:142:13:app_process_set_minute	16	static
../Core/Src/app_clock.c:159:13:app_process_set_second	16	static
../Core/Src/app_clock.c:176:13:app_process_set_alarm_hour	16	static
../Core/Src/app_clock.c:193:13:app_process_set_alarm_minute	16	static
../Core/Src/app_clock.c:210:13:app_process_set_alarm_enable	16	static
../Core/Src/app_clock.c:227:13:alarm_input_update	16	static
