../Core/Src/ui.c:50:6:ui_init	4	static
../Core/Src/ui.c:55:6:ui_update	8	static
../Core/Src/ui.c:101:13:ui_show_time	32	static
../Core/Src/ui.c:117:13:ui_show_normal	8	static
../Core/Src/ui.c:128:13:ui_show_set_hour	8	static
../Core/Src/ui.c:140:13:ui_show_set_minute	8	static
../Core/Src/ui.c:152:13:ui_show_set_second	8	static
../Core/Src/ui.c:164:13:ui_show_status	16	static
../Core/Src/ui.c:175:13:ui_show_alarm	40	static
../Core/Src/ui.c:189:13:ui_show_set_alarm_hour	8	static
../Core/Src/ui.c:201:13:ui_show_set_alarm_minute	8	static
../Core/Src/ui.c:213:13:ui_show_set_alarm_enable	8	static
