Archive member included to satisfy reference by file (symbol)

D:/STM32CUBEIDE/PROGRAM/STM32CubeIDE_2.1.1/STM32CubeIDE/plugins/com.st.stm32cube.ide.mcu.externaltools.gnu-tools-for-stm32.14.3.rel1.win32_1.0.100.202602081740/tools/bin/../lib/gcc/arm-none-eabi/14.3.1/../../../../arm-none-eabi/lib/thumb/v7-m/nofp\libc_nano.a(libc_a-exit.o)
                              D:/STM32CUBEIDE/PROGRAM/STM32CubeIDE_2.1.1/STM32CubeIDE/plugins/com.st.stm32cube.ide.mcu.externaltools.gnu-tools-for-stm32.14.3.rel1.win32_1.0.100.202602081740/tools/bin/../lib/gcc/arm-none-eabi/14.3.1/../../../../arm-none-eabi/lib/thumb/v7-m/nofp/crt0.o (exit)
D:/STM32CUBEIDE/PROGRAM/STM32CubeIDE_2.1.1/STM32CubeIDE/plugins/com.st.stm32cube.ide.mcu.externaltools.gnu-tools-for-stm32.14.3.rel1.win32_1.0.100.202602081740/tools/bin/../lib/gcc/arm-none-eabi/14.3.1/../../../../arm-none-eabi/lib/thumb/v7-m/nofp\libc_nano.a(libc_a-findfp.o)
                              D:/STM32CUBEIDE/PROGRAM/STM32CubeIDE_2.1.1/STM32CubeIDE/plugins/com.st.stm32cube.ide.mcu.externaltools.gnu-tools-for-stm32.14.3.rel1.win32_1.0.100.202602081740/tools/bin/../lib/gcc/arm-none-eabi/14.3.1/../../../../arm-none-eabi/lib/thumb/v7-m/nofp\libc_nano.a(libc_a-exit.o) (__stdio_exit_handler)
D:/STM32CUBEIDE/PROGRAM/STM32CubeIDE_2.1.1/STM32CubeIDE/plugins/com.st.stm32cube.ide.mcu.externaltools.gnu-tools-for-stm32.14.3.rel1.win32_1.0.100.202602081740/tools/bin/../lib/gcc/arm-none-eabi/14.3.1/../../../../arm-none-eabi/lib/thumb/v7-m/nofp\libc_nano.a(libc_a-fwalk.o)
                              D:/STM32CUBEIDE/PROGRAM/STM32CubeIDE_2.1.1/STM32CubeIDE/plugins/com.st.stm32cube.ide.mcu.externaltools.gnu-tools-for-stm32.14.3.rel1.win32_1.0.100.202602081740/tools/bin/../lib/gcc/arm-none-eabi/14.3.1/../../../../arm-none-eabi/lib/thumb/v7-m/nofp\libc_nano.a(libc_a-findfp.o) (_fwalk_sglue)
D:/STM32CUBEIDE/PROGRAM/STM32CubeIDE_2.1.1/STM32CubeIDE/plugins/com.st.stm32cube.ide.mcu.externaltools.gnu-tools-for-stm32.14.3.rel1.win32_1.0.100.202602081740/tools/bin/../lib/gcc/arm-none-eabi/14.3.1/../../../../arm-none-eabi/lib/thumb/v7-m/nofp\libc_nano.a(libc_a-sprintf.o)
                              ./Core/Src/ui.o (sprintf)
D:/STM32CUBEIDE/PROGRAM/STM32CubeIDE_2.1.1/STM32CubeIDE/plugins/com.st.stm32cube.ide.mcu.externaltools.gnu-tools-for-stm32.14.3.rel1.win32_1.0.100.202602081740/tools/bin/../lib/gcc/arm-none-eabi/14.3.1/../../../../arm-none-eabi/lib/thumb/v7-m/nofp\libc_nano.a(libc_a-stdio.o)
                              D:/STM32CUBEIDE/PROGRAM/STM32CubeIDE_2.1.1/STM32CubeIDE/plugins/com.st.stm32cube.ide.mcu.externaltools.gnu-tools-for-stm32.14.3.rel1.win32_1.0.100.202602081740/tools/bin/../lib/gcc/arm-none-eabi/14.3.1/../../../../arm-none-eabi/lib/thumb/v7-m/nofp\libc_nano.a(libc_a-findfp.o) (__sread)
D:/STM32CUBEIDE/PROGRAM/STM32CubeIDE_2.1.1/STM32CubeIDE/plugins/com.st.stm32cube.ide.mcu.externaltools.gnu-tools-for-stm32.14.3.rel1.win32_1.0.100.202602081740/tools/bin/../lib/gcc/arm-none-eabi/14.3.1/../../../../arm-none-eabi/lib/thumb/v7-m/nofp\libc_nano.a(libc_a-memset.o)
                              D:/STM32CUBEIDE/PROGRAM/STM32CubeIDE_2.1.1/STM32CubeIDE/plugins/com.st.stm32cube.ide.mcu.externaltools.gnu-tools-for-stm32.14.3.rel1.win32_1.0.100.202602081740/tools/bin/../lib/gcc/arm-none-eabi/14.3.1/../../../../arm-none-eabi/lib/thumb/v7-m/nofp/crt0.o (memset)
D:/STM32CUBEIDE/PROGRAM/STM32CubeIDE_2.1.1/STM32CubeIDE/plugins/com.st.stm32cube.ide.mcu.externaltools.gnu-tools-for-stm32.14.3.rel1.win32_1.0.100.202602081740/tools/bin/../lib/gcc/arm-none-eabi/14.3.1/../../../../arm-none-eabi/lib/thumb/v7-m/nofp\libc_nano.a(libc_a-closer.o)
                              D:/STM32CUBEIDE/PROGRAM/STM32CubeIDE_2.1.1/STM32CubeIDE/plugins/com.st.stm32cube.ide.mcu.externaltools.gnu-tools-for-stm32.14.3.rel1.win32_1.0.100.202602081740/tools/bin/../lib/gcc/arm-none-eabi/14.3.1/../../../../arm-none-eabi/lib/thumb/v7-m/nofp\libc_nano.a(libc_a-stdio.o) (_close_r)
D:/STM32CUBEIDE/PROGRAM/STM32CubeIDE_2.1.1/STM32CubeIDE/plugins/com.st.stm32cube.ide.mcu.externaltools.gnu-tools-for-stm32.14.3.rel1.win32_1.0.100.202602081740/tools/bin/../lib/gcc/arm-none-eabi/14.3.1/../../../../arm-none-eabi/lib/thumb/v7-m/nofp\libc_nano.a(libc_a-reent.o)
                              D:/STM32CUBEIDE/PROGRAM/STM32CubeIDE_2.1.1/STM32CubeIDE/plugins/com.st.stm32cube.ide.mcu.externaltools.gnu-tools-for-stm32.14.3.rel1.win32_1.0.100.202602081740/tools/bin/../lib/gcc/arm-none-eabi/14.3.1/../../../../arm-none-eabi/lib/thumb/v7-m/nofp\libc_nano.a(libc_a-closer.o) (errno)
D:/STM32CUBEIDE/PROGRAM/STM32CubeIDE_2.1.1/STM32CubeIDE/plugins/com.st.stm32cube.ide.mcu.externaltools.gnu-tools-for-stm32.14.3.rel1.win32_1.0.100.202602081740/tools/bin/../lib/gcc/arm-none-eabi/14.3.1/../../../../arm-none-eabi/lib/thumb/v7-m/nofp\libc_nano.a(libc_a-impure.o)
[...]
Memory Configuration

Name             Origin             Length             Attributes
RAM              0x20000000         0x00020000         xrw
FLASH            0x08000000         0x00100000         xr
*default*        0x00000000         0xffffffff

Linker script and memory map

LOAD D:/STM32CUBEIDE/PROGRAM/STM32CubeIDE_2.1.1/STM32CubeIDE/plugins/com.st.stm32cube.ide.mcu.externaltools.gnu-tools-for-stm32.14.3.rel1.win32_1.0.100.202602081740/tools/bin/../lib/gcc/arm-none-eabi/14.3.1/thumb/v7-m/nofp/crti.o
LOAD D:/STM32CUBEIDE/PROGRAM/STM32CubeIDE_2.1.1/STM32CubeIDE/plugins/com.st.stm32cube.ide.mcu.externaltools.gnu-tools-for-stm32.14.3.rel1.win32_1.0.100.202602081740/tools/bin/../lib/gcc/arm-none-eabi/14.3.1/thumb/v7-m/nofp/crtbegin.o
LOAD D:/STM32CUBEIDE/PROGRAM/STM32CubeIDE_2.1.1/STM32CubeIDE/plugins/com.st.stm32cube.ide.mcu.externaltools.gnu-tools-for-stm32.14.3.rel1.win32_1.0.100.202602081740/tools/bin/../lib/gcc/arm-none-eabi/14.3.1/../../../../arm-none-eabi/lib/thumb/v7-m/nofp/crt0.o
LOAD ./Core/Src/app_clock.o
LOAD ./Core/Src/button.o
LOAD ./Core/Src/button_event.o
LOAD ./Core/Src/clock.o
LOAD ./Core/Src/lcd.o
LOAD ./Core/Src/led.o
LOAD ./Core/Src/main.o
LOAD ./Core/Src/menu.o
LOAD ./Core/Src/stm32f2xx_hal_msp.o
LOAD ./Core/Src/stm32f2xx_it.o
LOAD ./Core/Src/syscalls.o
LOAD ./Core/Src/sysmem.o
LOAD ./Core/Src/system_stm32f2xx.o
LOAD ./Core/Src/timer.o
LOAD ./Core/Src/ui.o
LOAD ./Core/Startup/startup_stm32f207vgtx.o
LOAD ./Drivers/STM32F2xx_HAL_Driver/Src/stm32f2xx_hal.o
LOAD ./Drivers/STM32F2xx_HAL_Driver/Src/stm32f2xx_hal_cortex.o
LOAD ./Drivers/STM32F2xx_HAL_Driver/Src/stm32f2xx_hal_dma.o
LOAD ./Drivers/STM32F2xx_HAL_Driver/Src/stm32f2xx_hal_dma_ex.o
LOAD ./Drivers/STM32F2xx_HAL_Driver/Src/stm32f2xx_hal_exti.o
LOAD ./Drivers/STM32F2xx_HAL_Driver/Src/stm32f2xx_hal_flash.o
LOAD ./Drivers/STM32F2xx_HAL_Driver/Src/stm32f2xx_hal_flash_ex.o
LOAD ./Drivers/STM32F2xx_HAL_Driver/Src/stm32f2xx_hal_gpio.o
LOAD ./Drivers/STM32F2xx_HAL_Driver/Src/stm32f2xx_hal_pwr.o
LOAD ./Drivers/STM32F2xx_HAL_Driver/Src/stm32f2xx_hal_pwr_ex.o
LOAD ./Drivers/STM32F2xx_HAL_Driver/Src/stm32f2xx_hal_rcc.o
LOAD ./Drivers/STM32F2xx_HAL_Driver/Src/stm32f2xx_hal_rcc_ex.o
LOAD ./Drivers/STM32F2xx_HAL_Driver/Src/stm32f2xx_hal_tim.o
LOAD ./Drivers/STM32F2xx_HAL_Driver/Src/stm32f2xx_hal_tim_ex.o
START GROUP
LOAD D:/STM32CUBEIDE/PROGRAM/STM32CubeIDE_2.1.1/STM32CubeIDE/plugins/com.st.stm32cube.ide.mcu.externaltools.gnu-tools-for-stm32.14.3.rel1.win32_1.0.100.202602081740/tools/bin/../lib/gcc/arm-none-eabi/14.3.1/../../../../arm-none-eabi/lib/thumb/v7-m/nofp\libc_nano.a
LOAD D:/STM32CUBEIDE/PROGRAM/STM32CubeIDE_2.1.1/STM32CubeIDE/plugins/com.st.stm32cube.ide.mcu.externaltools.gnu-tools-for-stm32.14.3.rel1.win32_1.0.100.202602081740/tools/bin/../lib/gcc/arm-none-eabi/14.3.1/../../../../arm-none-eabi/lib/thumb/v7-m/nofp\libm.a
END GROUP
START GROUP
LOAD D:/STM32CUBEIDE/PROGRAM/STM32CubeIDE_2.1.1/STM32CubeIDE/plugins/com.st.stm32cube.ide.mcu.externaltools.gnu-tools-for-stm32.14.3.rel1.win32_1.0.100.202602081740/tools/bin/../lib/gcc/arm-none-eabi/14.3.1/thumb/v7-m/nofp\libgcc.a
LOAD D:/STM32CUBEIDE/PROGRAM/STM32CubeIDE_2.1.1/STM32CubeIDE/plugins/com.st.stm32cube.ide.mcu.externaltools.gnu-tools-for-stm32.14.3.rel1.win32_1.0.100.202602081740/tools/bin/../lib/gcc/arm-none-eabi/14.3.1/../../../../arm-none-eabi/lib/thumb/v7-m/nofp\libc_nano.a
END GROUP
START GROUP
LOAD D:/STM32CUBEIDE/PROGRAM/STM32CubeIDE_2.1.1/STM32CubeIDE/plugins/com.st.stm32cube.ide.mcu.externaltools.gnu-tools-for-stm32.14.3.rel1.win32_1.0.100.202602081740/tools/bin/../lib/gcc/arm-none-eabi/14.3.1/thumb/v7-m/nofp\libgcc.a
LOAD D:/STM32CUBEIDE/PROGRAM/STM32CubeIDE_2.1.1/STM32CubeIDE/plugins/com.st.stm32cube.ide.mcu.externaltools.gnu-tools-for-stm32.14.3.rel1.win32_1.0.100.202602081740/tools/bin/../lib/gcc/arm-none-eabi/14.3.1/../../../../arm-none-eabi/lib/thumb/v7-m/nofp\libc_nano.a
LOAD D:/STM32CUBEIDE/PROGRAM/STM32CubeIDE_2.1.1/STM32CubeIDE/plugins/com.st.stm32cube.ide.mcu.externaltools.gnu-tools-for-stm32.14.3.rel1.win32_1.0.100.202602081740/tools/bin/../lib/gcc/arm-none-eabi/14.3.1/../../../../arm-none-eabi/lib/thumb/v7-m/nofp\libnosys.a
END GROUP
START GROUP
LOAD D:/STM32CUBEIDE/PROGRAM/STM32CubeIDE_2.1.1/STM32CubeIDE/plugins/com.st.stm32cube.ide.mcu.externaltools.gnu-tools-for-stm32.14.3.rel1.win32_1.0.100.202602081740/tools/bin/../lib/gcc/arm-none-eabi/14.3.1/thumb/v7-m/nofp\libgcc.a
LOAD D:/STM32CUBEIDE/PROGRAM/STM32CubeIDE_2.1.1/STM32CubeIDE/plugins/com.st.stm32cube.ide.mcu.externaltools.gnu-tools-for-stm32.14.3.rel1.win32_1.0.100.202602081740/tools/bin/../lib/gcc/arm-none-eabi/14.3.1/../../../../arm-none-eabi/lib/thumb/v7-m/nofp\libc_nano.a
LOAD D:/STM32CUBEIDE/PROGRAM/STM32CubeIDE_2.1.1/STM32CubeIDE/plugins/com.st.stm32cube.ide.mcu.externaltools.gnu-tools-for-stm32.14.3.rel1.win32_1.0.100.202602081740/tools/bin/../lib/gcc/arm-none-eabi/14.3.1/../../../../arm-none-eabi/lib/thumb/v7-m/nofp\libnosys.a
END GROUP
LOAD D:/STM32CUBEIDE/PROGRAM/STM32CubeIDE_2.1.1/STM32CubeIDE/plugins/com.st.stm32cube.ide.mcu.externaltools.gnu-tools-for-stm32.14.3.rel1.win32_1.0.100.202602081740/tools/bin/../lib/gcc/arm-none-eabi/14.3.1/thumb/v7-m/nofp/crtend.o
LOAD D:/STM32CUBEIDE/PROGRAM/STM32CubeIDE_2.1.1/STM32CubeIDE/plugins/com.st.stm32cube.ide.mcu.externaltools.gnu-tools-for-stm32.14.3.rel1.win32_1.0.100.202602081740/tools/bin/../lib/gcc/arm-none-eabi/14.3.1/thumb/v7-m/nofp/crtn.o
                0x20020000                        _estack = (ORIGIN (RAM) + LENGTH (RAM))
                0x00000200                        _Min_Heap_Size = 0x200
                0x00000400                        _Min_Stack_Size = 0x400

.isr_vector     0x08000000      0x184
                0x08000000                        . = ALIGN (0x4)
 *(.isr_vector)
 .isr_vector    0x08000000      0x184 ./Core/Startup/startup_stm32f207vgtx.o
                0x08000000                g_pfnVectors
                0x08000184                        . = ALIGN (0x4)

.text           0x08000184     0x3370
                0x08000184                        . = ALIGN (0x4)
 *(.text)
 .text          0x08000184       0x40 D:/STM32CUBEIDE/PROGRAM/STM32CubeIDE_2.1.1/STM32CubeIDE/plugins/com.st.stm32cube.ide.mcu.externaltools.gnu-tools-for-stm32.14.3.rel1.win32_1.0.100.202602081740/tools/bin/../lib/gcc/arm-none-eabi/14.3.1/thumb/v7-m/nofp/crtbegin.o
 .text          0x080001c4       0x30 D:/STM32CUBEIDE/PROGRAM/STM32CubeIDE_2.1.1/STM32CubeIDE/plugins/com.st.stm32cube.ide.mcu.externaltools.gnu-tools-for-stm32.14.3.rel1.win32_1.0.100.202602081740/tools/bin/../lib/gcc/arm-none-eabi/14.3.1/thumb/v7-m/nofp\libgcc.a(_aeabi_uldivmod.o)
                0x080001c4                __aeabi_uldivmod
 .text          0x080001f4      0x2f4 D:/STM32CUBEIDE/PROGRAM/STM32CubeIDE_2.1.1/STM32CubeIDE/plugins/com.st.stm32cube.ide.mcu.externaltools.gnu-tools-for-stm32.14.3.rel1.win32_1.0.100.202602081740/tools/bin/../lib/gcc/arm-none-eabi/14.3.1/thumb/v7-m/nofp\libgcc.a(_udivmoddi4.o)
                0x080001f4                __udivmoddi4
 .text          0x080004e8        0x4 D:/STM32CUBEIDE/PROGRAM/STM32CubeIDE_2.1.1/STM32CubeIDE/plugins/com.st.stm32cube.ide.mcu.externaltools.gnu-tools-for-stm32.14.3.rel1.win32_1.0.100.202602081740/tools/bin/../lib/gcc/arm-none-eabi/14.3.1/thumb/v7-m/nofp\libgcc.a(_dvmd_tls.o)
                0x080004e8                __aeabi_idiv0
                0x080004e8                __aeabi_ldiv0
 *(.text*)
 .text.app_clock_init
                0x080004ec       0x2c ./Core/Src/app_clock.o
                0x080004ec                app_clock_init
 .text.app_clock_process
                0x08000518       0x78 ./Core/Src/app_clock.o
                0x08000518                app_clock_process
 .text.app_process_normal
                0x08000590       0x20 ./Core/Src/app_clock.o
 .text.app_process_set_hour
                0x080005b0       0x2a ./Core/Src/app_clock.o
 .text.app_process_set_minute
                0x080005da       0x2a ./Core/Src/app_clock.o
 .text.app_process_set_second
                0x08000604       0x2a ./Core/Src/app_clock.o
 *fill*         0x0800062e        0x2 
 .text.button_read_bit
                0x08000630       0x20 ./Core/Src/button.o
                0x08000630                button_read_bit
 .text.button_load_parallel
                0x08000650       0x20 ./Core/Src/button.o
                0x08000650                button_load_parallel
 .text.button_clock_pulse
                0x08000670       0x4c ./Core/Src/button.o
                0x08000670                button_clock_pulse
 .text.Read74HC165
                0x080006bc       0x54 ./Core/Src/button.o
                0x080006bc                Read74HC165
 .text.ButtonPressed
                0x08000710       0x34 ./Core/Src/button.o
                0x08000710                ButtonPressed
 .text.button_event_init
                0x08000744       0x18 ./Core/Src/button_event.o
                0x08000744                button_event_init
 .text.button_event_update
                0x0800075c       0x1e ./Core/Src/button_event.o
                0x0800075c                button_event_update
 *fill*         0x0800077a        0x2 
 .text.button_event_get
                0x0800077c       0x24 ./Core/Src/button_event.o
                0x0800077c                button_event_get
 .text.button_event_decode
                0x080007a0       0x7c ./Core/Src/button_event.o
 .text.clock_get_time
                0x0800081c       0x24 ./Core/Src/clock.o
                0x0800081c                clock_get_time
 .text.clock_update
                0x08000840       0x60 ./Core/Src/clock.o
                0x08000840                clock_update
 .text.clock_init
                0x080008a0       0x24 ./Core/Src/clock.o
                0x080008a0                clock_init
 .text.clock_hour_up
                0x080008c4       0x2c ./Core/Src/clock.o
                0x080008c4                clock_hour_up
 .text.clock_hour_down
                0x080008f0       0x2c ./Core/Src/clock.o
                0x080008f0                clock_hour_down
 .text.clock_minute_up
                0x0800091c       0x2c ./Core/Src/clock.o
                0x0800091c                clock_minute_up
 .text.clock_minute_down
                0x08000948       0x2c ./Core/Src/clock.o
                0x08000948                clock_minute_down
 .text.clock_second_up
                0x08000974       0x2c ./Core/Src/clock.o
                0x08000974                clock_second_up
 .text.clock_second_down
                0x080009a0       0x2c ./Core/Src/clock.o
                0x080009a0                clock_second_down
 .text.lcd_write_bus
                0x080009cc       0x58 ./Core/Src/lcd.o
 .text.lcd_enable_pulse
                0x08000a24       0x30 ./Core/Src/lcd.o
 .text.lcd_send_byte
                0x08000a54       0x38 ./Core/Src/lcd.o
 .text.lcd_send_cmd
                0x08000a8c       0x34 ./Core/Src/lcd.o
 .text.lcd_send_data
                0x08000ac0       0x34 ./Core/Src/lcd.o
 .text.lcd_init
                0x08000af4       0x84 ./Core/Src/lcd.o
                0x08000af4                lcd_init
 .text.lcd_set_cursor
                0x08000b78       0x34 ./Core/Src/lcd.o
                0x08000b78                lcd_set_cursor
 .text.lcd_putc
                0x08000bac       0x1a ./Core/Src/lcd.o
                0x08000bac                lcd_putc
 .text.lcd_print
                0x08000bc6       0x2c ./Core/Src/lcd.o
                0x08000bc6                lcd_print
 .text.lcd_cursor_on
                0x08000bf2        0xe ./Core/Src/lcd.o
                0x08000bf2                lcd_cursor_on
 .text.lcd_cursor_off
                0x08000c00        0xe ./Core/Src/lcd.o
                0x08000c00                lcd_cursor_off
 .text.lcd_blink_on
                0x08000c0e        0xe ./Core/Src/lcd.o
                0x08000c0e                lcd_blink_on
 .text.lcd_blink_off
                0x08000c1c        0xe ./Core/Src/lcd.o
                0x08000c1c                lcd_blink_off
 .text.main     0x08000c2a       0x22 ./Core/Src/main.o
                0x08000c2a                main
 .text.SystemClock_Config
                0x08000c4c       0x76 ./Core/Src/main.o
                0x08000c4c                SystemClock_Config
 *fill*         0x08000cc2        0x2 
 .text.MX_TIM1_Init
                0x08000cc4       0xa4 ./Core/Src/main.o
 .text.MX_GPIO_Init
                0x08000d68      0x164 ./Core/Src/main.o
 .text.Error_Handler
                0x08000ecc        0xc ./Core/Src/main.o
                0x08000ecc                Error_Handler
 .text.menu_init
                0x08000ed8       0x18 ./Core/Src/menu.o
                0x08000ed8                menu_init
 .text.menu_get_state
                0x08000ef0       0x14 ./Core/Src/menu.o
                0x08000ef0                menu_get_state
 .text.menu_process
                0x08000f04       0x64 ./Core/Src/menu.o
                0x08000f04                menu_process
 .text.menu_normal
                0x08000f68       0x28 ./Core/Src/menu.o
 .text.menu_set_hour
                0x08000f90       0x28 ./Core/Src/menu.o
 .text.menu_set_minute
                0x08000fb8       0x28 ./Core/Src/menu.o
 .text.menu_set_second
                0x08000fe0       0x28 ./Core/Src/menu.o
 .text.HAL_MspInit
                0x08001008       0x4c ./Core/Src/stm32f2xx_hal_msp.o
                0x08001008                HAL_MspInit
 .text.HAL_TIM_Base_MspInit
                0x08001054       0x50 ./Core/Src/stm32f2xx_hal_msp.o
                0x08001054                HAL_TIM_Base_MspInit
 .text.NMI_Handler
                0x080010a4        0x8 ./Core/Src/stm32f2xx_it.o
                0x080010a4                NMI_Handler
 .text.HardFault_Handler
                0x080010ac        0x8 ./Core/Src/stm32f2xx_it.o
                0x080010ac                HardFault_Handler
 .text.MemManage_Handler
                0x080010b4        0x8 ./Core/Src/stm32f2xx_it.o
                0x080010b4                MemManage_Handler
 .text.BusFault_Handler
                0x080010bc        0x8 ./Core/Src/stm32f2xx_it.o
                0x080010bc                BusFault_Handler
 .text.UsageFault_Handler
                0x080010c4        0x8 ./Core/Src/stm32f2xx_it.o
                0x080010c4                UsageFault_Handler
 .text.SVC_Handler
                0x080010cc        0xc ./Core/Src/stm32f2xx_it.o
                0x080010cc                SVC_Handler
 .text.DebugMon_Handler
                0x080010d8        0xc ./Core/Src/stm32f2xx_it.o
                0x080010d8                DebugMon_Handler
 .text.PendSV_Handler
                0x080010e4        0xc ./Core/Src/stm32f2xx_it.o
                0x080010e4                PendSV_Handler
 .text.SysTick_Handler
                0x080010f0        0xc ./Core/Src/stm32f2xx_it.o
                0x080010f0                SysTick_Handler
 .text.TIM1_UP_TIM10_IRQHandler
                0x080010fc       0x14 ./Core/Src/stm32f2xx_it.o
                0x080010fc                TIM1_UP_TIM10_IRQHandler
 .text._sbrk    0x08001110       0x6c ./Core/Src/sysmem.o
                0x08001110                _sbrk
 .text.SystemInit
                0x0800117c        0xc ./Core/Src/system_stm32f2xx.o
                0x0800117c                SystemInit
 .text.timer_init
                0x08001188       0x14 ./Core/Src/timer.o
                0x08001188                timer_init
 .text.timer_get_tick
                0x0800119c       0x18 ./Core/Src/timer.o
                0x0800119c                timer_get_tick
 .text.timer_expired
                0x080011b4       0x32 ./Core/Src/timer.o
                0x080011b4                timer_expired
 .text.ui_init  0x080011e6        0xc ./Core/Src/ui.o
                0x080011e6                ui_init
 *fill*         0x080011f2        0x2 
 .text.ui_update
                0x080011f4       0x5c ./Core/Src/ui.o
                0x080011f4                ui_update
 .text.ui_show_time
                0x08001250       0x44 ./Core/Src/ui.o
 .text.ui_show_normal
                0x08001294       0x28 ./Core/Src/ui.o
 .text.ui_show_set_hour
                0x080012bc       0x28 ./Core/Src/ui.o
 .text.ui_show_set_minute
                0x080012e4       0x28 ./Core/Src/ui.o
 .text.ui_show_set_second
                0x0800130c       0x28 ./Core/Src/ui.o
 .text.ui_show_status
                0x08001334       0x30 ./Core/Src/ui.o
 .text.Reset_Handler
                0x08001364       0x50 ./Core/Startup/startup_stm32f207vgtx.o
                0x08001364                Reset_Handler
 .text.Default_Handler
                0x080013b4        0x2 ./Core/Startup/startup_stm32f207vgtx.o
                0x080013b4                RTC_Alarm_IRQHandler
                0x080013b4                HASH_RNG_IRQHandler
                0x080013b4                EXTI2_IRQHandler
                0x080013b4                TIM8_CC_IRQHandler
                0x080013b4                TIM1_CC_IRQHandler
                0x080013b4                DMA2_Stream5_IRQHandler
                0x080013b4                DMA1_Stream5_IRQHandler
                0x080013b4                PVD_IRQHandler
                0x080013b4                SDIO_IRQHandler
                0x080013b4                TAMP_STAMP_IRQHandler
                0x080013b4                CAN2_RX1_IRQHandler
                0x080013b4                EXTI3_IRQHandler
                0x080013b4                TIM8_TRG_COM_TIM14_IRQHandler
                0x080013b4                TIM8_UP_TIM13_IRQHandler
                0x080013b4                I2C3_ER_IRQHandler
                0x080013b4                EXTI0_IRQHandler
                0x080013b4                I2C2_EV_IRQHandler
                0x080013b4                DMA1_Stream2_IRQHandler
                0x080013b4                CAN1_RX0_IRQHandler
                0x080013b4                OTG_HS_WKUP_IRQHandler
                0x080013b4                CAN2_SCE_IRQHandler
                0x080013b4                DMA2_Stream2_IRQHandler
                0x080013b4                SPI1_IRQHandler
                0x080013b4                TIM6_DAC_IRQHandler
                0x080013b4                TIM1_BRK_TIM9_IRQHandler
                0x080013b4                DCMI_IRQHandler
                0x080013b4                CAN2_RX0_IRQHandler
                0x080013b4                DMA2_Stream3_IRQHandler
                0x080013b4                USART6_IRQHandler
                0x080013b4                USART3_IRQHandler
                0x080013b4                CAN1_RX1_IRQHandler
                0x080013b4                UART5_IRQHandler
                0x080013b4                DMA2_Stream0_IRQHandler
                0x080013b4                TIM4_IRQHandler
                0x080013b4                I2C1_EV_IRQHandler
                0x080013b4                DMA1_Stream6_IRQHandler
                0x080013b4                DMA1_Stream1_IRQHandler
                0x080013b4                UART4_IRQHandler
                0x080013b4                TIM3_IRQHandler
                0x080013b4                RCC_IRQHandler
                0x080013b4                TIM8_BRK_TIM12_IRQHandler
                0x080013b4                Default_Handler
                0x080013b4                EXTI15_10_IRQHandler
                0x080013b4                ADC_IRQHandler
                0x080013b4                DMA1_Stream7_IRQHandler
                0x080013b4                TIM7_IRQHandler
                0x080013b4                CAN2_TX_IRQHandler
                0x080013b4                TIM5_IRQHandler
                0x080013b4                DMA2_Stream7_IRQHandler
                0x080013b4                I2C3_EV_IRQHandler
                0x080013b4                EXTI9_5_IRQHandler
                0x080013b4                RTC_WKUP_IRQHandler
                0x080013b4                ETH_WKUP_IRQHandler
                0x080013b4                SPI2_IRQHandler
                0x080013b4                OTG_HS_EP1_IN_IRQHandler
                0x080013b4                DMA1_Stream0_IRQHandler
                0x080013b4                CAN1_TX_IRQHandler
                0x080013b4                EXTI4_IRQHandler
                0x080013b4                FSMC_IRQHandler
                0x080013b4                ETH_IRQHandler
                0x080013b4                OTG_HS_EP1_OUT_IRQHandler
                0x080013b4                WWDG_IRQHandler
                0x080013b4                TIM2_IRQHandler
                0x080013b4                OTG_FS_WKUP_IRQHandler
                0x080013b4                TIM1_TRG_COM_TIM11_IRQHandler
                0x080013b4                OTG_HS_IRQHandler
                0x080013b4                EXTI1_IRQHandler
                0x080013b4                USART2_IRQHandler
                0x080013b4                I2C2_ER_IRQHandler
                0x080013b4                DMA2_Stream1_IRQHandler
                0x080013b4                CAN1_SCE_IRQHandler
                0x080013b4                FLASH_IRQHandler
                0x080013b4                DMA2_Stream4_IRQHandler
                0x080013b4                USART1_IRQHandler
                0x080013b4                OTG_FS_IRQHandler
                0x080013b4                SPI3_IRQHandler
                0x080013b4                DMA1_Stream4_IRQHandler
                0x080013b4                I2C1_ER_IRQHandler
                0x080013b4                DMA2_Stream6_IRQHandler
                0x080013b4                DMA1_Stream3_IRQHandler
 *fill*         0x080013b6        0x2 
 .text.HAL_Init
                0x080013b8       0x44 ./Drivers/STM32F2xx_HAL_Driver/Src/stm32f2xx_hal.o
                0x080013b8                HAL_Init
 .text.HAL_InitTick
                0x080013fc       0x60 ./Drivers/STM32F2xx_HAL_Driver/Src/stm32f2xx_hal.o
                0x080013fc                HAL_InitTick
 .text.HAL_IncTick
                0x0800145c       0x24 ./Drivers/STM32F2xx_HAL_Driver/Src/stm32f2xx_hal.o
                0x0800145c                HAL_IncTick
 .text.HAL_GetTick
                0x08001480       0x14 ./Drivers/STM32F2xx_HAL_Driver/Src/stm32f2xx_hal.o
                0x08001480                HAL_GetTick
 .text.HAL_Delay
                0x08001494       0x48 ./Drivers/STM32F2xx_HAL_Driver/Src/stm32f2xx_hal.o
                0x08001494                HAL_Delay
 .text.__NVIC_SetPriorityGrouping
                0x080014dc       0x48 ./Drivers/STM32F2xx_HAL_Driver/Src/stm32f2xx_hal_cortex.o
 .text.__NVIC_GetPriorityGrouping
                0x08001524       0x1c ./Drivers/STM32F2xx_HAL_Driver/Src/stm32f2xx_hal_cortex.o
 .text.__NVIC_EnableIRQ
                0x08001540       0x38 ./Drivers/STM32F2xx_HAL_Driver/Src/stm32f2xx_hal_cortex.o
 .text.__NVIC_SetPriority
                0x08001578       0x54 ./Drivers/STM32F2xx_HAL_Driver/Src/stm32f2xx_hal_cortex.o
 .text.NVIC_EncodePriority
                0x080015cc       0x64 ./Drivers/STM32F2xx_HAL_Driver/Src/stm32f2xx_hal_cortex.o
 .text.SysTick_Config
                0x08001630       0x44 ./Drivers/STM32F2xx_HAL_Driver/Src/stm32f2xx_hal_cortex.o
 .text.HAL_NVIC_SetPriorityGrouping
                0x08001674       0x16 ./Drivers/STM32F2xx_HAL_Driver/Src/stm32f2xx_hal_cortex.o
                0x08001674                HAL_NVIC_SetPriorityGrouping
 .text.HAL_NVIC_SetPriority
                0x0800168a       0x38 ./Drivers/STM32F2xx_HAL_Driver/Src/stm32f2xx_hal_cortex.o
                0x0800168a                HAL_NVIC_SetPriority
 .text.HAL_NVIC_EnableIRQ
                0x080016c2       0x1c ./Drivers/STM32F2xx_HAL_Driver/Src/stm32f2xx_hal_cortex.o
                0x080016c2                HAL_NVIC_EnableIRQ
 .text.HAL_SYSTICK_Config
                0x080016de       0x18 ./Drivers/STM32F2xx_HAL_Driver/Src/stm32f2xx_hal_cortex.o
                0x080016de                HAL_SYSTICK_Config
 *fill*         0x080016f6        0x2 
 .text.HAL_GPIO_Init
                0x080016f8      0x33c ./Drivers/STM32F2xx_HAL_Driver/Src/stm32f2xx_hal_gpio.o
                0x080016f8                HAL_GPIO_Init
 .text.HAL_GPIO_ReadPin
                0x08001a34       0x2e ./Drivers/STM32F2xx_HAL_Driver/Src/stm32f2xx_hal_gpio.o
                0x08001a34                HAL_GPIO_ReadPin
 .text.HAL_GPIO_WritePin
                0x08001a62       0x30 ./Drivers/STM32F2xx_HAL_Driver/Src/stm32f2xx_hal_gpio.o
                0x08001a62                HAL_GPIO_WritePin
 *fill*         0x08001a92        0x2 
 .text.HAL_RCC_OscConfig
                0x08001a94      0x4a8 ./Drivers/STM32F2xx_HAL_Driver/Src/stm32f2xx_hal_rcc.o
                0x08001a94                HAL_RCC_OscConfig
 .text.HAL_RCC_ClockConfig
                0x08001f3c      0x1d8 ./Drivers/STM32F2xx_HAL_Driver/Src/stm32f2xx_hal_rcc.o
                0x08001f3c                HAL_RCC_ClockConfig
 .text.HAL_RCC_GetSysClockFreq
                0x08002114      0x18c ./Drivers/STM32F2xx_HAL_Driver/Src/stm32f2xx_hal_rcc.o
                0x08002114                HAL_RCC_GetSysClockFreq
 .text.HAL_TIM_Base_Init
                0x080022a0       0x9e ./Drivers/STM32F2xx_HAL_Driver/Src/stm32f2xx_hal_tim.o
                0x080022a0                HAL_TIM_Base_Init
 *fill*         0x0800233e        0x2 
 .text.HAL_TIM_Base_Start
                0x08002340       0xcc ./Drivers/STM32F2xx_HAL_Driver/Src/stm32f2xx_hal_tim.o
                0x08002340                HAL_TIM_Base_Start
 .text.HAL_TIM_IRQHandler
                0x0800240c      0x1e0 ./Drivers/STM32F2xx_HAL_Driver/Src/stm32f2xx_hal_tim.o
                0x0800240c                HAL_TIM_IRQHandler
 .text.HAL_TIM_ConfigClockSource
                0x080025ec      0x18e ./Drivers/STM32F2xx_HAL_Driver/Src/stm32f2xx_hal_tim.o
                0x080025ec                HAL_TIM_ConfigClockSource
 .text.HAL_TIM_PeriodElapsedCallback
                0x0800277a       0x12 ./Drivers/STM32F2xx_HAL_Driver/Src/stm32f2xx_hal_tim.o
                0x0800277a                HAL_TIM_PeriodElapsedCallback
 .text.HAL_TIM_OC_DelayElapsedCallback
                0x0800278c       0x12 ./Drivers/STM32F2xx_HAL_Driver/Src/stm32f2xx_hal_tim.o
                0x0800278c                HAL_TIM_OC_DelayElapsedCallback
 .text.HAL_TIM_IC_CaptureCallback
                0x0800279e       0x12 ./Drivers/STM32F2xx_HAL_Driver/Src/stm32f2xx_hal_tim.o
                0x0800279e                HAL_TIM_IC_CaptureCallback
 .text.HAL_TIM_PWM_PulseFinishedCallback
                0x080027b0       0x12 ./Drivers/STM32F2xx_HAL_Driver/Src/stm32f2xx_hal_tim.o
                0x080027b0                HAL_TIM_PWM_PulseFinishedCallback
 .text.HAL_TIM_TriggerCallback
                0x080027c2       0x12 ./Drivers/STM32F2xx_HAL_Driver/Src/stm32f2xx_hal_tim.o
                0x080027c2                HAL_TIM_TriggerCallback
 .text.TIM_Base_SetConfig
                0x080027d4      0x154 ./Drivers/STM32F2xx_HAL_Driver/Src/stm32f2xx_hal_tim.o
                0x080027d4                TIM_Base_SetConfig
 .text.TIM_TI1_ConfigInputStage
                0x08002928       0x5c ./Drivers/STM32F2xx_HAL_Driver/Src/stm32f2xx_hal_tim.o
 .text.TIM_TI2_ConfigInputStage
                0x08002984       0x5e ./Drivers/STM32F2xx_HAL_Driver/Src/stm32f2xx_hal_tim.o
 .text.TIM_ITRx_SetConfig
                0x080029e2       0x34 ./Drivers/STM32F2xx_HAL_Driver/Src/stm32f2xx_hal_tim.o
 .text.TIM_ETR_SetConfig
                0x08002a16       0x3e ./Drivers/STM32F2xx_HAL_Driver/Src/stm32f2xx_hal_tim.o
                0x08002a16                TIM_ETR_SetConfig
 .text.HAL_TIMEx_MasterConfigSynchronization
                0x08002a54       0xf4 ./Drivers/STM32F2xx_HAL_Driver/Src/stm32f2xx_hal_tim_ex.o
                0x08002a54                HAL_TIMEx_MasterConfigSynchronization
 .text.HAL_TIMEx_CommutCallback
                0x08002b48       0x12 ./Drivers/STM32F2xx_HAL_Driver/Src/stm32f2xx_hal_tim_ex.o
                0x08002b48                HAL_TIMEx_CommutCallback
 .text.HAL_TIMEx_BreakCallback
                0x08002b5a       0x12 ./Drivers/STM32F2xx_HAL_Driver/Src/stm32f2xx_hal_tim_ex.o
                0x08002b5a                HAL_TIMEx_BreakCallback
 .text.sprintf  0x08002b6c       0x44 D:/STM32CUBEIDE/PROGRAM/STM32CubeIDE_2.1.1/STM32CubeIDE/plugins/com.st.stm32cube.ide.mcu.externaltools.gnu-tools-for-stm32.14.3.rel1.win32_1.0.100.202602081740/tools/bin/../lib/gcc/arm-none-eabi/14.3.1/../../../../arm-none-eabi/lib/thumb/v7-m/nofp\libc_nano.a(libc_a-sprintf.o)
                0x08002b6c                siprintf
                0x08002b6c                sprintf
 .text.memset   0x08002bb0       0x10 D:/STM32CUBEIDE/PROGRAM/STM32CubeIDE_2.1.1/STM32CubeIDE/plugins/com.st.stm32cube.ide.mcu.externaltools.gnu-tools-for-stm32.14.3.rel1.win32_1.0.100.202602081740/tools/bin/../lib/gcc/arm-none-eabi/14.3.1/../../../../arm-none-eabi/lib/thumb/v7-m/nofp\libc_nano.a(libc_a-memset.o)
                0x08002bb0                memset
 .text.__errno  0x08002bc0        0xc D:/STM32CUBEIDE/PROGRAM/STM32CubeIDE_2.1.1/STM32CubeIDE/plugins/com.st.stm32cube.ide.mcu.externaltools.gnu-tools-for-stm32.14.3.rel1.win32_1.0.100.202602081740/tools/bin/../lib/gcc/arm-none-eabi/14.3.1/../../../../arm-none-eabi/lib/thumb/v7-m/nofp\libc_nano.a(libc_a-errno.o)
                0x08002bc0                __errno
 .text.__libc_init_array
                0x08002bcc       0x48 D:/STM32CUBEIDE/PROGRAM/STM32CubeIDE_2.1.1/STM32CubeIDE/plugins/com.st.stm32cube.ide.mcu.externaltools.gnu-tools-for-stm32.14.3.rel1.win32_1.0.100.202602081740/tools/bin/../lib/gcc/arm-none-eabi/14.3.1/../../../../arm-none-eabi/lib/thumb/v7-m/nofp\libc_nano.a(libc_a-init.o)
                0x08002bcc                __libc_init_array
 .text.__retarget_lock_acquire_recursive
                0x08002c14        0x2 D:/STM32CUBEIDE/PROGRAM/STM32CubeIDE_2.1.1/STM32CubeIDE/plugins/com.st.stm32cube.ide.mcu.externaltools.gnu-tools-for-stm32.14.3.rel1.win32_1.0.100.202602081740/tools/bin/../lib/gcc/arm-none-eabi/14.3.1/../../../../arm-none-eabi/lib/thumb/v7-m/nofp\libc_nano.a(libc_a-lock.o)
                0x08002c14                __retarget_lock_acquire_recursive
 .text.__retarget_lock_release_recursive
                0x08002c16        0x2 D:/STM32CUBEIDE/PROGRAM/STM32CubeIDE_2.1.1/STM32CubeIDE/plugins/com.st.stm32cube.ide.mcu.externaltools.gnu-tools-for-stm32.14.3.rel1.win32_1.0.100.202602081740/tools/bin/../lib/gcc/arm-none-eabi/14.3.1/../../../../arm-none-eabi/lib/thumb/v7-m/nofp\libc_nano.a(libc_a-lock.o)
                0x08002c16                __retarget_lock_release_recursive
 .text._free_r  0x08002c18       0x90 D:/STM32CUBEIDE/PROGRAM/STM32CubeIDE_2.1.1/STM32CubeIDE/plugins/com.st.stm32cube.ide.mcu.externaltools.gnu-tools-for-stm32.14.3.rel1.win32_1.0.100.202602081740/tools/bin/../lib/gcc/arm-none-eabi/14.3.1/../../../../arm-none-eabi/lib/thumb/v7-m/nofp\libc_nano.a(libc_a-freer.o)
                0x08002c18                _free_r
 .text.sbrk_aligned
                0x08002ca8       0x44 D:/STM32CUBEIDE/PROGRAM/STM32CubeIDE_2.1.1/STM32CubeIDE/plugins/com.st.stm32cube.ide.mcu.externaltools.gnu-tools-for-stm32.14.3.rel1.win32_1.0.100.202602081740/tools/bin/../lib/gcc/arm-none-eabi/14.3.1/../../../../arm-none-eabi/lib/thumb/v7-m/nofp\libc_nano.a(libc_a-mallocr.o)
 .text._malloc_r
                0x08002cec      0x100 D:/STM32CUBEIDE/PROGRAM/STM32CubeIDE_2.1.1/STM32CubeIDE/plugins/com.st.stm32cube.ide.mcu.externaltools.gnu-tools-for-stm32.14.3.rel1.win32_1.0.100.202602081740/tools/bin/../lib/gcc/arm-none-eabi/14.3.1/../../../../arm-none-eabi/lib/thumb/v7-m/nofp\libc_nano.a(libc_a-mallocr.o)
                0x08002cec                _malloc_r
 .text.__malloc_lock
                0x08002dec        0xc D:/STM32CUBEIDE/PROGRAM/STM32CubeIDE_2.1.1/STM32CubeIDE/plugins/com.st.stm32cube.ide.mcu.externaltools.gnu-tools-for-stm32.14.3.rel1.win32_1.0.100.202602081740/tools/bin/../lib/gcc/arm-none-eabi/14.3.1/../../../../arm-none-eabi/lib/thumb/v7-m/nofp\libc_nano.a(libc_a-mlock.o)
                0x08002dec                __malloc_lock
 .text.__malloc_unlock
                0x08002df8        0xc D:/STM32CUBEIDE/PROGRAM/STM32CubeIDE_2.1.1/STM32CubeIDE/plugins/com.st.stm32cube.ide.mcu.externaltools.gnu-tools-for-stm32.14.3.rel1.win32_1.0.100.202602081740/tools/bin/../lib/gcc/arm-none-eabi/14.3.1/../../../../arm-none-eabi/lib/thumb/v7-m/nofp\libc_nano.a(libc_a-mlock.o)
                0x08002df8                __malloc_unlock
 .text.__ssputs_r
                0x08002e04       0xc0 D:/STM32CUBEIDE/PROGRAM/STM32CubeIDE_2.1.1/STM32CubeIDE/plugins/com.st.stm32cube.ide.mcu.externaltools.gnu-tools-for-stm32.14.3.rel1.win32_1.0.100.202602081740/tools/bin/../lib/gcc/arm-none-eabi/14.3.1/../../../../arm-none-eabi/lib/thumb/v7-m/nofp\libc_nano.a(libc_a-nano-svfprintf.o)
                0x08002e04                __ssputs_r
 .text._svfprintf_r
                0x08002ec4      0x1f0 D:/STM32CUBEIDE/PROGRAM/STM32CubeIDE_2.1.1/STM32CubeIDE/plugins/com.st.stm32cube.ide.mcu.externaltools.gnu-tools-for-stm32.14.3.rel1.win32_1.0.100.202602081740/tools/bin/../lib/gcc/arm-none-eabi/14.3.1/../../../../arm-none-eabi/lib/thumb/v7-m/nofp\libc_nano.a(libc_a-nano-svfprintf.o)
                0x08002ec4                _svfiprintf_r
                0x08002ec4                _svfprintf_r
 .text._printf_common
                0x080030b4       0xe4 D:/STM32CUBEIDE/PROGRAM/STM32CubeIDE_2.1.1/STM32CubeIDE/plugins/com.st.stm32cube.ide.mcu.externaltools.gnu-tools-for-stm32.14.3.rel1.win32_1.0.100.202602081740/tools/bin/../lib/gcc/arm-none-eabi/14.3.1/../../../../arm-none-eabi/lib/thumb/v7-m/nofp\libc_nano.a(libc_a-nano-vfprintf_i.o)
                0x080030b4                _printf_common
 .text._printf_i
                0x08003198      0x24c D:/STM32CUBEIDE/PROGRAM/STM32CubeIDE_2.1.1/STM32CubeIDE/plugins/com.st.stm32cube.ide.mcu.externaltools.gnu-tools-for-stm32.14.3.rel1.win32_1.0.100.202602081740/tools/bin/../lib/gcc/arm-none-eabi/14.3.1/../../../../arm-none-eabi/lib/thumb/v7-m/nofp\libc_nano.a(libc_a-nano-vfprintf_i.o)
                0x08003198                _printf_i
 .text.memmove  0x080033e4       0x32 D:/STM32CUBEIDE/PROGRAM/STM32CubeIDE_2.1.1/STM32CubeIDE/plugins/com.st.stm32cube.ide.mcu.externaltools.gnu-tools-for-stm32.14.3.rel1.win32_1.0.100.202602081740/tools/bin/../lib/gcc/arm-none-eabi/14.3.1/../../../../arm-none-eabi/lib/thumb/v7-m/nofp\libc_nano.a(libc_a-memmove.o)
                0x080033e4                memmove
 *fill*         0x08003416        0x2 
 .text._sbrk_r  0x08003418       0x20 D:/STM32CUBEIDE/PROGRAM/STM32CubeIDE_2.1.1/STM32CubeIDE/plugins/com.st.stm32cube.ide.mcu.externaltools.gnu-tools-for-stm32.14.3.rel1.win32_1.0.100.202602081740/tools/bin/../lib/gcc/arm-none-eabi/14.3.1/../../../../arm-none-eabi/lib/thumb/v7-m/nofp\libc_nano.a(libc_a-sbrkr.o)
                0x08003418                _sbrk_r
 .text.memchr   0x08003438       0x1c D:/STM32CUBEIDE/PROGRAM/STM32CubeIDE_2.1.1/STM32CubeIDE/plugins/com.st.stm32cube.ide.mcu.externaltools.gnu-tools-for-stm32.14.3.rel1.win32_1.0.100.202602081740/tools/bin/../lib/gcc/arm-none-eabi/14.3.1/../../../../arm-none-eabi/lib/thumb/v7-m/nofp\libc_nano.a(libc_a-memchr-stub.o)
                0x08003438                memchr
 .text.memcpy   0x08003454       0x1c D:/STM32CUBEIDE/PROGRAM/STM32CubeIDE_2.1.1/STM32CubeIDE/plugins/com.st.stm32cube.ide.mcu.externaltools.gnu-tools-for-stm32.14.3.rel1.win32_1.0.100.202602081740/tools/bin/../lib/gcc/arm-none-eabi/14.3.1/../../../../arm-none-eabi/lib/thumb/v7-m/nofp\libc_nano.a(libc_a-memcpy-stub.o)
                0x08003454                memcpy
 .text._realloc_r
                0x08003470       0x5c D:/STM32CUBEIDE/PROGRAM/STM32CubeIDE_2.1.1/STM32CubeIDE/plugins/com.st.stm32cube.ide.mcu.externaltools.gnu-tools-for-stm32.14.3.rel1.win32_1.0.100.202602081740/tools/bin/../lib/gcc/arm-none-eabi/14.3.1/../../../../arm-none-eabi/lib/thumb/v7-m/nofp\libc_nano.a(libc_a-reallocr.o)
                0x08003470                _realloc_r
 .text._malloc_usable_size_r
                0x080034cc       0x10 D:/STM32CUBEIDE/PROGRAM/STM32CubeIDE_2.1.1/STM32CubeIDE/plugins/com.st.stm32cube.ide.mcu.externaltools.gnu-tools-for-stm32.14.3.rel1.win32_1.0.100.202602081740/tools/bin/../lib/gcc/arm-none-eabi/14.3.1/../../../../arm-none-eabi/lib/thumb/v7-m/nofp\libc_nano.a(libc_a-msizer.o)
                0x080034cc                _malloc_usable_size_r
 *(.glue_7)
 .glue_7        0x080034dc        0x0 linker stubs
 *(.glue_7t)
 .glue_7t       0x080034dc        0x0 linker stubs
 *(.eh_frame)
 .eh_frame      0x080034dc        0x0 D:/STM32CUBEIDE/PROGRAM/STM32CubeIDE_2.1.1/STM32CubeIDE/plugins/com.st.stm32cube.ide.mcu.externaltools.gnu-tools-for-stm32.14.3.rel1.win32_1.0.100.202602081740/tools/bin/../lib/gcc/arm-none-eabi/14.3.1/thumb/v7-m/nofp/crtbegin.o
 *(.init)
 .init          0x080034dc        0x4 D:/STM32CUBEIDE/PROGRAM/STM32CubeIDE_2.1.1/STM32CubeIDE/plugins/com.st.stm32cube.ide.mcu.externaltools.gnu-tools-for-stm32.14.3.rel1.win32_1.0.100.202602081740/tools/bin/../lib/gcc/arm-none-eabi/14.3.1/thumb/v7-m/nofp/crti.o
                0x080034dc                _init
 .init          0x080034e0        0x8 D:/STM32CUBEIDE/PROGRAM/STM32CubeIDE_2.1.1/STM32CubeIDE/plugins/com.st.stm32cube.ide.mcu.externaltools.gnu-tools-for-stm32.14.3.rel1.win32_1.0.100.202602081740/tools/bin/../lib/gcc/arm-none-eabi/14.3.1/thumb/v7-m/nofp/crtn.o
 *(.fini)
 .fini          0x080034e8        0x4 D:/STM32CUBEIDE/PROGRAM/STM32CubeIDE_2.1.1/STM32CubeIDE/plugins/com.st.stm32cube.ide.mcu.externaltools.gnu-tools-for-stm32.14.3.rel1.win32_1.0.100.202602081740/tools/bin/../lib/gcc/arm-none-eabi/14.3.1/thumb/v7-m/nofp/crti.o
                0x080034e8                _fini
 .fini          0x080034ec        0x8 D:/STM32CUBEIDE/PROGRAM/STM32CubeIDE_2.1.1/STM32CubeIDE/plugins/com.st.stm32cube.ide.mcu.externaltools.gnu-tools-for-stm32.14.3.rel1.win32_1.0.100.202602081740/tools/bin/../lib/gcc/arm-none-eabi/14.3.1/thumb/v7-m/nofp/crtn.o
                0x080034f4                        . = ALIGN (0x4)
                0x080034f4                        _etext = .

.vfp11_veneer   0x080034f4        0x0
 .vfp11_veneer  0x080034f4        0x0 linker stubs

.v4_bx          0x080034f4        0x0
 .v4_bx         0x080034f4        0x0 linker stubs

.iplt           0x080034f4        0x0
 .iplt          0x080034f4        0x0 D:/STM32CUBEIDE/PROGRAM/STM32CubeIDE_2.1.1/STM32CubeIDE/plugins/com.st.stm32cube.ide.mcu.externaltools.gnu-tools-for-stm32.14.3.rel1.win32_1.0.100.202602081740/tools/bin/../lib/gcc/arm-none-eabi/14.3.1/thumb/v7-m/nofp/crtbegin.o

.rodata         0x080034f4       0xb0
                0x080034f4                        . = ALIGN (0x4)
 *(.rodata)
 .rodata        0x080034f4       0x4d ./Core/Src/ui.o
 *(.rodata*)
 *fill*         0x08003541        0x3 
 .rodata.ButtonMask
                0x08003544        0x4 ./Core/Src/button.o
 .rodata.ports  0x08003548       0x10 ./Core/Src/lcd.o
 .rodata.pins   0x08003558        0x8 ./Core/Src/lcd.o
 .rodata.AHBPrescTable
                0x08003560       0x10 ./Core/Src/system_stm32f2xx.o
                0x08003560                AHBPrescTable
 .rodata._svfprintf_r.str1.1
                0x08003570       0x33 D:/STM32CUBEIDE/PROGRAM/STM32CubeIDE_2.1.1/STM32CubeIDE/plugins/com.st.stm32cube.ide.mcu.externaltools.gnu-tools-for-stm32.14.3.rel1.win32_1.0.100.202602081740/tools/bin/../lib/gcc/arm-none-eabi/14.3.1/../../../../arm-none-eabi/lib/thumb/v7-m/nofp\libc_nano.a(libc_a-nano-svfprintf.o)
                                 0x11 (size before relaxing)
 .rodata._printf_i.str1.1
                0x080035a3       0x22 D:/STM32CUBEIDE/PROGRAM/STM32CubeIDE_2.1.1/STM32CubeIDE/plugins/com.st.stm32cube.ide.mcu.externaltools.gnu-tools-for-stm32.14.3.rel1.win32_1.0.100.202602081740/tools/bin/../lib/gcc/arm-none-eabi/14.3.1/../../../../arm-none-eabi/lib/thumb/v7-m/nofp\libc_nano.a(libc_a-nano-vfprintf_i.o)
                0x080035c8                        . = ALIGN (0x4)
 *fill*         0x080035a3        0x1 

.ARM.extab      0x080035a4        0x0
                0x080035a4                        . = ALIGN (0x4)
 *(.ARM.extab* .gnu.linkonce.armextab.*)
                0x080035a4                        . = ALIGN (0x4)

.ARM            0x080035a4        0x8
                0x080035a4                        . = ALIGN (0x4)
                0x080035a4                        __exidx_start = .
 *(.ARM.exidx*)
 .ARM.exidx     0x080035a4        0x8 D:/STM32CUBEIDE/PROGRAM/STM32CubeIDE_2.1.1/STM32CubeIDE/plugins/com.st.stm32cube.ide.mcu.externaltools.gnu-tools-for-stm32.14.3.rel1.win32_1.0.100.202602081740/tools/bin/../lib/gcc/arm-none-eabi/14.3.1/thumb/v7-m/nofp\libgcc.a(_udivmoddi4.o)
                0x080035ac                        __exidx_end = .
                0x080035ac                        . = ALIGN (0x4)

.preinit_array  0x080035ac        0x0
                0x080035ac                        . = ALIGN (0x4)
                0x080035ac                        PROVIDE (__preinit_array_start = .)
 *(.preinit_array*)
                0x080035ac                        PROVIDE (__preinit_array_end = .)
                0x080035ac                        . = ALIGN (0x4)

.init_array     0x080035ac        0x4
                0x080035ac                        . = ALIGN (0x4)
                0x080035ac                        PROVIDE (__init_array_start = .)
 *(SORT_BY_NAME(.init_array.*))
 *(.init_array*)
 .init_array    0x080035ac        0x4 D:/STM32CUBEIDE/PROGRAM/STM32CubeIDE_2.1.1/STM32CubeIDE/plugins/com.st.stm32cube.ide.mcu.externaltools.gnu-tools-for-stm32.14.3.rel1.win32_1.0.100.202602081740/tools/bin/../lib/gcc/arm-none-eabi/14.3.1/thumb/v7-m/nofp/crtbegin.o
                0x080035b0                        PROVIDE (__init_array_end = .)
                0x080035b0                        . = ALIGN (0x4)

.fini_array     0x080035b0        0x4
                0x080035b0                        . = ALIGN (0x4)
                [!provide]                        PROVIDE (__fini_array_start = .)
 *(SORT_BY_NAME(.fini_array.*))
 *(.fini_array*)
 .fini_array    0x080035b0        0x4 D:/STM32CUBEIDE/PROGRAM/STM32CubeIDE_2.1.1/STM32CubeIDE/plugins/com.st.stm32cube.ide.mcu.externaltools.gnu-tools-for-stm32.14.3.rel1.win32_1.0.100.202602081740/tools/bin/../lib/gcc/arm-none-eabi/14.3.1/thumb/v7-m/nofp/crtbegin.o
                [!provide]                        PROVIDE (__fini_array_end = .)
                0x080035b4                        . = ALIGN (0x4)
                0x080035b4                        _sidata = LOADADDR (.data)

.rel.dyn        0x080035b4        0x0
 .rel.iplt      0x080035b4        0x0 D:/STM32CUBEIDE/PROGRAM/STM32CubeIDE_2.1.1/STM32CubeIDE/plugins/com.st.stm32cube.ide.mcu.externaltools.gnu-tools-for-stm32.14.3.rel1.win32_1.0.100.202602081740/tools/bin/../lib/gcc/arm-none-eabi/14.3.1/thumb/v7-m/nofp/crtbegin.o

.data           0x20000000       0x5c load address 0x080035b4
                0x20000000                        . = ALIGN (0x4)
                0x20000000                        _sdata = .
 *(.data)
 *(.data*)
 .data.SystemCoreClock
                0x20000000        0x4 ./Core/Src/system_stm32f2xx.o
                0x20000000                SystemCoreClock
 .data.uwTickPrio
                0x20000004        0x4 ./Drivers/STM32F2xx_HAL_Driver/Src/stm32f2xx_hal.o
                0x20000004                uwTickPrio
 .data.uwTickFreq
                0x20000008        0x1 ./Drivers/STM32F2xx_HAL_Driver/Src/stm32f2xx_hal.o
                0x20000008                uwTickFreq
 *fill*         0x20000009        0x3 
 .data._impure_ptr
                0x2000000c        0x4 D:/STM32CUBEIDE/PROGRAM/STM32CubeIDE_2.1.1/STM32CubeIDE/plugins/com.st.stm32cube.ide.mcu.externaltools.gnu-tools-for-stm32.14.3.rel1.win32_1.0.100.202602081740/tools/bin/../lib/gcc/arm-none-eabi/14.3.1/../../../../arm-none-eabi/lib/thumb/v7-m/nofp\libc_nano.a(libc_a-impure.o)
                0x2000000c                _impure_ptr
 .data._impure_data
                0x20000010       0x4c D:/STM32CUBEIDE/PROGRAM/STM32CubeIDE_2.1.1/STM32CubeIDE/plugins/com.st.stm32cube.ide.mcu.externaltools.gnu-tools-for-stm32.14.3.rel1.win32_1.0.100.202602081740/tools/bin/../lib/gcc/arm-none-eabi/14.3.1/../../../../arm-none-eabi/lib/thumb/v7-m/nofp\libc_nano.a(libc_a-impure.o)
                0x20000010                _impure_data
 *(.RamFunc)
 *(.RamFunc*)
                0x2000005c                        . = ALIGN (0x4)
                0x2000005c                        _edata = .

.igot.plt       0x2000005c        0x0 load address 0x08003610
 .igot.plt      0x2000005c        0x0 D:/STM32CUBEIDE/PROGRAM/STM32CubeIDE_2.1.1/STM32CubeIDE/plugins/com.st.stm32cube.ide.mcu.externaltools.gnu-tools-for-stm32.14.3.rel1.win32_1.0.100.202602081740/tools/bin/../lib/gcc/arm-none-eabi/14.3.1/thumb/v7-m/nofp/crtbegin.o
                0x2000005c                        . = ALIGN (0x4)

.bss            0x2000005c      0x1c8 load address 0x08003610
                0x2000005c                        _sbss = .
                0x2000005c                        __bss_start__ = _sbss
 *(.bss)
 .bss           0x2000005c       0x1c D:/STM32CUBEIDE/PROGRAM/STM32CubeIDE_2.1.1/STM32CubeIDE/plugins/com.st.stm32cube.ide.mcu.externaltools.gnu-tools-for-stm32.14.3.rel1.win32_1.0.100.202602081740/tools/bin/../lib/gcc/arm-none-eabi/14.3.1/thumb/v7-m/nofp/crtbegin.o
 *(.bss*)
 .bss.last_tick
                0x20000078        0x4 ./Core/Src/app_clock.o
 .bss.event     0x2000007c        0x1 ./Core/Src/app_clock.o
 .bss.current_event
                0x2000007d        0x1 ./Core/Src/button_event.o
 *fill*         0x2000007e        0x2 
 .bss.current_time
                0x20000080        0x3 ./Core/Src/clock.o
 *fill*         0x20000083        0x1 
 .bss.htim1     0x20000084       0x48 ./Core/Src/main.o
                0x20000084                htim1
 .bss.current_state
                0x200000cc        0x1 ./Core/Src/menu.o
 *fill*         0x200000cd        0x3 
 .bss.__sbrk_heap_end
                0x200000d0        0x4 ./Core/Src/sysmem.o
 .bss.current_time
                0x200000d4        0x3 ./Core/Src/ui.o
 .bss.current_state
                0x200000d7        0x1 ./Core/Src/ui.o
 .bss.uwTick    0x200000d8        0x4 ./Drivers/STM32F2xx_HAL_Driver/Src/stm32f2xx_hal.o
                0x200000d8                uwTick
 .bss.__sf      0x200000dc      0x138 D:/STM32CUBEIDE/PROGRAM/STM32CubeIDE_2.1.1/STM32CubeIDE/plugins/com.st.stm32cube.ide.mcu.externaltools.gnu-tools-for-stm32.14.3.rel1.win32_1.0.100.202602081740/tools/bin/../lib/gcc/arm-none-eabi/14.3.1/../../../../arm-none-eabi/lib/thumb/v7-m/nofp\libc_nano.a(libc_a-findfp.o)
                0x200000dc                __sf
 .bss.errno     0x20000214        0x4 D:/STM32CUBEIDE/PROGRAM/STM32CubeIDE_2.1.1/STM32CubeIDE/plugins/com.st.stm32cube.ide.mcu.externaltools.gnu-tools-for-stm32.14.3.rel1.win32_1.0.100.202602081740/tools/bin/../lib/gcc/arm-none-eabi/14.3.1/../../../../arm-none-eabi/lib/thumb/v7-m/nofp\libc_nano.a(libc_a-reent.o)
                0x20000214                errno
 .bss.__lock___malloc_recursive_mutex
                0x20000218        0x1 D:/STM32CUBEIDE/PROGRAM/STM32CubeIDE_2.1.1/STM32CubeIDE/plugins/com.st.stm32cube.ide.mcu.externaltools.gnu-tools-for-stm32.14.3.rel1.win32_1.0.100.202602081740/tools/bin/../lib/gcc/arm-none-eabi/14.3.1/../../../../arm-none-eabi/lib/thumb/v7-m/nofp\libc_nano.a(libc_a-lock.o)
                0x20000218                __lock___malloc_recursive_mutex
 *fill*         0x20000219        0x3 
 .bss.__malloc_sbrk_start
                0x2000021c        0x4 D:/STM32CUBEIDE/PROGRAM/STM32CubeIDE_2.1.1/STM32CubeIDE/plugins/com.st.stm32cube.ide.mcu.externaltools.gnu-tools-for-stm32.14.3.rel1.win32_1.0.100.202602081740/tools/bin/../lib/gcc/arm-none-eabi/14.3.1/../../../../arm-none-eabi/lib/thumb/v7-m/nofp\libc_nano.a(libc_a-mallocr.o)
                0x2000021c                __malloc_sbrk_start
 .bss.__malloc_free_list
                0x20000220        0x4 D:/STM32CUBEIDE/PROGRAM/STM32CubeIDE_2.1.1/STM32CubeIDE/plugins/com.st.stm32cube.ide.mcu.externaltools.gnu-tools-for-stm32.14.3.rel1.win32_1.0.100.202602081740/tools/bin/../lib/gcc/arm-none-eabi/14.3.1/../../../../arm-none-eabi/lib/thumb/v7-m/nofp\libc_nano.a(libc_a-mallocr.o)
                0x20000220                __malloc_free_list
 *(COMMON)
                0x20000224                        . = ALIGN (0x4)
                0x20000224                        _ebss = .
                0x20000224                        __bss_end__ = _ebss

._user_heap_stack
                0x20000224      0x604 load address 0x08003610
                0x20000228                        . = ALIGN (0x8)
 *fill*         0x20000224        0x4 
                [!provide]                        PROVIDE (end = .)
                0x20000228                        PROVIDE (_end = .)
                0x20000428                        . = (. + _Min_Heap_Size)
 *fill*         0x20000228      0x200 
                0x20000828                        . = (. + _Min_Stack_Size)
 *fill*         0x20000428      0x400 
                0x20000828                        . = ALIGN (0x8)

/DISCARD/
 libc.a(*)
 libm.a(*)
 libgcc.a(*)

.ARM.attributes
                0x00000000       0x29
 *(.ARM.attributes)
 .ARM.attributes
                0x00000000       0x1d D:/STM32CUBEIDE/PROGRAM/STM32CubeIDE_2.1.1/STM32CubeIDE/plugins/com.st.stm32cube.ide.mcu.externaltools.gnu-tools-for-stm32.14.3.rel1.win32_1.0.100.202602081740/tools/bin/../lib/gcc/arm-none-eabi/14.3.1/thumb/v7-m/nofp/crti.o
 .ARM.attributes
                0x0000001d       0x2d D:/STM32CUBEIDE/PROGRAM/STM32CubeIDE_2.1.1/STM32CubeIDE/plugins/com.st.stm32cube.ide.mcu.externaltools.gnu-tools-for-stm32.14.3.rel1.win32_1.0.100.202602081740/tools/bin/../lib/gcc/arm-none-eabi/14.3.1/thumb/v7-m/nofp/crtbegin.o
 .ARM.attributes
                0x0000004a       0x2d ./Core/Src/app_clock.o
 .ARM.attributes
                0x00000077       0x2d ./Core/Src/button.o
 .ARM.attributes
                0x000000a4       0x2d ./Core/Src/button_event.o
 .ARM.attributes
                0x000000d1       0x2d ./Core/Src/clock.o
 .ARM.attributes
                0x000000fe       0x2d ./Core/Src/lcd.o
 .ARM.attributes
                0x0000012b       0x2d ./Core/Src/main.o
 .ARM.attributes
                0x00000158       0x2d ./Core/Src/menu.o
 .ARM.attributes
                0x00000185       0x2d ./Core/Src/stm32f2xx_hal_msp.o
 .ARM.attributes
                0x000001b2       0x2d ./Core/Src/stm32f2xx_it.o
 .ARM.attributes
                0x000001df       0x2d ./Core/Src/sysmem.o
 .ARM.attributes
                0x0000020c       0x2d ./Core/Src/system_stm32f2xx.o
 .ARM.attributes
                0x00000239       0x2d ./Core/Src/timer.o
 .ARM.attributes
                0x00000266       0x2d ./Core/Src/ui.o
 .ARM.attributes
                0x00000293       0x21 ./Core/Startup/startup_stm32f207vgtx.o
 .ARM.attributes
                0x000002b4       0x2d ./Drivers/STM32F2xx_HAL_Driver/Src/stm32f2xx_hal.o
 .ARM.attributes
                0x000002e1       0x2d ./Drivers/STM32F2xx_HAL_Driver/Src/stm32f2xx_hal_cortex.o
 .ARM.attributes
                0x0000030e       0x2d ./Drivers/STM32F2xx_HAL_Driver/Src/stm32f2xx_hal_gpio.o
 .ARM.attributes
                0x0000033b       0x2d ./Drivers/STM32F2xx_HAL_Driver/Src/stm32f2xx_hal_rcc.o
 .ARM.attributes
                0x00000368       0x2d ./Drivers/STM32F2xx_HAL_Driver/Src/stm32f2xx_hal_tim.o
 .ARM.attributes
                0x00000395       0x2d ./Drivers/STM32F2xx_HAL_Driver/Src/stm32f2xx_hal_tim_ex.o
 .ARM.attributes
                0x000003c2       0x2d D:/STM32CUBEIDE/PROGRAM/STM32CubeIDE_2.1.1/STM32CubeIDE/plugins/com.st.stm32cube.ide.mcu.externaltools.gnu-tools-for-stm32.14.3.rel1.win32_1.0.100.202602081740/tools/bin/../lib/gcc/arm-none-eabi/14.3.1/../../../../arm-none-eabi/lib/thumb/v7-m/nofp\libc_nano.a(libc_a-findfp.o)
 .ARM.attributes
                0x000003ef       0x2d D:/STM32CUBEIDE/PROGRAM/STM32CubeIDE_2.1.1/STM32CubeIDE/plugins/com.st.stm32cube.ide.mcu.externaltools.gnu-tools-for-stm32.14.3.rel1.win32_1.0.100.202602081740/tools/bin/../lib/gcc/arm-none-eabi/14.3.1/../../../../arm-none-eabi/lib/thumb/v7-m/nofp\libc_nano.a(libc_a-sprintf.o)
 .ARM.attributes
                0x0000041c       0x2d D:/STM32CUBEIDE/PROGRAM/STM32CubeIDE_2.1.1/STM32CubeIDE/plugins/com.st.stm32cube.ide.mcu.externaltools.gnu-tools-for-stm32.14.3.rel1.win32_1.0.100.202602081740/tools/bin/../lib/gcc/arm-none-eabi/14.3.1/../../../../arm-none-eabi/lib/thumb/v7-m/nofp\libc_nano.a(libc_a-memset.o)
 .ARM.attributes
                0x00000449       0x2d D:/STM32CUBEIDE/PROGRAM/STM32CubeIDE_2.1.1/STM32CubeIDE/plugins/com.st.stm32cube.ide.mcu.externaltools.gnu-tools-for-stm32.14.3.rel1.win32_1.0.100.202602081740/tools/bin/../lib/gcc/arm-none-eabi/14.3.1/../../../../arm-none-eabi/lib/thumb/v7-m/nofp\libc_nano.a(libc_a-reent.o)
 .ARM.attributes
                0x00000476       0x2d D:/STM32CUBEIDE/PROGRAM/STM32CubeIDE_2.1.1/STM32CubeIDE/plugins/com.st.stm32cube.ide.mcu.externaltools.gnu-tools-for-stm32.14.3.rel1.win32_1.0.100.202602081740/tools/bin/../lib/gcc/arm-none-eabi/14.3.1/../../../../arm-none-eabi/lib/thumb/v7-m/nofp\libc_nano.a(libc_a-impure.o)
 .ARM.attributes
                0x000004a3       0x2d D:/STM32CUBEIDE/PROGRAM/STM32CubeIDE_2.1.1/STM32CubeIDE/plugins/com.st.stm32cube.ide.mcu.externaltools.gnu-tools-for-stm32.14.3.rel1.win32_1.0.100.202602081740/tools/bin/../lib/gcc/arm-none-eabi/14.3.1/../../../../arm-none-eabi/lib/thumb/v7-m/nofp\libc_nano.a(libc_a-errno.o)
 .ARM.attributes
                0x000004d0       0x2d D:/STM32CUBEIDE/PROGRAM/STM32CubeIDE_2.1.1/STM32CubeIDE/plugins/com.st.stm32cube.ide.mcu.externaltools.gnu-tools-for-stm32.14.3.rel1.win32_1.0.100.202602081740/tools/bin/../lib/gcc/arm-none-eabi/14.3.1/../../../../arm-none-eabi/lib/thumb/v7-m/nofp\libc_nano.a(libc_a-init.o)
 .ARM.attributes
                0x000004fd       0x2d D:/STM32CUBEIDE/PROGRAM/STM32CubeIDE_2.1.1/STM32CubeIDE/plugins/com.st.stm32cube.ide.mcu.externaltools.gnu-tools-for-stm32.14.3.rel1.win32_1.0.100.202602081740/tools/bin/../lib/gcc/arm-none-eabi/14.3.1/../../../../arm-none-eabi/lib/thumb/v7-m/nofp\libc_nano.a(libc_a-lock.o)
 .ARM.attributes
                0x0000052a       0x2d D:/STM32CUBEIDE/PROGRAM/STM32CubeIDE_2.1.1/STM32CubeIDE/plugins/com.st.stm32cube.ide.mcu.externaltools.gnu-tools-for-stm32.14.3.rel1.win32_1.0.100.202602081740/tools/bin/../lib/gcc/arm-none-eabi/14.3.1/../../../../arm-none-eabi/lib/thumb/v7-m/nofp\libc_nano.a(libc_a-freer.o)
 .ARM.attributes
                0x00000557       0x2d D:/STM32CUBEIDE/PROGRAM/STM32CubeIDE_2.1.1/STM32CubeIDE/plugins/com.st.stm32cube.ide.mcu.externaltools.gnu-tools-for-stm32.14.3.rel1.win32_1.0.100.202602081740/tools/bin/../lib/gcc/arm-none-eabi/14.3.1/../../../../arm-none-eabi/lib/thumb/v7-m/nofp\libc_nano.a(libc_a-mallocr.o)
 .ARM.attributes
                0x00000584       0x2d D:/STM32CUBEIDE/PROGRAM/STM32CubeIDE_2.1.1/STM32CubeIDE/plugins/com.st.stm32cube.ide.mcu.externaltools.gnu-tools-for-stm32.14.3.rel1.win32_1.0.100.202602081740/tools/bin/../lib/gcc/arm-none-eabi/14.3.1/../../../../arm-none-eabi/lib/thumb/v7-m/nofp\libc_nano.a(libc_a-mlock.o)
 .ARM.attributes
                0x000005b1       0x2d D:/STM32CUBEIDE/PROGRAM/STM32CubeIDE_2.1.1/STM32CubeIDE/plugins/com.st.stm32cube.ide.mcu.externaltools.gnu-tools-for-stm32.14.3.rel1.win32_1.0.100.202602081740/tools/bin/../lib/gcc/arm-none-eabi/14.3.1/../../../../arm-none-eabi/lib/thumb/v7-m/nofp\libc_nano.a(libc_a-nano-svfprintf.o)
 .ARM.attributes
                0x000005de       0x2d D:/STM32CUBEIDE/PROGRAM/STM32CubeIDE_2.1.1/STM32CubeIDE/plugins/com.st.stm32cube.ide.mcu.externaltools.gnu-tools-for-stm32.14.3.rel1.win32_1.0.100.202602081740/tools/bin/../lib/gcc/arm-none-eabi/14.3.1/../../../../arm-none-eabi/lib/thumb/v7-m/nofp\libc_nano.a(libc_a-nano-vfprintf_i.o)
 .ARM.attributes
                0x0000060b       0x2d D:/STM32CUBEIDE/PROGRAM/STM32CubeIDE_2.1.1/STM32CubeIDE/plugins/com.st.stm32cube.ide.mcu.externaltools.gnu-tools-for-stm32.14.3.rel1.win32_1.0.100.202602081740/tools/bin/../lib/gcc/arm-none-eabi/14.3.1/../../../../arm-none-eabi/lib/thumb/v7-m/nofp\libc_nano.a(libc_a-memmove.o)
 .ARM.attributes
                0x00000638       0x2d D:/STM32CUBEIDE/PROGRAM/STM32CubeIDE_2.1.1/STM32CubeIDE/plugins/com.st.stm32cube.ide.mcu.externaltools.gnu-tools-for-stm32.14.3.rel1.win32_1.0.100.202602081740/tools/bin/../lib/gcc/arm-none-eabi/14.3.1/../../../../arm-none-eabi/lib/thumb/v7-m/nofp\libc_nano.a(libc_a-sbrkr.o)
 .ARM.attributes
                0x00000665       0x2d D:/STM32CUBEIDE/PROGRAM/STM32CubeIDE_2.1.1/STM32CubeIDE/plugins/com.st.stm32cube.ide.mcu.externaltools.gnu-tools-for-stm32.14.3.rel1.win32_1.0.100.202602081740/tools/bin/../lib/gcc/arm-none-eabi/14.3.1/../../../../arm-none-eabi/lib/thumb/v7-m/nofp\libc_nano.a(libc_a-memchr-stub.o)
 .ARM.attributes
                0x00000692       0x2d D:/STM32CUBEIDE/PROGRAM/STM32CubeIDE_2.1.1/STM32CubeIDE/plugins/com.st.stm32cube.ide.mcu.externaltools.gnu-tools-for-stm32.14.3.rel1.win32_1.0.100.202602081740/tools/bin/../lib/gcc/arm-none-eabi/14.3.1/../../../../arm-none-eabi/lib/thumb/v7-m/nofp\libc_nano.a(libc_a-memcpy-stub.o)
 .ARM.attributes
                0x000006bf       0x2d D:/STM32CUBEIDE/PROGRAM/STM32CubeIDE_2.1.1/STM32CubeIDE/plugins/com.st.stm32cube.ide.mcu.externaltools.gnu-tools-for-stm32.14.3.rel1.win32_1.0.100.202602081740/tools/bin/../lib/gcc/arm-none-eabi/14.3.1/../../../../arm-none-eabi/lib/thumb/v7-m/nofp\libc_nano.a(libc_a-reallocr.o)
 .ARM.attributes
                0x000006ec       0x2d D:/STM32CUBEIDE/PROGRAM/STM32CubeIDE_2.1.1/STM32CubeIDE/plugins/com.st.stm32cube.ide.mcu.externaltools.gnu-tools-for-stm32.14.3.rel1.win32_1.0.100.202602081740/tools/bin/../lib/gcc/arm-none-eabi/14.3.1/../../../../arm-none-eabi/lib/thumb/v7-m/nofp\libc_nano.a(libc_a-msizer.o)
 .ARM.attributes
                0x00000719       0x1d D:/STM32CUBEIDE/PROGRAM/STM32CubeIDE_2.1.1/STM32CubeIDE/plugins/com.st.stm32cube.ide.mcu.externaltools.gnu-tools-for-stm32.14.3.rel1.win32_1.0.100.202602081740/tools/bin/../lib/gcc/arm-none-eabi/14.3.1/thumb/v7-m/nofp\libgcc.a(_aeabi_uldivmod.o)
 .ARM.attributes
                0x00000736       0x2d D:/STM32CUBEIDE/PROGRAM/STM32CubeIDE_2.1.1/STM32CubeIDE/plugins/com.st.stm32cube.ide.mcu.externaltools.gnu-tools-for-stm32.14.3.rel1.win32_1.0.100.202602081740/tools/bin/../lib/gcc/arm-none-eabi/14.3.1/thumb/v7-m/nofp\libgcc.a(_udivmoddi4.o)
 .ARM.attributes
                0x00000763       0x1d D:/STM32CUBEIDE/PROGRAM/STM32CubeIDE_2.1.1/STM32CubeIDE/plugins/com.st.stm32cube.ide.mcu.externaltools.gnu-tools-for-stm32.14.3.rel1.win32_1.0.100.202602081740/tools/bin/../lib/gcc/arm-none-eabi/14.3.1/thumb/v7-m/nofp\libgcc.a(_dvmd_tls.o)
 .ARM.attributes
                0x00000780       0x1d D:/STM32CUBEIDE/PROGRAM/STM32CubeIDE_2.1.1/STM32CubeIDE/plugins/com.st.stm32cube.ide.mcu.externaltools.gnu-tools-for-stm32.14.3.rel1.win32_1.0.100.202602081740/tools/bin/../lib/gcc/arm-none-eabi/14.3.1/thumb/v7-m/nofp/crtn.o
OUTPUT(appdigitalclock.elf elf32-littlearm)
LOAD linker stubs
LOAD D:/STM32CUBEIDE/PROGRAM/STM32CubeIDE_2.1.1/STM32CubeIDE/plugins/com.st.stm32cube.ide.mcu.externaltools.gnu-tools-for-stm32.14.3.rel1.win32_1.0.100.202602081740/tools/bin/../lib/gcc/arm-none-eabi/14.3.1/../../../../arm-none-eabi/lib/thumb/v7-m/nofp\libc.a
LOAD D:/STM32CUBEIDE/PROGRAM/STM32CubeIDE_2.1.1/STM32CubeIDE/plugins/com.st.stm32cube.ide.mcu.externaltools.gnu-tools-for-stm32.14.3.rel1.win32_1.0.100.202602081740/tools/bin/../lib/gcc/arm-none-eabi/14.3.1/../../../../arm-none-eabi/lib/thumb/v7-m/nofp\libm.a
LOAD D:/STM32CUBEIDE/PROGRAM/STM32CubeIDE_2.1.1/STM32CubeIDE/plugins/com.st.stm32cube.ide.mcu.externaltools.gnu-tools-for-stm32.14.3.rel1.win32_1.0.100.202602081740/tools/bin/../lib/gcc/arm-none-eabi/14.3.1/thumb/v7-m/nofp\libgcc.a

.debug_info     0x00000000     0xa23b
 .debug_info    0x00000000      0x27d ./Core/Src/app_clock.o
 .debug_info    0x0000027d      0x301 ./Core/Src/button.o
 .debug_info    0x0000057e      0x193 ./Core/Src/button_event.o
 .debug_info    0x00000711      0x1a7 ./Core/Src/clock.o
 .debug_info    0x000008b8      0x403 ./Core/Src/lcd.o
 .debug_info    0x00000cbb      0xd40 ./Core/Src/main.o
 .debug_info    0x000019fb      0x1c8 ./Core/Src/menu.o
 .debug_info    0x00001bc3      0xaf0 ./Core/Src/stm32f2xx_hal_msp.o
 .debug_info    0x000026b3      0x6e1 ./Core/Src/stm32f2xx_it.o
 .debug_info    0x00002d94      0x168 ./Core/Src/sysmem.o
 .debug_info    0x00002efc      0x31f ./Core/Src/system_stm32f2xx.o
 .debug_info    0x0000321b      0x70c ./Core/Src/timer.o
 .debug_info    0x00003927      0x269 ./Core/Src/ui.o
 .debug_info    0x00003b90       0x30 ./Core/Startup/startup_stm32f207vgtx.o
 .debug_info    0x00003bc0      0x9c3 ./Drivers/STM32F2xx_HAL_Driver/Src/stm32f2xx_hal.o
 .debug_info    0x00004583      0xd7b ./Drivers/STM32F2xx_HAL_Driver/Src/stm32f2xx_hal_cortex.o
 .debug_info    0x000052fe      0x68e ./Drivers/STM32F2xx_HAL_Driver/Src/stm32f2xx_hal_gpio.o
 .debug_info    0x0000598c      0xa39 ./Drivers/STM32F2xx_HAL_Driver/Src/stm32f2xx_hal_rcc.o
 .debug_info    0x000063c5     0x299b ./Drivers/STM32F2xx_HAL_Driver/Src/stm32f2xx_hal_tim.o
 .debug_info    0x00008d60     0x14db ./Drivers/STM32F2xx_HAL_Driver/Src/stm32f2xx_hal_tim_ex.o

.debug_abbrev   0x00000000     0x21fd
 .debug_abbrev  0x00000000      0x131 ./Core/Src/app_clock.o
 .debug_abbrev  0x00000131      0x1da ./Core/Src/button.o
 .debug_abbrev  0x0000030b      0x117 ./Core/Src/button_event.o
 .debug_abbrev  0x00000422       0xc9 ./Core/Src/clock.o
 .debug_abbrev  0x000004eb      0x1b5 ./Core/Src/lcd.o
 .debug_abbrev  0x000006a0      0x26e ./Core/Src/main.o
 .debug_abbrev  0x0000090e       0xea ./Core/Src/menu.o
 .debug_abbrev  0x000009f8      0x1ae ./Core/Src/stm32f2xx_hal_msp.o
 .debug_abbrev  0x00000ba6      0x192 ./Core/Src/stm32f2xx_it.o
 .debug_abbrev  0x00000d38       0xbc ./Core/Src/sysmem.o
 .debug_abbrev  0x00000df4      0x11c ./Core/Src/system_stm32f2xx.o
 .debug_abbrev  0x00000f10      0x1da ./Core/Src/timer.o
 .debug_abbrev  0x000010ea      0x19a ./Core/Src/ui.o
 .debug_abbrev  0x00001284       0x24 ./Core/Startup/startup_stm32f207vgtx.o
 .debug_abbrev  0x000012a8      0x286 ./Drivers/STM32F2xx_HAL_Driver/Src/stm32f2xx_hal.o
 .debug_abbrev  0x0000152e      0x31c ./Drivers/STM32F2xx_HAL_Driver/Src/stm32f2xx_hal_cortex.o
 .debug_abbrev  0x0000184a      0x1cb ./Drivers/STM32F2xx_HAL_Driver/Src/stm32f2xx_hal_gpio.o
 .debug_abbrev  0x00001a15      0x2d6 ./Drivers/STM32F2xx_HAL_Driver/Src/stm32f2xx_hal_rcc.o
 .debug_abbrev  0x00001ceb      0x28f ./Drivers/STM32F2xx_HAL_Driver/Src/stm32f2xx_hal_tim.o
 .debug_abbrev  0x00001f7a      0x283 ./Drivers/STM32F2xx_HAL_Driver/Src/stm32f2xx_hal_tim_ex.o

.debug_aranges  0x00000000      0xc18
 .debug_aranges
                0x00000000       0x48 ./Core/Src/app_clock.o
 .debug_aranges
                0x00000048       0x40 ./Core/Src/button.o
 .debug_aranges
                0x00000088       0x38 ./Core/Src/button_event.o
 .debug_aranges
                0x000000c0       0x68 ./Core/Src/clock.o
 .debug_aranges
                0x00000128       0x98 ./Core/Src/lcd.o
 .debug_aranges
                0x000001c0       0x40 ./Core/Src/main.o
 .debug_aranges
                0x00000200       0x50 ./Core/Src/menu.o
 .debug_aranges
                0x00000250       0x30 ./Core/Src/stm32f2xx_hal_msp.o
 .debug_aranges
                0x00000280       0x68 ./Core/Src/stm32f2xx_it.o
 .debug_aranges
                0x000002e8       0x20 ./Core/Src/sysmem.o
 .debug_aranges
                0x00000308       0x28 ./Core/Src/system_stm32f2xx.o
 .debug_aranges
                0x00000330       0x38 ./Core/Src/timer.o
 .debug_aranges
                0x00000368       0x58 ./Core/Src/ui.o
 .debug_aranges
                0x000003c0       0x28 ./Core/Startup/startup_stm32f207vgtx.o
 .debug_aranges
                0x000003e8       0xf0 ./Drivers/STM32F2xx_HAL_Driver/Src/stm32f2xx_hal.o
 .debug_aranges
                0x000004d8      0x128 ./Drivers/STM32F2xx_HAL_Driver/Src/stm32f2xx_hal_cortex.o
 .debug_aranges
                0x00000600       0x58 ./Drivers/STM32F2xx_HAL_Driver/Src/stm32f2xx_hal_gpio.o
 .debug_aranges
                0x00000658       0x88 ./Drivers/STM32F2xx_HAL_Driver/Src/stm32f2xx_hal_rcc.o
 .debug_aranges
                0x000006e0      0x3d0 ./Drivers/STM32F2xx_HAL_Driver/Src/stm32f2xx_hal_tim.o
 .debug_aranges
                0x00000ab0      0x168 ./Drivers/STM32F2xx_HAL_Driver/Src/stm32f2xx_hal_tim_ex.o

.debug_rnglists
                0x00000000      0x919
 .debug_rnglists
                0x00000000       0x31 ./Core/Src/app_clock.o
 .debug_rnglists
                0x00000031       0x2b ./Core/Src/button.o
 .debug_rnglists
                0x0000005c       0x25 ./Core/Src/button_event.o
 .debug_rnglists
                0x00000081       0x49 ./Core/Src/clock.o
 .debug_rnglists
                0x000000ca       0x6e ./Core/Src/lcd.o
 .debug_rnglists
                0x00000138       0x2d ./Core/Src/main.o
 .debug_rnglists
                0x00000165       0x37 ./Core/Src/menu.o
 .debug_rnglists
                0x0000019c       0x1f ./Core/Src/stm32f2xx_hal_msp.o
 .debug_rnglists
                0x000001bb       0x49 ./Core/Src/stm32f2xx_it.o
 .debug_rnglists
                0x00000204       0x13 ./Core/Src/sysmem.o
 .debug_rnglists
                0x00000217       0x1a ./Core/Src/system_stm32f2xx.o
 .debug_rnglists
                0x00000231       0x25 ./Core/Src/timer.o
 .debug_rnglists
                0x00000256       0x3d ./Core/Src/ui.o
 .debug_rnglists
                0x00000293       0x19 ./Core/Startup/startup_stm32f207vgtx.o
 .debug_rnglists
                0x000002ac       0xaf ./Drivers/STM32F2xx_HAL_Driver/Src/stm32f2xx_hal.o
 .debug_rnglists
                0x0000035b       0xd9 ./Drivers/STM32F2xx_HAL_Driver/Src/stm32f2xx_hal_cortex.o
 .debug_rnglists
                0x00000434       0x3f ./Drivers/STM32F2xx_HAL_Driver/Src/stm32f2xx_hal_gpio.o
 .debug_rnglists
                0x00000473       0x67 ./Drivers/STM32F2xx_HAL_Driver/Src/stm32f2xx_hal_rcc.o
 .debug_rnglists
                0x000004da      0x31a ./Drivers/STM32F2xx_HAL_Driver/Src/stm32f2xx_hal_tim.o
 .debug_rnglists
                0x000007f4      0x125 ./Drivers/STM32F2xx_HAL_Driver/Src/stm32f2xx_hal_tim_ex.o

.debug_macro    0x00000000    0x1fc78
 .debug_macro   0x00000000      0x223 ./Core/Src/app_clock.o
 .debug_macro   0x00000223      0xacc ./Core/Src/app_clock.o
 .debug_macro   0x00000cef      0x238 ./Core/Src/app_clock.o
 .debug_macro   0x00000f27       0x2e ./Core/Src/app_clock.o
 .debug_macro   0x00000f55       0x22 ./Core/Src/app_clock.o
 .debug_macro   0x00000f77       0x22 ./Core/Src/app_clock.o
 .debug_macro   0x00000f99       0x8e ./Core/Src/app_clock.o
 .debug_macro   0x00001027       0x51 ./Core/Src/app_clock.o
 .debug_macro   0x00001078      0x103 ./Core/Src/app_clock.o
 .debug_macro   0x0000117b       0x6a ./Core/Src/app_clock.o
 .debug_macro   0x000011e5      0x1df ./Core/Src/app_clock.o
 .debug_macro   0x000013c4       0x1c ./Core/Src/app_clock.o
 .debug_macro   0x000013e0       0x22 ./Core/Src/app_clock.o
 .debug_macro   0x00001402       0xbd ./Core/Src/app_clock.o
 .debug_macro   0x000014bf      0xe49 ./Core/Src/app_clock.o
 .debug_macro   0x00002308      0x11f ./Core/Src/app_clock.o
 .debug_macro   0x00002427    0x14fe1 ./Core/Src/app_clock.o
 .debug_macro   0x00017408       0x6d ./Core/Src/app_clock.o
 .debug_macro   0x00017475     0x35b3 ./Core/Src/app_clock.o
 .debug_macro   0x0001aa28      0x190 ./Core/Src/app_clock.o
 .debug_macro   0x0001abb8       0x55 ./Core/Src/app_clock.o
 .debug_macro   0x0001ac0d     0x1056 ./Core/Src/app_clock.o
 .debug_macro   0x0001bc63      0x153 ./Core/Src/app_clock.o
 .debug_macro   0x0001bdb6      0x170 ./Core/Src/app_clock.o
 .debug_macro   0x0001bf26      0x115 ./Core/Src/app_clock.o
 .debug_macro   0x0001c03b      0x108 ./Core/Src/app_clock.o
 .debug_macro   0x0001c143       0xa5 ./Core/Src/app_clock.o
 .debug_macro   0x0001c1e8      0x16a ./Core/Src/app_clock.o
 .debug_macro   0x0001c352      0x287 ./Core/Src/app_clock.o
 .debug_macro   0x0001c5d9       0x5f ./Core/Src/app_clock.o
 .debug_macro   0x0001c638      0x236 ./Core/Src/app_clock.o
 .debug_macro   0x0001c86e      0x126 ./Core/Src/app_clock.o
 .debug_macro   0x0001c994      0x216 ./Core/Src/app_clock.o
 .debug_macro   0x0001cbaa       0x2e ./Core/Src/app_clock.o
 .debug_macro   0x0001cbd8      0x113 ./Core/Src/app_clock.o
 .debug_macro   0x0001cceb       0x22 ./Core/Src/app_clock.o
 .debug_macro   0x0001cd0d       0x82 ./Core/Src/app_clock.o
 .debug_macro   0x0001cd8f      0x8ed ./Core/Src/app_clock.o
 .debug_macro   0x0001d67c       0x4c ./Core/Src/app_clock.o
 .debug_macro   0x0001d6c8      0x12d ./Core/Src/app_clock.o
 .debug_macro   0x0001d7f5       0xe8 ./Core/Src/app_clock.o
 .debug_macro   0x0001d8dd       0x22 ./Core/Src/app_clock.o
 .debug_macro   0x0001d8ff      0x1da ./Core/Src/button.o
 .debug_macro   0x0001dad9      0x1ea ./Core/Src/button_event.o
 .debug_macro   0x0001dcc3       0x6d ./Core/Src/clock.o
 .debug_macro   0x0001dd30      0x1cc ./Core/Src/lcd.o
 .debug_macro   0x0001defc      0x227 ./Core/Src/main.o
 .debug_macro   0x0001e123       0x6d ./Core/Src/menu.o
 .debug_macro   0x0001e190      0x1cc ./Core/Src/stm32f2xx_hal_msp.o
 .debug_macro   0x0001e35c      0x1d6 ./Core/Src/stm32f2xx_it.o
 .debug_macro   0x0001e532      0x112 ./Core/Src/sysmem.o
 .debug_macro   0x0001e644      0x23c ./Core/Src/sysmem.o
 .debug_macro   0x0001e880      0x1bd ./Core/Src/system_stm32f2xx.o
 .debug_macro   0x0001ea3d      0x1e3 ./Core/Src/timer.o
 .debug_macro   0x0001ec20      0x2de ./Core/Src/ui.o
 .debug_macro   0x0001eefe       0x61 ./Core/Src/ui.o
 .debug_macro   0x0001ef5f       0x16 ./Core/Src/ui.o
 .debug_macro   0x0001ef75       0x9e ./Core/Src/ui.o
 .debug_macro   0x0001f013      0x112 ./Core/Src/ui.o
 .debug_macro   0x0001f125       0x16 ./Core/Src/ui.o
 .debug_macro   0x0001f13b       0x4f ./Core/Src/ui.o
 .debug_macro   0x0001f18a      0x20b ./Drivers/STM32F2xx_HAL_Driver/Src/stm32f2xx_hal.o
 .debug_macro   0x0001f395      0x1bd ./Drivers/STM32F2xx_HAL_Driver/Src/stm32f2xx_hal_cortex.o
 .debug_macro   0x0001f552      0x1c4 ./Drivers/STM32F2xx_HAL_Driver/Src/stm32f2xx_hal_gpio.o
 .debug_macro   0x0001f716      0x1e7 ./Drivers/STM32F2xx_HAL_Driver/Src/stm32f2xx_hal_rcc.o
 .debug_macro   0x0001f8fd      0x1be ./Drivers/STM32F2xx_HAL_Driver/Src/stm32f2xx_hal_tim.o
 .debug_macro   0x0001fabb      0x1bd ./Drivers/STM32F2xx_HAL_Driver/Src/stm32f2xx_hal_tim_ex.o

.debug_line     0x00000000     0xf2ae
 .debug_line    0x00000000      0x8e1 ./Core/Src/app_clock.o
 .debug_line    0x000008e1      0x882 ./Core/Src/button.o
 .debug_line    0x00001163      0x86a ./Core/Src/button_event.o
 .debug_line    0x000019cd      0x619 ./Core/Src/clock.o
 .debug_line    0x00001fe6      0x969 ./Core/Src/lcd.o
 .debug_line    0x0000294f      0x942 ./Core/Src/main.o
 .debug_line    0x00003291      0x581 ./Core/Src/menu.o
 .debug_line    0x00003812      0x7f0 ./Core/Src/stm32f2xx_hal_msp.o
 .debug_line    0x00004002      0x87c ./Core/Src/stm32f2xx_it.o
 .debug_line    0x0000487e      0x733 ./Core/Src/sysmem.o
 .debug_line    0x00004fb1      0x832 ./Core/Src/system_stm32f2xx.o
 .debug_line    0x000057e3      0x81e ./Core/Src/timer.o
 .debug_line    0x00006001      0xafd ./Core/Src/ui.o
 .debug_line    0x00006afe       0x7a ./Core/Startup/startup_stm32f207vgtx.o
 .debug_line    0x00006b78      0xafc ./Drivers/STM32F2xx_HAL_Driver/Src/stm32f2xx_hal.o
 .debug_line    0x00007674      0xd5c ./Drivers/STM32F2xx_HAL_Driver/Src/stm32f2xx_hal_cortex.o
 .debug_line    0x000083d0      0xc0a ./Drivers/STM32F2xx_HAL_Driver/Src/stm32f2xx_hal_gpio.o
 .debug_line    0x00008fda     0x10a5 ./Drivers/STM32F2xx_HAL_Driver/Src/stm32f2xx_hal_rcc.o
 .debug_line    0x0000a07f     0x382a ./Drivers/STM32F2xx_HAL_Driver/Src/stm32f2xx_hal_tim.o
 .debug_line    0x0000d8a9     0x1a05 ./Drivers/STM32F2xx_HAL_Driver/Src/stm32f2xx_hal_tim_ex.o

.debug_str      0x00000000    0xc0d66
 .debug_str     0x00000000    0xc0d66 ./Core/Src/app_clock.o
                              0xba159 (size before relaxing)
 .debug_str     0x000c0d66    0xb9f74 ./Core/Src/button.o
 .debug_str     0x000c0d66    0xb9f87 ./Core/Src/button_event.o
 .debug_str     0x000c0d66     0x3e1e ./Core/Src/clock.o
 .debug_str     0x000c0d66    0xba00e ./Core/Src/lcd.o
 .debug_str     0x000c0d66    0xba8dc ./Core/Src/main.o
 .debug_str     0x000c0d66     0x3e79 ./Core/Src/menu.o
 .debug_str     0x000c0d66    0xbaa0e ./Core/Src/stm32f2xx_hal_msp.o
 .debug_str     0x000c0d66    0xba46a ./Core/Src/stm32f2xx_it.o
 .debug_str     0x000c0d66     0x769e ./Core/Src/sysmem.o
 .debug_str     0x000c0d66    0xb9ce3 ./Core/Src/system_stm32f2xx.o
 .debug_str     0x000c0d66    0xba470 ./Core/Src/timer.o
 .debug_str     0x000c0d66    0xbd73e ./Core/Src/ui.o
 .debug_str     0x000c0d66       0x6e ./Core/Startup/startup_stm32f207vgtx.o
 .debug_str     0x000c0d66    0xba82f ./Drivers/STM32F2xx_HAL_Driver/Src/stm32f2xx_hal.o
 .debug_str     0x000c0d66    0xba626 ./Drivers/STM32F2xx_HAL_Driver/Src/stm32f2xx_hal_cortex.o
 .debug_str     0x000c0d66    0xb9ea1 ./Drivers/STM32F2xx_HAL_Driver/Src/stm32f2xx_hal_gpio.o
 .debug_str     0x000c0d66    0xba195 ./Drivers/STM32F2xx_HAL_Driver/Src/stm32f2xx_hal_rcc.o
 .debug_str     0x000c0d66    0xbb0c1 ./Drivers/STM32F2xx_HAL_Driver/Src/stm32f2xx_hal_tim.o
 .debug_str     0x000c0d66    0xba8cd ./Drivers/STM32F2xx_HAL_Driver/Src/stm32f2xx_hal_tim_ex.o

.comment        0x00000000       0x43
 .comment       0x00000000       0x43 ./Core/Src/app_clock.o
                                 0x44 (size before relaxing)
 .comment       0x00000043       0x44 ./Core/Src/button.o
 .comment       0x00000043       0x44 ./Core/Src/button_event.o
 .comment       0x00000043       0x44 ./Core/Src/clock.o
 .comment       0x00000043       0x44 ./Core/Src/lcd.o
 .comment       0x00000043       0x44 ./Core/Src/main.o
 .comment       0x00000043       0x44 ./Core/Src/menu.o
 .comment       0x00000043       0x44 ./Core/Src/stm32f2xx_hal_msp.o
 .comment       0x00000043       0x44 ./Core/Src/stm32f2xx_it.o
 .comment       0x00000043       0x44 ./Core/Src/sysmem.o
 .comment       0x00000043       0x44 ./Core/Src/system_stm32f2xx.o
 .comment       0x00000043       0x44 ./Core/Src/timer.o
 .comment       0x00000043       0x44 ./Core/Src/ui.o
 .comment       0x00000043       0x44 ./Drivers/STM32F2xx_HAL_Driver/Src/stm32f2xx_hal.o
 .comment       0x00000043       0x44 ./Drivers/STM32F2xx_HAL_Driver/Src/stm32f2xx_hal_cortex.o
 .comment       0x00000043       0x44 ./Drivers/STM32F2xx_HAL_Driver/Src/stm32f2xx_hal_gpio.o
 .comment       0x00000043       0x44 ./Drivers/STM32F2xx_HAL_Driver/Src/stm32f2xx_hal_rcc.o
 .comment       0x00000043       0x44 ./Drivers/STM32F2xx_HAL_Driver/Src/stm32f2xx_hal_tim.o
 .comment       0x00000043       0x44 ./Drivers/STM32F2xx_HAL_Driver/Src/stm32f2xx_hal_tim_ex.o

.debug_frame    0x00000000     0x32a0
 .debug_frame   0x00000000       0xd0 ./Core/Src/app_clock.o
 .debug_frame   0x000000d0       0xbc ./Core/Src/button.o
 .debug_frame   0x0000018c       0x98 ./Core/Src/button_event.o
 .debug_frame   0x00000224      0x138 ./Core/Src/clock.o
 .debug_frame   0x0000035c      0x208 ./Core/Src/lcd.o
 .debug_frame   0x00000564       0xb0 ./Core/Src/main.o
 .debug_frame   0x00000614       0xfc ./Core/Src/menu.o
 .debug_frame   0x00000710       0x7c ./Core/Src/stm32f2xx_hal_msp.o
 .debug_frame   0x0000078c      0x114 ./Core/Src/stm32f2xx_it.o
 .debug_frame   0x000008a0       0x34 ./Core/Src/sysmem.o
 .debug_frame   0x000008d4       0x50 ./Core/Src/system_stm32f2xx.o
 .debug_frame   0x00000924       0x90 ./Core/Src/timer.o
 .debug_frame   0x000009b4      0x100 ./Core/Src/ui.o
 .debug_frame   0x00000ab4      0x32c ./Drivers/STM32F2xx_HAL_Driver/Src/stm32f2xx_hal.o
 .debug_frame   0x00000de0      0x49c ./Drivers/STM32F2xx_HAL_Driver/Src/stm32f2xx_hal_cortex.o
 .debug_frame   0x0000127c      0x130 ./Drivers/STM32F2xx_HAL_Driver/Src/stm32f2xx_hal_gpio.o
 .debug_frame   0x000013ac      0x1f0 ./Drivers/STM32F2xx_HAL_Driver/Src/stm32f2xx_hal_rcc.o
 .debug_frame   0x0000159c     0x10f0 ./Drivers/STM32F2xx_HAL_Driver/Src/stm32f2xx_hal_tim.o
 .debug_frame   0x0000268c      0x600 ./Drivers/STM32F2xx_HAL_Driver/Src/stm32f2xx_hal_tim_ex.o
 .debug_frame   0x00002c8c      0x144 D:/STM32CUBEIDE/PROGRAM/STM32CubeIDE_2.1.1/STM32CubeIDE/plugins/com.st.stm32cube.ide.mcu.externaltools.gnu-tools-for-stm32.14.3.rel1.win32_1.0.100.202602081740/tools/bin/../lib/gcc/arm-none-eabi/14.3.1/../../../../arm-none-eabi/lib/thumb/v7-m/nofp\libc_nano.a(libc_a-findfp.o)
 .debug_frame   0x00002dd0       0x74 D:/STM32CUBEIDE/PROGRAM/STM32CubeIDE_2.1.1/STM32CubeIDE/plugins/com.st.stm32cube.ide.mcu.externaltools.gnu-tools-for-stm32.14.3.rel1.win32_1.0.100.202602081740/tools/bin/../lib/gcc/arm-none-eabi/14.3.1/../../../../arm-none-eabi/lib/thumb/v7-m/nofp\libc_nano.a(libc_a-sprintf.o)
 .debug_frame   0x00002e44       0x20 D:/STM32CUBEIDE/PROGRAM/STM32CubeIDE_2.1.1/STM32CubeIDE/plugins/com.st.stm32cube.ide.mcu.externaltools.gnu-tools-for-stm32.14.3.rel1.win32_1.0.100.202602081740/tools/bin/../lib/gcc/arm-none-eabi/14.3.1/../../../../arm-none-eabi/lib/thumb/v7-m/nofp\libc_nano.a(libc_a-memset.o)
 .debug_frame   0x00002e64       0x38 D:/STM32CUBEIDE/PROGRAM/STM32CubeIDE_2.1.1/STM32CubeIDE/plugins/com.st.stm32cube.ide.mcu.externaltools.gnu-tools-for-stm32.14.3.rel1.win32_1.0.100.202602081740/tools/bin/../lib/gcc/arm-none-eabi/14.3.1/../../../../arm-none-eabi/lib/thumb/v7-m/nofp\libc_nano.a(libc_a-reent.o)
 .debug_frame   0x00002e9c       0x20 D:/STM32CUBEIDE/PROGRAM/STM32CubeIDE_2.1.1/STM32CubeIDE/plugins/com.st.stm32cube.ide.mcu.externaltools.gnu-tools-for-stm32.14.3.rel1.win32_1.0.100.202602081740/tools/bin/../lib/gcc/arm-none-eabi/14.3.1/../../../../arm-none-eabi/lib/thumb/v7-m/nofp\libc_nano.a(libc_a-errno.o)
 .debug_frame   0x00002ebc       0x2c D:/STM32CUBEIDE/PROGRAM/STM32CubeIDE_2.1.1/STM32CubeIDE/plugins/com.st.stm32cube.ide.mcu.externaltools.gnu-tools-for-stm32.14.3.rel1.win32_1.0.100.202602081740/tools/bin/../lib/gcc/arm-none-eabi/14.3.1/../../../../arm-none-eabi/lib/thumb/v7-m/nofp\libc_nano.a(libc_a-init.o)
 .debug_frame   0x00002ee8       0xb0 D:/STM32CUBEIDE/PROGRAM/STM32CubeIDE_2.1.1/STM32CubeIDE/plugins/com.st.stm32cube.ide.mcu.externaltools.gnu-tools-for-stm32.14.3.rel1.win32_1.0.100.202602081740/tools/bin/../lib/gcc/arm-none-eabi/14.3.1/../../../../arm-none-eabi/lib/thumb/v7-m/nofp\libc_nano.a(libc_a-lock.o)
 .debug_frame   0x00002f98       0x38 D:/STM32CUBEIDE/PROGRAM/STM32CubeIDE_2.1.1/STM32CubeIDE/plugins/com.st.stm32cube.ide.mcu.externaltools.gnu-tools-for-stm32.14.3.rel1.win32_1.0.100.202602081740/tools/bin/../lib/gcc/arm-none-eabi/14.3.1/../../../../arm-none-eabi/lib/thumb/v7-m/nofp\libc_nano.a(libc_a-freer.o)
 .debug_frame   0x00002fd0       0x50 D:/STM32CUBEIDE/PROGRAM/STM32CubeIDE_2.1.1/STM32CubeIDE/plugins/com.st.stm32cube.ide.mcu.externaltools.gnu-tools-for-stm32.14.3.rel1.win32_1.0.100.202602081740/tools/bin/../lib/gcc/arm-none-eabi/14.3.1/../../../../arm-none-eabi/lib/thumb/v7-m/nofp\libc_nano.a(libc_a-mallocr.o)
 .debug_frame   0x00003020       0x30 D:/STM32CUBEIDE/PROGRAM/STM32CubeIDE_2.1.1/STM32CubeIDE/plugins/com.st.stm32cube.ide.mcu.externaltools.gnu-tools-for-stm32.14.3.rel1.win32_1.0.100.202602081740/tools/bin/../lib/gcc/arm-none-eabi/14.3.1/../../../../arm-none-eabi/lib/thumb/v7-m/nofp\libc_nano.a(libc_a-mlock.o)
 .debug_frame   0x00003050       0x90 D:/STM32CUBEIDE/PROGRAM/STM32CubeIDE_2.1.1/STM32CubeIDE/plugins/com.st.stm32cube.ide.mcu.externaltools.gnu-tools-for-stm32.14.3.rel1.win32_1.0.100.202602081740/tools/bin/../lib/gcc/arm-none-eabi/14.3.1/../../../../arm-none-eabi/lib/thumb/v7-m/nofp\libc_nano.a(libc_a-nano-svfprintf.o)
 .debug_frame   0x000030e0       0x60 D:/STM32CUBEIDE/PROGRAM/STM32CubeIDE_2.1.1/STM32CubeIDE/plugins/com.st.stm32cube.ide.mcu.externaltools.gnu-tools-for-stm32.14.3.rel1.win32_1.0.100.202602081740/tools/bin/../lib/gcc/arm-none-eabi/14.3.1/../../../../arm-none-eabi/lib/thumb/v7-m/nofp\libc_nano.a(libc_a-nano-vfprintf_i.o)
 .debug_frame   0x00003140       0x28 D:/STM32CUBEIDE/PROGRAM/STM32CubeIDE_2.1.1/STM32CubeIDE/plugins/com.st.stm32cube.ide.mcu.externaltools.gnu-tools-for-stm32.14.3.rel1.win32_1.0.100.202602081740/tools/bin/../lib/gcc/arm-none-eabi/14.3.1/../../../../arm-none-eabi/lib/thumb/v7-m/nofp\libc_nano.a(libc_a-memmove.o)
 .debug_frame   0x00003168       0x2c D:/STM32CUBEIDE/PROGRAM/STM32CubeIDE_2.1.1/STM32CubeIDE/plugins/com.st.stm32cube.ide.mcu.externaltools.gnu-tools-for-stm32.14.3.rel1.win32_1.0.100.202602081740/tools/bin/../lib/gcc/arm-none-eabi/14.3.1/../../../../arm-none-eabi/lib/thumb/v7-m/nofp\libc_nano.a(libc_a-sbrkr.o)
 .debug_frame   0x00003194       0x28 D:/STM32CUBEIDE/PROGRAM/STM32CubeIDE_2.1.1/STM32CubeIDE/plugins/com.st.stm32cube.ide.mcu.externaltools.gnu-tools-for-stm32.14.3.rel1.win32_1.0.100.202602081740/tools/bin/../lib/gcc/arm-none-eabi/14.3.1/../../../../arm-none-eabi/lib/thumb/v7-m/nofp\libc_nano.a(libc_a-memchr-stub.o)
 .debug_frame   0x000031bc       0x28 D:/STM32CUBEIDE/PROGRAM/STM32CubeIDE_2.1.1/STM32CubeIDE/plugins/com.st.stm32cube.ide.mcu.externaltools.gnu-tools-for-stm32.14.3.rel1.win32_1.0.100.202602081740/tools/bin/../lib/gcc/arm-none-eabi/14.3.1/../../../../arm-none-eabi/lib/thumb/v7-m/nofp\libc_nano.a(libc_a-memcpy-stub.o)
 .debug_frame   0x000031e4       0x3c D:/STM32CUBEIDE/PROGRAM/STM32CubeIDE_2.1.1/STM32CubeIDE/plugins/com.st.stm32cube.ide.mcu.externaltools.gnu-tools-for-stm32.14.3.rel1.win32_1.0.100.202602081740/tools/bin/../lib/gcc/arm-none-eabi/14.3.1/../../../../arm-none-eabi/lib/thumb/v7-m/nofp\libc_nano.a(libc_a-reallocr.o)
 .debug_frame   0x00003220       0x20 D:/STM32CUBEIDE/PROGRAM/STM32CubeIDE_2.1.1/STM32CubeIDE/plugins/com.st.stm32cube.ide.mcu.externaltools.gnu-tools-for-stm32.14.3.rel1.win32_1.0.100.202602081740/tools/bin/../lib/gcc/arm-none-eabi/14.3.1/../../../../arm-none-eabi/lib/thumb/v7-m/nofp\libc_nano.a(libc_a-msizer.o)
 .debug_frame   0x00003240       0x2c D:/STM32CUBEIDE/PROGRAM/STM32CubeIDE_2.1.1/STM32CubeIDE/plugins/com.st.stm32cube.ide.mcu.externaltools.gnu-tools-for-stm32.14.3.rel1.win32_1.0.100.202602081740/tools/bin/../lib/gcc/arm-none-eabi/14.3.1/thumb/v7-m/nofp\libgcc.a(_aeabi_uldivmod.o)
 .debug_frame   0x0000326c       0x34 D:/STM32CUBEIDE/PROGRAM/STM32CubeIDE_2.1.1/STM32CubeIDE/plugins/com.st.stm32cube.ide.mcu.externaltools.gnu-tools-for-stm32.14.3.rel1.win32_1.0.100.202602081740/tools/bin/../lib/gcc/arm-none-eabi/14.3.1/thumb/v7-m/nofp\libgcc.a(_udivmoddi4.o)

.debug_line_str
                0x00000000       0x52
 .debug_line_str
                0x00000000       0x52 ./Core/Startup/startup_stm32f207vgtx.o
