../Core/Src/lcd.c:38:13:lcd_write_bus	24	static
../Core/Src/lcd.c:51:13:lcd_enable_pulse	8	static
../Core/Src/lcd.c:59:13:lcd_send_byte	24	static
../Core/Src/lcd.c:71:13:lcd_send_cmd	16	static
../Core/Src/lcd.c:79:13:lcd_send_data	16	static
../Core/Src/lcd.c:90:6:lcd_init	8	static
../Core/Src/lcd.c:124:6:lcd_clear	8	static
../Core/Src/lcd.c:131:6:lcd_set_cursor	24	static
../Core/Src/lcd.c:148:6:lcd_putc	16	static
../Core/Src/lcd.c:153:6:lcd_print	16	static
../Core/Src/lcd.c:163:6:lcd_create_char	24	static
../Core/Src/lcd.c:194:6:lcd_write_char	16	static
../Core/Src/lcd.c:202:6:lcd_display_on	8	static
../Core/Src/lcd.c:207:6:lcd_display_off	8	static
../Core/Src/lcd.c:216:6:lcd_cursor_on	8	static
../Core/Src/lcd.c:221:6:lcd_cursor_off	8	static
../Core/Src/lcd.c:230:6:lcd_blink_on	8	static
../Core/Src/lcd.c:235:6:lcd_blink_off	8	static
