../Core/Src/main.c:102:6:SendByte	24	static
../Core/Src/main.c:111:6:DisplayDigit	16	static
../Core/Src/main.c:122:6:delay_ms	16	static
../Core/Src/main.c:133:5:main	8	static
../Core/Src/main.c:194:6:SystemClock_Config	88	static
../Core/Src/main.c:236:13:MX_TIM1_Init	32	static
../Core/Src/main.c:282:13:MX_GPIO_Init	40	static
../Core/Src/main.c:320:6:KhoidongLED	8	static
../Core/Src/main.c:331:6:Ketthuc	8	static
../Core/Src/main.c:340:6:SendBitLED	16	static
../Core/Src/main.c:356:6:Error_Handler	4	static,ignoring_inline_asm
