Archive member included to satisfy reference by file (symbol)

D:/STM32CUBEIDE/PROGRAM/STM32CubeIDE_2.1.1/STM32CubeIDE/plugins/com.st.stm32cube.ide.mcu.externaltools.gnu-tools-for-stm32.14.3.rel1.win32_1.0.100.202602081740/tools/bin/../lib/gcc/arm-none-eabi/14.3.1/../../../../arm-none-eabi/lib/thumb/v7-m/nofp\libc_nano.a(libc_a-exit.o)
                              D:/STM32CUBEIDE/PROGRAM/STM32CubeIDE_2.1.1/STM32CubeIDE/plugins/com.st.stm32cube.ide.mcu.externaltools.gnu-tools-for-stm32.14.3.rel1.win32_1.0.100.202602081740/tools/bin/../lib/gcc/arm-none-eabi/14.3.1/../../../../arm-none-eabi/lib/thumb/v7-m/nofp/crt0.o (exit)
D:/STM32CUBEIDE/PROGRAM/STM32CubeIDE_2.1.1/STM32CubeIDE/plugins/com.st.stm32cube.ide.mcu.externaltools.gnu-tools-for-stm32.14.3.rel1.win32_1.0.100.202602081740/tools/bin/../lib/gcc/arm-none-eabi/14.3.1/../../../../arm-none-eabi/lib/thumb/v7-m/nofp\libc_nano.a(libc_a-findfp.o)
                              D:/STM32CUBEIDE/PROGRAM/STM32CubeIDE_2.1.1/STM32CubeIDE/plugins/com.st.stm32cube.ide.mcu.externaltools.gnu-tools-for-stm32.14.3.rel1.win32_1.0.100.202602081740/tools/bin/../lib/gcc/arm-none-eabi/14.3.1/../../../../arm-none-eabi/lib/thumb/v7-m/nofp\libc_nano.a(libc_a-exit.o) (__stdio_exit_handler)
D:/STM32CUBEIDE/PROGRAM/STM32CubeIDE_2.1.1/STM32CubeIDE/plugins/com.st.stm32cube.ide.mcu.externaltools.gnu-tools-for-stm32.14.3.rel1.win32_1.0.100.202602081740/tools/bin/../lib/gcc/arm-none-eabi/14.3.1/../../../../arm-none-eabi/lib/thumb/v7-m/nofp\libc_nano.a(libc_a-fwalk.o)
                              D:/STM32CUBEIDE/PROGRAM/STM32CubeIDE_2.1.1/STM32CubeIDE/plugins/com.st.stm32cube.ide.mcu.externaltools.gnu-tools-for-stm32.14.3.rel1.win32_1.0.100.202602081740/tools/bin/../lib/gcc/arm-none-eabi/14.3.1/../../../../arm-none-eabi/lib/thumb/v7-m/nofp\libc_nano.a(libc_a-findfp.o) (_fwalk_sglue)
D:/STM32CUBEIDE/PROGRAM/STM32CubeIDE_2.1.1/STM32CubeIDE/plugins/com.st.stm32cube.ide.mcu.externaltools.gnu-tools-for-stm32.14.3.rel1.win32_1.0.100.202602081740/tools/bin/../lib/gcc/arm-none-eabi/14.3.1/../../../../arm-none-eabi/lib/thumb/v7-m/nofp\libc_nano.a(libc_a-sprintf.o)
                              ./Core/Src/ui.o (sprintf)
D:/STM32CUBEIDE/PROGRAM/STM32CubeIDE_2.1.1/STM32CubeIDE/plugins/com.st.stm32cube.ide.mcu.externaltools.gnu-tools-for-stm32.14.3.rel1.win32_1.0.100.202602081740/tools/bin/../lib/gcc/arm-none-eabi/14.3.1/../../../../arm-none-eabi/lib/thumb/v7-m/nofp\libc_nano.a(libc_a-stdio.o)
                              D:/STM32CUBEIDE/PROGRAM/STM32CubeIDE_2.1.1/STM32CubeIDE/plugins/com.st.stm32cube.ide.mcu.externaltools.gnu-tools-for-stm32.14.3.rel1.win32_1.0.100.202602081740/tools/bin/../lib/gcc/arm-none-eabi/14.3.1/../../../../arm-none-eabi/lib/thumb/v7-m/nofp\libc_nano.a(libc_a-findfp.o) (__sread)
D:/STM32CUBEIDE/PROGRAM/STM32CubeIDE_2.1.1/STM32CubeIDE/plugins/com.st.stm32cube.ide.mcu.externaltools.gnu-tools-for-stm32.14.3.rel1.win32_1.0.100.202602081740/tools/bin/../lib/gcc/arm-none-eabi/14.3.1/../../../../arm-none-eabi/lib/thumb/v7-m/nofp\libc_nano.a(libc_a-memset.o)
                              D:/STM32CUBEIDE/PROGRAM/STM32CubeIDE_2.1.1/STM32CubeIDE/plugins/com.st.stm32cube.ide.mcu.externaltools.gnu-tools-for-stm32.14.3.rel1.win32_1.0.100.202602081740/tools/bin/../lib/gcc/arm-none-eabi/14.3.1/../../../../arm-none-eabi/lib/thumb/v7-m/nofp/crt0.o (memset)
D:/STM32CUBEIDE/PROGRAM/STM32CubeIDE_2.1.1/STM32CubeIDE/plugins/com.st.stm32cube.ide.mcu.externaltools.gnu-tools-for-stm32.14.3.rel1.win32_1.0.100.202602081740/tools/bin/../lib/gcc/arm-none-eabi/14.3.1/../../../../arm-none-eabi/lib/thumb/v7-m/nofp\libc_nano.a(libc_a-closer.o)
                              D:/STM32CUBEIDE/PROGRAM/STM32CubeIDE_2.1.1/STM32CubeIDE/plugins/com.st.stm32cube.ide.mcu.externaltools.gnu-tools-for-stm32.14.3.rel1.win32_1.0.100.202602081740/tools/bin/../lib/gcc/arm-none-eabi/14.3.1/../../../../arm-none-eabi/lib/thumb/v7-m/nofp\libc_nano.a(libc_a-stdio.o) (_close_r)
D:/STM32CUBEIDE/PROGRAM/STM32CubeIDE_2.1.1/STM32CubeIDE/plugins/com.st.stm32cube.ide.mcu.externaltools.gnu-tools-for-stm32.14.3.rel1.win32_1.0.100.202602081740/tools/bin/../lib/gcc/arm-none-eabi/14.3.1/../../../../arm-none-eabi/lib/thumb/v7-m/nofp\libc_nano.a(libc_a-reent.o)
                              D:/STM32CUBEIDE/PROGRAM/STM32CubeIDE_2.1.1/STM32CubeIDE/plugins/com.st.stm32cube.ide.mcu.externaltools.gnu-tools-for-stm32.14.3.rel1.win32_1.0.100.202602081740/tools/bin/../lib/gcc/arm-none-eabi/14.3.1/../../../../arm-none-eabi/lib/thumb/v7-m/nofp\libc_nano.a(libc_a-closer.o) (errno)
D:/STM32CUBEIDE/PROGRAM/STM32CubeIDE_2.1.1/STM32CubeIDE/plugins/com.st.stm32cube.ide.mcu.externaltools.gnu-tools-for-stm32.14.3.rel1.win32_1.0.100.202602081740/tools/bin/../lib/gcc/arm-none-eabi/14.3.1/../../../../arm-none-eabi/lib/thumb/v7-m/nofp\libc_nano.a(libc_a-impure.o)
[...]
Memory Configuration

Name             Origin             Length             Attributes
RAM              0x20000000         0x0001c000         xrw
RAM2             0x2001c000         0x00004000         xrw
FLASH            0x08000000         0x00040000         xr
*default*        0x00000000         0xffffffff

Linker script and memory map

LOAD D:/STM32CUBEIDE/PROGRAM/STM32CubeIDE_2.1.1/STM32CubeIDE/plugins/com.st.stm32cube.ide.mcu.externaltools.gnu-tools-for-stm32.14.3.rel1.win32_1.0.100.202602081740/tools/bin/../lib/gcc/arm-none-eabi/14.3.1/thumb/v7-m/nofp/crti.o
LOAD D:/STM32CUBEIDE/PROGRAM/STM32CubeIDE_2.1.1/STM32CubeIDE/plugins/com.st.stm32cube.ide.mcu.externaltools.gnu-tools-for-stm32.14.3.rel1.win32_1.0.100.202602081740/tools/bin/../lib/gcc/arm-none-eabi/14.3.1/thumb/v7-m/nofp/crtbegin.o
LOAD D:/STM32CUBEIDE/PROGRAM/STM32CubeIDE_2.1.1/STM32CubeIDE/plugins/com.st.stm32cube.ide.mcu.externaltools.gnu-tools-for-stm32.14.3.rel1.win32_1.0.100.202602081740/tools/bin/../lib/gcc/arm-none-eabi/14.3.1/../../../../arm-none-eabi/lib/thumb/v7-m/nofp/crt0.o
LOAD ./Core/Src/alarm.o
LOAD ./Core/Src/app_clock.o
LOAD ./Core/Src/button.o
LOAD ./Core/Src/button_event.o
LOAD ./Core/Src/buzzer.o
LOAD ./Core/Src/clock.o
LOAD ./Core/Src/lcd.o
LOAD ./Core/Src/led.o
LOAD ./Core/Src/main.o
LOAD ./Core/Src/menu.o
LOAD ./Core/Src/stm32f2xx_hal_msp.o
LOAD ./Core/Src/stm32f2xx_it.o
LOAD ./Core/Src/syscalls.o
LOAD ./Core/Src/sysmem.o
LOAD ./Core/Src/system_stm32f2xx.o
LOAD ./Core/Src/timer.o
LOAD ./Core/Src/ui.o
LOAD ./Core/Startup/startup_stm32f207vctx.o
LOAD ./Drivers/STM32F2xx_HAL_Driver/Src/stm32f2xx_hal.o
LOAD ./Drivers/STM32F2xx_HAL_Driver/Src/stm32f2xx_hal_cortex.o
LOAD ./Drivers/STM32F2xx_HAL_Driver/Src/stm32f2xx_hal_dma.o
LOAD ./Drivers/STM32F2xx_HAL_Driver/Src/stm32f2xx_hal_dma_ex.o
LOAD ./Drivers/STM32F2xx_HAL_Driver/Src/stm32f2xx_hal_exti.o
LOAD ./Drivers/STM32F2xx_HAL_Driver/Src/stm32f2xx_hal_flash.o
LOAD ./Drivers/STM32F2xx_HAL_Driver/Src/stm32f2xx_hal_flash_ex.o
LOAD ./Drivers/STM32F2xx_HAL_Driver/Src/stm32f2xx_hal_gpio.o
LOAD ./Drivers/STM32F2xx_HAL_Driver/Src/stm32f2xx_hal_pwr.o
LOAD ./Drivers/STM32F2xx_HAL_Driver/Src/stm32f2xx_hal_pwr_ex.o
LOAD ./Drivers/STM32F2xx_HAL_Driver/Src/stm32f2xx_hal_rcc.o
LOAD ./Drivers/STM32F2xx_HAL_Driver/Src/stm32f2xx_hal_rcc_ex.o
LOAD ./Drivers/STM32F2xx_HAL_Driver/Src/stm32f2xx_hal_tim.o
LOAD ./Drivers/STM32F2xx_HAL_Driver/Src/stm32f2xx_hal_tim_ex.o
START GROUP
LOAD D:/STM32CUBEIDE/PROGRAM/STM32CubeIDE_2.1.1/STM32CubeIDE/plugins/com.st.stm32cube.ide.mcu.externaltools.gnu-tools-for-stm32.14.3.rel1.win32_1.0.100.202602081740/tools/bin/../lib/gcc/arm-none-eabi/14.3.1/../../../../arm-none-eabi/lib/thumb/v7-m/nofp\libc_nano.a
LOAD D:/STM32CUBEIDE/PROGRAM/STM32CubeIDE_2.1.1/STM32CubeIDE/plugins/com.st.stm32cube.ide.mcu.externaltools.gnu-tools-for-stm32.14.3.rel1.win32_1.0.100.202602081740/tools/bin/../lib/gcc/arm-none-eabi/14.3.1/../../../../arm-none-eabi/lib/thumb/v7-m/nofp\libm.a
END GROUP
START GROUP
LOAD D:/STM32CUBEIDE/PROGRAM/STM32CubeIDE_2.1.1/STM32CubeIDE/plugins/com.st.stm32cube.ide.mcu.externaltools.gnu-tools-for-stm32.14.3.rel1.win32_1.0.100.202602081740/tools/bin/../lib/gcc/arm-none-eabi/14.3.1/thumb/v7-m/nofp\libgcc.a
LOAD D:/STM32CUBEIDE/PROGRAM/STM32CubeIDE_2.1.1/STM32CubeIDE/plugins/com.st.stm32cube.ide.mcu.externaltools.gnu-tools-for-stm32.14.3.rel1.win32_1.0.100.202602081740/tools/bin/../lib/gcc/arm-none-eabi/14.3.1/../../../../arm-none-eabi/lib/thumb/v7-m/nofp\libc_nano.a
END GROUP
START GROUP
LOAD D:/STM32CUBEIDE/PROGRAM/STM32CubeIDE_2.1.1/STM32CubeIDE/plugins/com.st.stm32cube.ide.mcu.externaltools.gnu-tools-for-stm32.14.3.rel1.win32_1.0.100.202602081740/tools/bin/../lib/gcc/arm-none-eabi/14.3.1/thumb/v7-m/nofp\libgcc.a
LOAD D:/STM32CUBEIDE/PROGRAM/STM32CubeIDE_2.1.1/STM32CubeIDE/plugins/com.st.stm32cube.ide.mcu.externaltools.gnu-tools-for-stm32.14.3.rel1.win32_1.0.100.202602081740/tools/bin/../lib/gcc/arm-none-eabi/14.3.1/../../../../arm-none-eabi/lib/thumb/v7-m/nofp\libc_nano.a
LOAD D:/STM32CUBEIDE/PROGRAM/STM32CubeIDE_2.1.1/STM32CubeIDE/plugins/com.st.stm32cube.ide.mcu.externaltools.gnu-tools-for-stm32.14.3.rel1.win32_1.0.100.202602081740/tools/bin/../lib/gcc/arm-none-eabi/14.3.1/../../../../arm-none-eabi/lib/thumb/v7-m/nofp\libnosys.a
END GROUP
START GROUP
LOAD D:/STM32CUBEIDE/PROGRAM/STM32CubeIDE_2.1.1/STM32CubeIDE/plugins/com.st.stm32cube.ide.mcu.externaltools.gnu-tools-for-stm32.14.3.rel1.win32_1.0.100.202602081740/tools/bin/../lib/gcc/arm-none-eabi/14.3.1/thumb/v7-m/nofp\libgcc.a
LOAD D:/STM32CUBEIDE/PROGRAM/STM32CubeIDE_2.1.1/STM32CubeIDE/plugins/com.st.stm32cube.ide.mcu.externaltools.gnu-tools-for-stm32.14.3.rel1.win32_1.0.100.202602081740/tools/bin/../lib/gcc/arm-none-eabi/14.3.1/../../../../arm-none-eabi/lib/thumb/v7-m/nofp\libc_nano.a
LOAD D:/STM32CUBEIDE/PROGRAM/STM32CubeIDE_2.1.1/STM32CubeIDE/plugins/com.st.stm32cube.ide.mcu.externaltools.gnu-tools-for-stm32.14.3.rel1.win32_1.0.100.202602081740/tools/bin/../lib/gcc/arm-none-eabi/14.3.1/../../../../arm-none-eabi/lib/thumb/v7-m/nofp\libnosys.a
END GROUP
LOAD D:/STM32CUBEIDE/PROGRAM/STM32CubeIDE_2.1.1/STM32CubeIDE/plugins/com.st.stm32cube.ide.mcu.externaltools.gnu-tools-for-stm32.14.3.rel1.win32_1.0.100.202602081740/tools/bin/../lib/gcc/arm-none-eabi/14.3.1/thumb/v7-m/nofp/crtend.o
LOAD D:/STM32CUBEIDE/PROGRAM/STM32CubeIDE_2.1.1/STM32CubeIDE/plugins/com.st.stm32cube.ide.mcu.externaltools.gnu-tools-for-stm32.14.3.rel1.win32_1.0.100.202602081740/tools/bin/../lib/gcc/arm-none-eabi/14.3.1/thumb/v7-m/nofp/crtn.o
                0x2001c000                        _estack = (ORIGIN (RAM) + LENGTH (RAM))
                0x00000200                        _Min_Heap_Size = 0x200
                0x00000400                        _Min_Stack_Size = 0x400

.isr_vector     0x08000000      0x184
                0x08000000                        . = ALIGN (0x4)
 *(.isr_vector)
 .isr_vector    0x08000000      0x184 ./Core/Startup/startup_stm32f207vctx.o
                0x08000000                g_pfnVectors
                0x08000184                        . = ALIGN (0x4)

.text           0x08000184     0x3914
                0x08000184                        . = ALIGN (0x4)
 *(.text)
 .text          0x08000184       0x40 D:/STM32CUBEIDE/PROGRAM/STM32CubeIDE_2.1.1/STM32CubeIDE/plugins/com.st.stm32cube.ide.mcu.externaltools.gnu-tools-for-stm32.14.3.rel1.win32_1.0.100.202602081740/tools/bin/../lib/gcc/arm-none-eabi/14.3.1/thumb/v7-m/nofp/crtbegin.o
 .text          0x080001c4       0x30 D:/STM32CUBEIDE/PROGRAM/STM32CubeIDE_2.1.1/STM32CubeIDE/plugins/com.st.stm32cube.ide.mcu.externaltools.gnu-tools-for-stm32.14.3.rel1.win32_1.0.100.202602081740/tools/bin/../lib/gcc/arm-none-eabi/14.3.1/thumb/v7-m/nofp\libgcc.a(_aeabi_uldivmod.o)
                0x080001c4                __aeabi_uldivmod
 .text          0x080001f4      0x2f4 D:/STM32CUBEIDE/PROGRAM/STM32CubeIDE_2.1.1/STM32CubeIDE/plugins/com.st.stm32cube.ide.mcu.externaltools.gnu-tools-for-stm32.14.3.rel1.win32_1.0.100.202602081740/tools/bin/../lib/gcc/arm-none-eabi/14.3.1/thumb/v7-m/nofp\libgcc.a(_udivmoddi4.o)
                0x080001f4                __udivmoddi4
 .text          0x080004e8        0x4 D:/STM32CUBEIDE/PROGRAM/STM32CubeIDE_2.1.1/STM32CubeIDE/plugins/com.st.stm32cube.ide.mcu.externaltools.gnu-tools-for-stm32.14.3.rel1.win32_1.0.100.202602081740/tools/bin/../lib/gcc/arm-none-eabi/14.3.1/thumb/v7-m/nofp\libgcc.a(_dvmd_tls.o)
                0x080004e8                __aeabi_idiv0
                0x080004e8                __aeabi_ldiv0
 *(.text*)
 .text.alarm_is_ringing
                0x080004ec       0x14 ./Core/Src/alarm.o
                0x080004ec                alarm_is_ringing
 .text.alarm_stop_ringing
                0x08000500       0x18 ./Core/Src/alarm.o
                0x08000500                alarm_stop_ringing
 .text.alarm_init
                0x08000518       0x2c ./Core/Src/alarm.o
                0x08000518                alarm_init
 .text.alarm_get_time
                0x08000544       0x24 ./Core/Src/alarm.o
                0x08000544                alarm_get_time
 .text.alarm_enable
                0x08000568       0x18 ./Core/Src/alarm.o
                0x08000568                alarm_enable
 .text.alarm_disable
                0x08000580       0x18 ./Core/Src/alarm.o
                0x08000580                alarm_disable
 .text.alarm_hour_up
                0x08000598       0x2c ./Core/Src/alarm.o
                0x08000598                alarm_hour_up
 .text.alarm_hour_down
                0x080005c4       0x2c ./Core/Src/alarm.o
                0x080005c4                alarm_hour_down
 .text.alarm_minute_up
                0x080005f0       0x2c ./Core/Src/alarm.o
                0x080005f0                alarm_minute_up
 .text.alarm_minute_down
                0x0800061c       0x2c ./Core/Src/alarm.o
                0x0800061c                alarm_minute_down
 .text.alarm_update
                0x08000648       0x64 ./Core/Src/alarm.o
                0x08000648                alarm_update
 .text.app_clock_init
                0x080006ac       0x30 ./Core/Src/app_clock.o
                0x080006ac                app_clock_init
 .text.app_clock_process
                0x080006dc       0xd0 ./Core/Src/app_clock.o
                0x080006dc                app_clock_process
 .text.app_process_normal
                0x080007ac       0x20 ./Core/Src/app_clock.o
 .text.app_process_set_hour
                0x080007cc       0x2a ./Core/Src/app_clock.o
 .text.app_process_set_minute
                0x080007f6       0x2a ./Core/Src/app_clock.o
 .text.app_process_set_second
                0x08000820       0x2a ./Core/Src/app_clock.o
 .text.app_process_set_alarm_hour
                0x0800084a       0x2a ./Core/Src/app_clock.o
 .text.app_process_set_alarm_minute
                0x08000874       0x2a ./Core/Src/app_clock.o
 .text.app_process_set_alarm_enable
                0x0800089e       0x2a ./Core/Src/app_clock.o
 .text.alarm_input_update
                0x080008c8       0x28 ./Core/Src/app_clock.o
 .text.button_read_bit
                0x080008f0       0x20 ./Core/Src/button.o
                0x080008f0                button_read_bit
 .text.button_load_parallel
                0x08000910       0x20 ./Core/Src/button.o
                0x08000910                button_load_parallel
 .text.button_clock_pulse
                0x08000930       0x4c ./Core/Src/button.o
                0x08000930                button_clock_pulse
 .text.Read74HC165
                0x0800097c       0x54 ./Core/Src/button.o
                0x0800097c                Read74HC165
 .text.ButtonPressed
                0x080009d0       0x34 ./Core/Src/button.o
                0x080009d0                ButtonPressed
 .text.button_event_init
                0x08000a04       0x18 ./Core/Src/button_event.o
                0x08000a04                button_event_init
 .text.button_event_update
                0x08000a1c       0x1e ./Core/Src/button_event.o
                0x08000a1c                button_event_update
 *fill*         0x08000a3a        0x2 
 .text.button_event_get
                0x08000a3c       0x24 ./Core/Src/button_event.o
                0x08000a3c                button_event_get
 .text.button_event_decode
                0x08000a60       0x7c ./Core/Src/button_event.o
 .text.buzzer_on
                0x08000adc       0x18 ./Core/Src/buzzer.o
                0x08000adc                buzzer_on
 .text.buzzer_off
                0x08000af4       0x18 ./Core/Src/buzzer.o
                0x08000af4                buzzer_off
 .text.clock_get_time
                0x08000b0c       0x24 ./Core/Src/clock.o
                0x08000b0c                clock_get_time
 .text.clock_update
                0x08000b30       0x60 ./Core/Src/clock.o
                0x08000b30                clock_update
 .text.clock_init
                0x08000b90       0x24 ./Core/Src/clock.o
                0x08000b90                clock_init
 .text.clock_hour_up
                0x08000bb4       0x2c ./Core/Src/clock.o
                0x08000bb4                clock_hour_up
 .text.clock_hour_down
                0x08000be0       0x2c ./Core/Src/clock.o
                0x08000be0                clock_hour_down
 .text.clock_minute_up
                0x08000c0c       0x2c ./Core/Src/clock.o
                0x08000c0c                clock_minute_up
 .text.clock_minute_down
                0x08000c38       0x2c ./Core/Src/clock.o
                0x08000c38                clock_minute_down
 .text.clock_second_up
                0x08000c64       0x2c ./Core/Src/clock.o
                0x08000c64                clock_second_up
 .text.clock_second_down
                0x08000c90       0x2c ./Core/Src/clock.o
                0x08000c90                clock_second_down
 .text.lcd_write_bus
                0x08000cbc       0x58 ./Core/Src/lcd.o
 .text.lcd_enable_pulse
                0x08000d14       0x30 ./Core/Src/lcd.o
 .text.lcd_send_byte
                0x08000d44       0x38 ./Core/Src/lcd.o
 .text.lcd_send_cmd
                0x08000d7c       0x34 ./Core/Src/lcd.o
 .text.lcd_send_data
                0x08000db0       0x34 ./Core/Src/lcd.o
 .text.lcd_init
                0x08000de4       0x84 ./Core/Src/lcd.o
                0x08000de4                lcd_init
 .text.lcd_set_cursor
                0x08000e68       0x34 ./Core/Src/lcd.o
                0x08000e68                lcd_set_cursor
 .text.lcd_putc
                0x08000e9c       0x1a ./Core/Src/lcd.o
                0x08000e9c                lcd_putc
 .text.lcd_print
                0x08000eb6       0x2c ./Core/Src/lcd.o
                0x08000eb6                lcd_print
 .text.lcd_cursor_on
                0x08000ee2        0xe ./Core/Src/lcd.o
                0x08000ee2                lcd_cursor_on
 .text.lcd_cursor_off
                0x08000ef0        0xe ./Core/Src/lcd.o
                0x08000ef0                lcd_cursor_off
 .text.lcd_blink_on
                0x08000efe        0xe ./Core/Src/lcd.o
                0x08000efe                lcd_blink_on
 .text.lcd_blink_off
                0x08000f0c        0xe ./Core/Src/lcd.o
                0x08000f0c                lcd_blink_off
 *fill*         0x08000f1a        0x2 
 .text.led_off  0x08000f1c       0x74 ./Core/Src/led.o
                0x08000f1c                led_off
 .text.led_on   0x08000f90       0x74 ./Core/Src/led.o
                0x08000f90                led_on
 .text.main     0x08001004       0x26 ./Core/Src/main.o
                0x08001004                main
 .text.SystemClock_Config
                0x0800102a       0x76 ./Core/Src/main.o
                0x0800102a                SystemClock_Config
 .text.MX_TIM1_Init
                0x080010a0       0xa4 ./Core/Src/main.o
 .text.MX_GPIO_Init
                0x08001144      0x18c ./Core/Src/main.o
 .text.Error_Handler
                0x080012d0        0xc ./Core/Src/main.o
                0x080012d0                Error_Handler
 .text.menu_init
                0x080012dc       0x18 ./Core/Src/menu.o
                0x080012dc                menu_init
 .text.menu_get_state
                0x080012f4       0x14 ./Core/Src/menu.o
                0x080012f4                menu_get_state
 .text.menu_process
                0x08001308       0x90 ./Core/Src/menu.o
                0x08001308                menu_process
 .text.menu_normal
                0x08001398       0x28 ./Core/Src/menu.o
 .text.menu_set_hour
                0x080013c0       0x28 ./Core/Src/menu.o
 .text.menu_set_minute
                0x080013e8       0x28 ./Core/Src/menu.o
 .text.menu_set_second
                0x08001410       0x28 ./Core/Src/menu.o
 .text.menu_set_alarm_hour
                0x08001438       0x28 ./Core/Src/menu.o
 .text.menu_set_alarm_minute
                0x08001460       0x28 ./Core/Src/menu.o
 .text.menu_set_alarm_enable
                0x08001488       0x28 ./Core/Src/menu.o
 .text.HAL_MspInit
                0x080014b0       0x4c ./Core/Src/stm32f2xx_hal_msp.o
                0x080014b0                HAL_MspInit
 .text.HAL_TIM_Base_MspInit
                0x080014fc       0x50 ./Core/Src/stm32f2xx_hal_msp.o
                0x080014fc                HAL_TIM_Base_MspInit
 .text.NMI_Handler
                0x0800154c        0x8 ./Core/Src/stm32f2xx_it.o
                0x0800154c                NMI_Handler
 .text.HardFault_Handler
                0x08001554        0x8 ./Core/Src/stm32f2xx_it.o
                0x08001554                HardFault_Handler
 .text.MemManage_Handler
                0x0800155c        0x8 ./Core/Src/stm32f2xx_it.o
                0x0800155c                MemManage_Handler
 .text.BusFault_Handler
                0x08001564        0x8 ./Core/Src/stm32f2xx_it.o
                0x08001564                BusFault_Handler
 .text.UsageFault_Handler
                0x0800156c        0x8 ./Core/Src/stm32f2xx_it.o
                0x0800156c                UsageFault_Handler
 .text.SVC_Handler
                0x08001574        0xc ./Core/Src/stm32f2xx_it.o
                0x08001574                SVC_Handler
 .text.DebugMon_Handler
                0x08001580        0xc ./Core/Src/stm32f2xx_it.o
                0x08001580                DebugMon_Handler
 .text.PendSV_Handler
                0x0800158c        0xc ./Core/Src/stm32f2xx_it.o
                0x0800158c                PendSV_Handler
 .text.SysTick_Handler
                0x08001598        0xc ./Core/Src/stm32f2xx_it.o
                0x08001598                SysTick_Handler
 .text.TIM1_UP_TIM10_IRQHandler
                0x080015a4       0x14 ./Core/Src/stm32f2xx_it.o
                0x080015a4                TIM1_UP_TIM10_IRQHandler
 .text._sbrk    0x080015b8       0x6c ./Core/Src/sysmem.o
                0x080015b8                _sbrk
 .text.SystemInit
                0x08001624        0xc ./Core/Src/system_stm32f2xx.o
                0x08001624                SystemInit
 .text.timer_init
                0x08001630       0x14 ./Core/Src/timer.o
                0x08001630                timer_init
 .text.timer_get_tick
                0x08001644       0x18 ./Core/Src/timer.o
                0x08001644                timer_get_tick
 .text.timer_expired
                0x0800165c       0x32 ./Core/Src/timer.o
                0x0800165c                timer_expired
 .text.ui_init  0x0800168e        0xc ./Core/Src/ui.o
                0x0800168e                ui_init
 *fill*         0x0800169a        0x2 
 .text.ui_update
                0x0800169c       0x84 ./Core/Src/ui.o
                0x0800169c                ui_update
 .text.ui_show_time
                0x08001720       0x54 ./Core/Src/ui.o
 .text.ui_show_normal
                0x08001774       0x28 ./Core/Src/ui.o
 .text.ui_show_set_hour
                0x0800179c       0x28 ./Core/Src/ui.o
 .text.ui_show_set_minute
                0x080017c4       0x28 ./Core/Src/ui.o
 .text.ui_show_set_second
                0x080017ec       0x28 ./Core/Src/ui.o
 .text.ui_show_status
                0x08001814       0x30 ./Core/Src/ui.o
 .text.ui_show_alarm
                0x08001844       0x54 ./Core/Src/ui.o
 .text.ui_show_set_alarm_hour
                0x08001898       0x28 ./Core/Src/ui.o
 .text.ui_show_set_alarm_minute
                0x080018c0       0x28 ./Core/Src/ui.o
 .text.ui_show_set_alarm_enable
                0x080018e8       0x20 ./Core/Src/ui.o
 .text.Reset_Handler
                0x08001908       0x50 ./Core/Startup/startup_stm32f207vctx.o
                0x08001908                Reset_Handler
 .text.Default_Handler
                0x08001958        0x2 ./Core/Startup/startup_stm32f207vctx.o
                0x08001958                RTC_Alarm_IRQHandler
                0x08001958                HASH_RNG_IRQHandler
                0x08001958                EXTI2_IRQHandler
                0x08001958                TIM8_CC_IRQHandler
                0x08001958                TIM1_CC_IRQHandler
                0x08001958                DMA2_Stream5_IRQHandler
                0x08001958                DMA1_Stream5_IRQHandler
                0x08001958                PVD_IRQHandler
                0x08001958                SDIO_IRQHandler
                0x08001958                TAMP_STAMP_IRQHandler
                0x08001958                CAN2_RX1_IRQHandler
                0x08001958                EXTI3_IRQHandler
                0x08001958                TIM8_TRG_COM_TIM14_IRQHandler
                0x08001958                TIM8_UP_TIM13_IRQHandler
                0x08001958                I2C3_ER_IRQHandler
                0x08001958                EXTI0_IRQHandler
                0x08001958                I2C2_EV_IRQHandler
                0x08001958                DMA1_Stream2_IRQHandler
                0x08001958                CAN1_RX0_IRQHandler
                0x08001958                OTG_HS_WKUP_IRQHandler
                0x08001958                CAN2_SCE_IRQHandler
                0x08001958                DMA2_Stream2_IRQHandler
                0x08001958                SPI1_IRQHandler
                0x08001958                TIM6_DAC_IRQHandler
                0x08001958                TIM1_BRK_TIM9_IRQHandler
                0x08001958                DCMI_IRQHandler
                0x08001958                CAN2_RX0_IRQHandler
                0x08001958                DMA2_Stream3_IRQHandler
                0x08001958                USART6_IRQHandler
                0x08001958                USART3_IRQHandler
                0x08001958                CAN1_RX1_IRQHandler
                0x08001958                UART5_IRQHandler
                0x08001958                DMA2_Stream0_IRQHandler
                0x08001958                TIM4_IRQHandler
                0x08001958                I2C1_EV_IRQHandler
                0x08001958                DMA1_Stream6_IRQHandler
                0x08001958                DMA1_Stream1_IRQHandler
                0x08001958                UART4_IRQHandler
                0x08001958                TIM3_IRQHandler
                0x08001958                RCC_IRQHandler
                0x08001958                TIM8_BRK_TIM12_IRQHandler
                0x08001958                Default_Handler
                0x08001958                EXTI15_10_IRQHandler
                0x08001958                ADC_IRQHandler
                0x08001958                DMA1_Stream7_IRQHandler
                0x08001958                TIM7_IRQHandler
                0x08001958                CAN2_TX_IRQHandler
                0x08001958                TIM5_IRQHandler
                0x08001958                DMA2_Stream7_IRQHandler
                0x08001958                I2C3_EV_IRQHandler
                0x08001958                EXTI9_5_IRQHandler
                0x08001958                RTC_WKUP_IRQHandler
                0x08001958                ETH_WKUP_IRQHandler
                0x08001958                SPI2_IRQHandler
                0x08001958                OTG_HS_EP1_IN_IRQHandler
                0x08001958                DMA1_Stream0_IRQHandler
                0x08001958                CAN1_TX_IRQHandler
                0x08001958                EXTI4_IRQHandler
                0x08001958                FSMC_IRQHandler
                0x08001958                ETH_IRQHandler
                0x08001958                OTG_HS_EP1_OUT_IRQHandler
                0x08001958                WWDG_IRQHandler
                0x08001958                TIM2_IRQHandler
                0x08001958                OTG_FS_WKUP_IRQHandler
                0x08001958                TIM1_TRG_COM_TIM11_IRQHandler
                0x08001958                OTG_HS_IRQHandler
                0x08001958                EXTI1_IRQHandler
                0x08001958                USART2_IRQHandler
                0x08001958                I2C2_ER_IRQHandler
                0x08001958                DMA2_Stream1_IRQHandler
                0x08001958                CAN1_SCE_IRQHandler
                0x08001958                FLASH_IRQHandler
                0x08001958                DMA2_Stream4_IRQHandler
                0x08001958                USART1_IRQHandler
                0x08001958                OTG_FS_IRQHandler
                0x08001958                SPI3_IRQHandler
                0x08001958                DMA1_Stream4_IRQHandler
                0x08001958                I2C1_ER_IRQHandler
                0x08001958                DMA2_Stream6_IRQHandler
                0x08001958                DMA1_Stream3_IRQHandler
 *fill*         0x0800195a        0x2 
 .text.HAL_Init
                0x0800195c       0x44 ./Drivers/STM32F2xx_HAL_Driver/Src/stm32f2xx_hal.o
                0x0800195c                HAL_Init
 .text.HAL_InitTick
                0x080019a0       0x60 ./Drivers/STM32F2xx_HAL_Driver/Src/stm32f2xx_hal.o
                0x080019a0                HAL_InitTick
 .text.HAL_IncTick
                0x08001a00       0x24 ./Drivers/STM32F2xx_HAL_Driver/Src/stm32f2xx_hal.o
                0x08001a00                HAL_IncTick
 .text.HAL_GetTick
                0x08001a24       0x14 ./Drivers/STM32F2xx_HAL_Driver/Src/stm32f2xx_hal.o
                0x08001a24                HAL_GetTick
 .text.HAL_Delay
                0x08001a38       0x48 ./Drivers/STM32F2xx_HAL_Driver/Src/stm32f2xx_hal.o
                0x08001a38                HAL_Delay
 .text.__NVIC_SetPriorityGrouping
                0x08001a80       0x48 ./Drivers/STM32F2xx_HAL_Driver/Src/stm32f2xx_hal_cortex.o
 .text.__NVIC_GetPriorityGrouping
                0x08001ac8       0x1c ./Drivers/STM32F2xx_HAL_Driver/Src/stm32f2xx_hal_cortex.o
 .text.__NVIC_EnableIRQ
                0x08001ae4       0x38 ./Drivers/STM32F2xx_HAL_Driver/Src/stm32f2xx_hal_cortex.o
 .text.__NVIC_SetPriority
                0x08001b1c       0x54 ./Drivers/STM32F2xx_HAL_Driver/Src/stm32f2xx_hal_cortex.o
 .text.NVIC_EncodePriority
                0x08001b70       0x64 ./Drivers/STM32F2xx_HAL_Driver/Src/stm32f2xx_hal_cortex.o
 .text.SysTick_Config
                0x08001bd4       0x44 ./Drivers/STM32F2xx_HAL_Driver/Src/stm32f2xx_hal_cortex.o
 .text.HAL_NVIC_SetPriorityGrouping
                0x08001c18       0x16 ./Drivers/STM32F2xx_HAL_Driver/Src/stm32f2xx_hal_cortex.o
                0x08001c18                HAL_NVIC_SetPriorityGrouping
 .text.HAL_NVIC_SetPriority
                0x08001c2e       0x38 ./Drivers/STM32F2xx_HAL_Driver/Src/stm32f2xx_hal_cortex.o
                0x08001c2e                HAL_NVIC_SetPriority
 .text.HAL_NVIC_EnableIRQ
                0x08001c66       0x1c ./Drivers/STM32F2xx_HAL_Driver/Src/stm32f2xx_hal_cortex.o
                0x08001c66                HAL_NVIC_EnableIRQ
 .text.HAL_SYSTICK_Config
                0x08001c82       0x18 ./Drivers/STM32F2xx_HAL_Driver/Src/stm32f2xx_hal_cortex.o
                0x08001c82                HAL_SYSTICK_Config
 *fill*         0x08001c9a        0x2 
 .text.HAL_GPIO_Init
                0x08001c9c      0x33c ./Drivers/STM32F2xx_HAL_Driver/Src/stm32f2xx_hal_gpio.o
                0x08001c9c                HAL_GPIO_Init
 .text.HAL_GPIO_ReadPin
                0x08001fd8       0x2e ./Drivers/STM32F2xx_HAL_Driver/Src/stm32f2xx_hal_gpio.o
                0x08001fd8                HAL_GPIO_ReadPin
 .text.HAL_GPIO_WritePin
                0x08002006       0x30 ./Drivers/STM32F2xx_HAL_Driver/Src/stm32f2xx_hal_gpio.o
                0x08002006                HAL_GPIO_WritePin
 *fill*         0x08002036        0x2 
 .text.HAL_RCC_OscConfig
                0x08002038      0x4a8 ./Drivers/STM32F2xx_HAL_Driver/Src/stm32f2xx_hal_rcc.o
                0x08002038                HAL_RCC_OscConfig
 .text.HAL_RCC_ClockConfig
                0x080024e0      0x1d8 ./Drivers/STM32F2xx_HAL_Driver/Src/stm32f2xx_hal_rcc.o
                0x080024e0                HAL_RCC_ClockConfig
 .text.HAL_RCC_GetSysClockFreq
                0x080026b8      0x18c ./Drivers/STM32F2xx_HAL_Driver/Src/stm32f2xx_hal_rcc.o
                0x080026b8                HAL_RCC_GetSysClockFreq
 .text.HAL_TIM_Base_Init
                0x08002844       0x9e ./Drivers/STM32F2xx_HAL_Driver/Src/stm32f2xx_hal_tim.o
                0x08002844                HAL_TIM_Base_Init
 *fill*         0x080028e2        0x2 
 .text.HAL_TIM_Base_Start
                0x080028e4       0xcc ./Drivers/STM32F2xx_HAL_Driver/Src/stm32f2xx_hal_tim.o
                0x080028e4                HAL_TIM_Base_Start
 .text.HAL_TIM_IRQHandler
                0x080029b0      0x1e0 ./Drivers/STM32F2xx_HAL_Driver/Src/stm32f2xx_hal_tim.o
                0x080029b0                HAL_TIM_IRQHandler
 .text.HAL_TIM_ConfigClockSource
                0x08002b90      0x18e ./Drivers/STM32F2xx_HAL_Driver/Src/stm32f2xx_hal_tim.o
                0x08002b90                HAL_TIM_ConfigClockSource
 .text.HAL_TIM_PeriodElapsedCallback
                0x08002d1e       0x12 ./Drivers/STM32F2xx_HAL_Driver/Src/stm32f2xx_hal_tim.o
                0x08002d1e                HAL_TIM_PeriodElapsedCallback
 .text.HAL_TIM_OC_DelayElapsedCallback
                0x08002d30       0x12 ./Drivers/STM32F2xx_HAL_Driver/Src/stm32f2xx_hal_tim.o
                0x08002d30                HAL_TIM_OC_DelayElapsedCallback
 .text.HAL_TIM_IC_CaptureCallback
                0x08002d42       0x12 ./Drivers/STM32F2xx_HAL_Driver/Src/stm32f2xx_hal_tim.o
                0x08002d42                HAL_TIM_IC_CaptureCallback
 .text.HAL_TIM_PWM_PulseFinishedCallback
                0x08002d54       0x12 ./Drivers/STM32F2xx_HAL_Driver/Src/stm32f2xx_hal_tim.o
                0x08002d54                HAL_TIM_PWM_PulseFinishedCallback
 .text.HAL_TIM_TriggerCallback
                0x08002d66       0x12 ./Drivers/STM32F2xx_HAL_Driver/Src/stm32f2xx_hal_tim.o
                0x08002d66                HAL_TIM_TriggerCallback
 .text.TIM_Base_SetConfig
                0x08002d78      0x154 ./Drivers/STM32F2xx_HAL_Driver/Src/stm32f2xx_hal_tim.o
                0x08002d78                TIM_Base_SetConfig
 .text.TIM_TI1_ConfigInputStage
                0x08002ecc       0x5c ./Drivers/STM32F2xx_HAL_Driver/Src/stm32f2xx_hal_tim.o
 .text.TIM_TI2_ConfigInputStage
                0x08002f28       0x5e ./Drivers/STM32F2xx_HAL_Driver/Src/stm32f2xx_hal_tim.o
 .text.TIM_ITRx_SetConfig
                0x08002f86       0x34 ./Drivers/STM32F2xx_HAL_Driver/Src/stm32f2xx_hal_tim.o
 .text.TIM_ETR_SetConfig
                0x08002fba       0x3e ./Drivers/STM32F2xx_HAL_Driver/Src/stm32f2xx_hal_tim.o
                0x08002fba                TIM_ETR_SetConfig
 .text.HAL_TIMEx_MasterConfigSynchronization
                0x08002ff8       0xf4 ./Drivers/STM32F2xx_HAL_Driver/Src/stm32f2xx_hal_tim_ex.o
                0x08002ff8                HAL_TIMEx_MasterConfigSynchronization
 .text.HAL_TIMEx_CommutCallback
                0x080030ec       0x12 ./Drivers/STM32F2xx_HAL_Driver/Src/stm32f2xx_hal_tim_ex.o
                0x080030ec                HAL_TIMEx_CommutCallback
 .text.HAL_TIMEx_BreakCallback
                0x080030fe       0x12 ./Drivers/STM32F2xx_HAL_Driver/Src/stm32f2xx_hal_tim_ex.o
                0x080030fe                HAL_TIMEx_BreakCallback
 .text.sprintf  0x08003110       0x44 D:/STM32CUBEIDE/PROGRAM/STM32CubeIDE_2.1.1/STM32CubeIDE/plugins/com.st.stm32cube.ide.mcu.externaltools.gnu-tools-for-stm32.14.3.rel1.win32_1.0.100.202602081740/tools/bin/../lib/gcc/arm-none-eabi/14.3.1/../../../../arm-none-eabi/lib/thumb/v7-m/nofp\libc_nano.a(libc_a-sprintf.o)
                0x08003110                siprintf
                0x08003110                sprintf
 .text.memset   0x08003154       0x10 D:/STM32CUBEIDE/PROGRAM/STM32CubeIDE_2.1.1/STM32CubeIDE/plugins/com.st.stm32cube.ide.mcu.externaltools.gnu-tools-for-stm32.14.3.rel1.win32_1.0.100.202602081740/tools/bin/../lib/gcc/arm-none-eabi/14.3.1/../../../../arm-none-eabi/lib/thumb/v7-m/nofp\libc_nano.a(libc_a-memset.o)
                0x08003154                memset
 .text.__errno  0x08003164        0xc D:/STM32CUBEIDE/PROGRAM/STM32CubeIDE_2.1.1/STM32CubeIDE/plugins/com.st.stm32cube.ide.mcu.externaltools.gnu-tools-for-stm32.14.3.rel1.win32_1.0.100.202602081740/tools/bin/../lib/gcc/arm-none-eabi/14.3.1/../../../../arm-none-eabi/lib/thumb/v7-m/nofp\libc_nano.a(libc_a-errno.o)
                0x08003164                __errno
 .text.__libc_init_array
                0x08003170       0x48 D:/STM32CUBEIDE/PROGRAM/STM32CubeIDE_2.1.1/STM32CubeIDE/plugins/com.st.stm32cube.ide.mcu.externaltools.gnu-tools-for-stm32.14.3.rel1.win32_1.0.100.202602081740/tools/bin/../lib/gcc/arm-none-eabi/14.3.1/../../../../arm-none-eabi/lib/thumb/v7-m/nofp\libc_nano.a(libc_a-init.o)
                0x08003170                __libc_init_array
 .text.__retarget_lock_acquire_recursive
                0x080031b8        0x2 D:/STM32CUBEIDE/PROGRAM/STM32CubeIDE_2.1.1/STM32CubeIDE/plugins/com.st.stm32cube.ide.mcu.externaltools.gnu-tools-for-stm32.14.3.rel1.win32_1.0.100.202602081740/tools/bin/../lib/gcc/arm-none-eabi/14.3.1/../../../../arm-none-eabi/lib/thumb/v7-m/nofp\libc_nano.a(libc_a-lock.o)
                0x080031b8                __retarget_lock_acquire_recursive
 .text.__retarget_lock_release_recursive
                0x080031ba        0x2 D:/STM32CUBEIDE/PROGRAM/STM32CubeIDE_2.1.1/STM32CubeIDE/plugins/com.st.stm32cube.ide.mcu.externaltools.gnu-tools-for-stm32.14.3.rel1.win32_1.0.100.202602081740/tools/bin/../lib/gcc/arm-none-eabi/14.3.1/../../../../arm-none-eabi/lib/thumb/v7-m/nofp\libc_nano.a(libc_a-lock.o)
                0x080031ba                __retarget_lock_release_recursive
 .text._free_r  0x080031bc       0x90 D:/STM32CUBEIDE/PROGRAM/STM32CubeIDE_2.1.1/STM32CubeIDE/plugins/com.st.stm32cube.ide.mcu.externaltools.gnu-tools-for-stm32.14.3.rel1.win32_1.0.100.202602081740/tools/bin/../lib/gcc/arm-none-eabi/14.3.1/../../../../arm-none-eabi/lib/thumb/v7-m/nofp\libc_nano.a(libc_a-freer.o)
                0x080031bc                _free_r
 .text.sbrk_aligned
                0x0800324c       0x44 D:/STM32CUBEIDE/PROGRAM/STM32CubeIDE_2.1.1/STM32CubeIDE/plugins/com.st.stm32cube.ide.mcu.externaltools.gnu-tools-for-stm32.14.3.rel1.win32_1.0.100.202602081740/tools/bin/../lib/gcc/arm-none-eabi/14.3.1/../../../../arm-none-eabi/lib/thumb/v7-m/nofp\libc_nano.a(libc_a-mallocr.o)
 .text._malloc_r
                0x08003290      0x100 D:/STM32CUBEIDE/PROGRAM/STM32CubeIDE_2.1.1/STM32CubeIDE/plugins/com.st.stm32cube.ide.mcu.externaltools.gnu-tools-for-stm32.14.3.rel1.win32_1.0.100.202602081740/tools/bin/../lib/gcc/arm-none-eabi/14.3.1/../../../../arm-none-eabi/lib/thumb/v7-m/nofp\libc_nano.a(libc_a-mallocr.o)
                0x08003290                _malloc_r
 .text.__malloc_lock
                0x08003390        0xc D:/STM32CUBEIDE/PROGRAM/STM32CubeIDE_2.1.1/STM32CubeIDE/plugins/com.st.stm32cube.ide.mcu.externaltools.gnu-tools-for-stm32.14.3.rel1.win32_1.0.100.202602081740/tools/bin/../lib/gcc/arm-none-eabi/14.3.1/../../../../arm-none-eabi/lib/thumb/v7-m/nofp\libc_nano.a(libc_a-mlock.o)
                0x08003390                __malloc_lock
 .text.__malloc_unlock
                0x0800339c        0xc D:/STM32CUBEIDE/PROGRAM/STM32CubeIDE_2.1.1/STM32CubeIDE/plugins/com.st.stm32cube.ide.mcu.externaltools.gnu-tools-for-stm32.14.3.rel1.win32_1.0.100.202602081740/tools/bin/../lib/gcc/arm-none-eabi/14.3.1/../../../../arm-none-eabi/lib/thumb/v7-m/nofp\libc_nano.a(libc_a-mlock.o)
                0x0800339c                __malloc_unlock
 .text.__ssputs_r
                0x080033a8       0xc0 D:/STM32CUBEIDE/PROGRAM/STM32CubeIDE_2.1.1/STM32CubeIDE/plugins/com.st.stm32cube.ide.mcu.externaltools.gnu-tools-for-stm32.14.3.rel1.win32_1.0.100.202602081740/tools/bin/../lib/gcc/arm-none-eabi/14.3.1/../../../../arm-none-eabi/lib/thumb/v7-m/nofp\libc_nano.a(libc_a-nano-svfprintf.o)
                0x080033a8                __ssputs_r
 .text._svfprintf_r
                0x08003468      0x1f0 D:/STM32CUBEIDE/PROGRAM/STM32CubeIDE_2.1.1/STM32CubeIDE/plugins/com.st.stm32cube.ide.mcu.externaltools.gnu-tools-for-stm32.14.3.rel1.win32_1.0.100.202602081740/tools/bin/../lib/gcc/arm-none-eabi/14.3.1/../../../../arm-none-eabi/lib/thumb/v7-m/nofp\libc_nano.a(libc_a-nano-svfprintf.o)
                0x08003468                _svfiprintf_r
                0x08003468                _svfprintf_r
 .text._printf_common
                0x08003658       0xe4 D:/STM32CUBEIDE/PROGRAM/STM32CubeIDE_2.1.1/STM32CubeIDE/plugins/com.st.stm32cube.ide.mcu.externaltools.gnu-tools-for-stm32.14.3.rel1.win32_1.0.100.202602081740/tools/bin/../lib/gcc/arm-none-eabi/14.3.1/../../../../arm-none-eabi/lib/thumb/v7-m/nofp\libc_nano.a(libc_a-nano-vfprintf_i.o)
                0x08003658                _printf_common
 .text._printf_i
                0x0800373c      0x24c D:/STM32CUBEIDE/PROGRAM/STM32CubeIDE_2.1.1/STM32CubeIDE/plugins/com.st.stm32cube.ide.mcu.externaltools.gnu-tools-for-stm32.14.3.rel1.win32_1.0.100.202602081740/tools/bin/../lib/gcc/arm-none-eabi/14.3.1/../../../../arm-none-eabi/lib/thumb/v7-m/nofp\libc_nano.a(libc_a-nano-vfprintf_i.o)
                0x0800373c                _printf_i
 .text.memmove  0x08003988       0x32 D:/STM32CUBEIDE/PROGRAM/STM32CubeIDE_2.1.1/STM32CubeIDE/plugins/com.st.stm32cube.ide.mcu.externaltools.gnu-tools-for-stm32.14.3.rel1.win32_1.0.100.202602081740/tools/bin/../lib/gcc/arm-none-eabi/14.3.1/../../../../arm-none-eabi/lib/thumb/v7-m/nofp\libc_nano.a(libc_a-memmove.o)
                0x08003988                memmove
 *fill*         0x080039ba        0x2 
 .text._sbrk_r  0x080039bc       0x20 D:/STM32CUBEIDE/PROGRAM/STM32CubeIDE_2.1.1/STM32CubeIDE/plugins/com.st.stm32cube.ide.mcu.externaltools.gnu-tools-for-stm32.14.3.rel1.win32_1.0.100.202602081740/tools/bin/../lib/gcc/arm-none-eabi/14.3.1/../../../../arm-none-eabi/lib/thumb/v7-m/nofp\libc_nano.a(libc_a-sbrkr.o)
                0x080039bc                _sbrk_r
 .text.memchr   0x080039dc       0x1c D:/STM32CUBEIDE/PROGRAM/STM32CubeIDE_2.1.1/STM32CubeIDE/plugins/com.st.stm32cube.ide.mcu.externaltools.gnu-tools-for-stm32.14.3.rel1.win32_1.0.100.202602081740/tools/bin/../lib/gcc/arm-none-eabi/14.3.1/../../../../arm-none-eabi/lib/thumb/v7-m/nofp\libc_nano.a(libc_a-memchr-stub.o)
                0x080039dc                memchr
 .text.memcpy   0x080039f8       0x1c D:/STM32CUBEIDE/PROGRAM/STM32CubeIDE_2.1.1/STM32CubeIDE/plugins/com.st.stm32cube.ide.mcu.externaltools.gnu-tools-for-stm32.14.3.rel1.win32_1.0.100.202602081740/tools/bin/../lib/gcc/arm-none-eabi/14.3.1/../../../../arm-none-eabi/lib/thumb/v7-m/nofp\libc_nano.a(libc_a-memcpy-stub.o)
                0x080039f8                memcpy
 .text._realloc_r
                0x08003a14       0x5c D:/STM32CUBEIDE/PROGRAM/STM32CubeIDE_2.1.1/STM32CubeIDE/plugins/com.st.stm32cube.ide.mcu.externaltools.gnu-tools-for-stm32.14.3.rel1.win32_1.0.100.202602081740/tools/bin/../lib/gcc/arm-none-eabi/14.3.1/../../../../arm-none-eabi/lib/thumb/v7-m/nofp\libc_nano.a(libc_a-reallocr.o)
                0x08003a14                _realloc_r
 .text._malloc_usable_size_r
                0x08003a70       0x10 D:/STM32CUBEIDE/PROGRAM/STM32CubeIDE_2.1.1/STM32CubeIDE/plugins/com.st.stm32cube.ide.mcu.externaltools.gnu-tools-for-stm32.14.3.rel1.win32_1.0.100.202602081740/tools/bin/../lib/gcc/arm-none-eabi/14.3.1/../../../../arm-none-eabi/lib/thumb/v7-m/nofp\libc_nano.a(libc_a-msizer.o)
                0x08003a70                _malloc_usable_size_r
 *(.glue_7)
 .glue_7        0x08003a80        0x0 linker stubs
 *(.glue_7t)
 .glue_7t       0x08003a80        0x0 linker stubs
 *(.eh_frame)
 .eh_frame      0x08003a80        0x0 D:/STM32CUBEIDE/PROGRAM/STM32CubeIDE_2.1.1/STM32CubeIDE/plugins/com.st.stm32cube.ide.mcu.externaltools.gnu-tools-for-stm32.14.3.rel1.win32_1.0.100.202602081740/tools/bin/../lib/gcc/arm-none-eabi/14.3.1/thumb/v7-m/nofp/crtbegin.o
 *(.init)
 .init          0x08003a80        0x4 D:/STM32CUBEIDE/PROGRAM/STM32CubeIDE_2.1.1/STM32CubeIDE/plugins/com.st.stm32cube.ide.mcu.externaltools.gnu-tools-for-stm32.14.3.rel1.win32_1.0.100.202602081740/tools/bin/../lib/gcc/arm-none-eabi/14.3.1/thumb/v7-m/nofp/crti.o
                0x08003a80                _init
 .init          0x08003a84        0x8 D:/STM32CUBEIDE/PROGRAM/STM32CubeIDE_2.1.1/STM32CubeIDE/plugins/com.st.stm32cube.ide.mcu.externaltools.gnu-tools-for-stm32.14.3.rel1.win32_1.0.100.202602081740/tools/bin/../lib/gcc/arm-none-eabi/14.3.1/thumb/v7-m/nofp/crtn.o
 *(.fini)
 .fini          0x08003a8c        0x4 D:/STM32CUBEIDE/PROGRAM/STM32CubeIDE_2.1.1/STM32CubeIDE/plugins/com.st.stm32cube.ide.mcu.externaltools.gnu-tools-for-stm32.14.3.rel1.win32_1.0.100.202602081740/tools/bin/../lib/gcc/arm-none-eabi/14.3.1/thumb/v7-m/nofp/crti.o
                0x08003a8c                _fini
 .fini          0x08003a90        0x8 D:/STM32CUBEIDE/PROGRAM/STM32CubeIDE_2.1.1/STM32CubeIDE/plugins/com.st.stm32cube.ide.mcu.externaltools.gnu-tools-for-stm32.14.3.rel1.win32_1.0.100.202602081740/tools/bin/../lib/gcc/arm-none-eabi/14.3.1/thumb/v7-m/nofp/crtn.o
                0x08003a98                        . = ALIGN (0x4)
                0x08003a98                        _etext = .

.vfp11_veneer   0x08003a98        0x0
 .vfp11_veneer  0x08003a98        0x0 linker stubs

.v4_bx          0x08003a98        0x0
 .v4_bx         0x08003a98        0x0 linker stubs

.iplt           0x08003a98        0x0
 .iplt          0x08003a98        0x0 D:/STM32CUBEIDE/PROGRAM/STM32CubeIDE_2.1.1/STM32CubeIDE/plugins/com.st.stm32cube.ide.mcu.externaltools.gnu-tools-for-stm32.14.3.rel1.win32_1.0.100.202602081740/tools/bin/../lib/gcc/arm-none-eabi/14.3.1/thumb/v7-m/nofp/crtbegin.o

.rodata         0x08003a98       0xec
                0x08003a98                        . = ALIGN (0x4)
 *(.rodata)
 .rodata        0x08003a98       0x8a ./Core/Src/ui.o
 *(.rodata*)
 *fill*         0x08003b22        0x2 
 .rodata.ButtonMask
                0x08003b24        0x4 ./Core/Src/button.o
 .rodata.ports  0x08003b28       0x10 ./Core/Src/lcd.o
 .rodata.pins   0x08003b38        0x8 ./Core/Src/lcd.o
 .rodata.AHBPrescTable
                0x08003b40       0x10 ./Core/Src/system_stm32f2xx.o
                0x08003b40                AHBPrescTable
 .rodata._svfprintf_r.str1.1
                0x08003b50       0x33 D:/STM32CUBEIDE/PROGRAM/STM32CubeIDE_2.1.1/STM32CubeIDE/plugins/com.st.stm32cube.ide.mcu.externaltools.gnu-tools-for-stm32.14.3.rel1.win32_1.0.100.202602081740/tools/bin/../lib/gcc/arm-none-eabi/14.3.1/../../../../arm-none-eabi/lib/thumb/v7-m/nofp\libc_nano.a(libc_a-nano-svfprintf.o)
                                 0x11 (size before relaxing)
 .rodata._printf_i.str1.1
                0x08003b83       0x22 D:/STM32CUBEIDE/PROGRAM/STM32CubeIDE_2.1.1/STM32CubeIDE/plugins/com.st.stm32cube.ide.mcu.externaltools.gnu-tools-for-stm32.14.3.rel1.win32_1.0.100.202602081740/tools/bin/../lib/gcc/arm-none-eabi/14.3.1/../../../../arm-none-eabi/lib/thumb/v7-m/nofp\libc_nano.a(libc_a-nano-vfprintf_i.o)
                0x08003ba8                        . = ALIGN (0x4)
 *fill*         0x08003b83        0x1 

.ARM.extab      0x08003b84        0x0
                0x08003b84                        . = ALIGN (0x4)
 *(.ARM.extab* .gnu.linkonce.armextab.*)
                0x08003b84                        . = ALIGN (0x4)

.ARM            0x08003b84        0x8
                0x08003b84                        . = ALIGN (0x4)
                0x08003b84                        __exidx_start = .
 *(.ARM.exidx*)
 .ARM.exidx     0x08003b84        0x8 D:/STM32CUBEIDE/PROGRAM/STM32CubeIDE_2.1.1/STM32CubeIDE/plugins/com.st.stm32cube.ide.mcu.externaltools.gnu-tools-for-stm32.14.3.rel1.win32_1.0.100.202602081740/tools/bin/../lib/gcc/arm-none-eabi/14.3.1/thumb/v7-m/nofp\libgcc.a(_udivmoddi4.o)
                0x08003b8c                        __exidx_end = .
                0x08003b8c                        . = ALIGN (0x4)

.preinit_array  0x08003b8c        0x0
                0x08003b8c                        . = ALIGN (0x4)
                0x08003b8c                        PROVIDE (__preinit_array_start = .)
 *(.preinit_array*)
                0x08003b8c                        PROVIDE (__preinit_array_end = .)
                0x08003b8c                        . = ALIGN (0x4)

.init_array     0x08003b8c        0x4
                0x08003b8c                        . = ALIGN (0x4)
                0x08003b8c                        PROVIDE (__init_array_start = .)
 *(SORT_BY_NAME(.init_array.*))
 *(.init_array*)
 .init_array    0x08003b8c        0x4 D:/STM32CUBEIDE/PROGRAM/STM32CubeIDE_2.1.1/STM32CubeIDE/plugins/com.st.stm32cube.ide.mcu.externaltools.gnu-tools-for-stm32.14.3.rel1.win32_1.0.100.202602081740/tools/bin/../lib/gcc/arm-none-eabi/14.3.1/thumb/v7-m/nofp/crtbegin.o
                0x08003b90                        PROVIDE (__init_array_end = .)
                0x08003b90                        . = ALIGN (0x4)

.fini_array     0x08003b90        0x4
                0x08003b90                        . = ALIGN (0x4)
                [!provide]                        PROVIDE (__fini_array_start = .)
 *(SORT_BY_NAME(.fini_array.*))
 *(.fini_array*)
 .fini_array    0x08003b90        0x4 D:/STM32CUBEIDE/PROGRAM/STM32CubeIDE_2.1.1/STM32CubeIDE/plugins/com.st.stm32cube.ide.mcu.externaltools.gnu-tools-for-stm32.14.3.rel1.win32_1.0.100.202602081740/tools/bin/../lib/gcc/arm-none-eabi/14.3.1/thumb/v7-m/nofp/crtbegin.o
                [!provide]                        PROVIDE (__fini_array_end = .)
                0x08003b94                        . = ALIGN (0x4)
                0x08003b94                        _sidata = LOADADDR (.data)

.rel.dyn        0x08003b94        0x0
 .rel.iplt      0x08003b94        0x0 D:/STM32CUBEIDE/PROGRAM/STM32CubeIDE_2.1.1/STM32CubeIDE/plugins/com.st.stm32cube.ide.mcu.externaltools.gnu-tools-for-stm32.14.3.rel1.win32_1.0.100.202602081740/tools/bin/../lib/gcc/arm-none-eabi/14.3.1/thumb/v7-m/nofp/crtbegin.o

.data           0x20000000       0x5c load address 0x08003b94
                0x20000000                        . = ALIGN (0x4)
                0x20000000                        _sdata = .
 *(.data)
 *(.data*)
 .data.SystemCoreClock
                0x20000000        0x4 ./Core/Src/system_stm32f2xx.o
                0x20000000                SystemCoreClock
 .data.uwTickPrio
                0x20000004        0x4 ./Drivers/STM32F2xx_HAL_Driver/Src/stm32f2xx_hal.o
                0x20000004                uwTickPrio
 .data.uwTickFreq
                0x20000008        0x1 ./Drivers/STM32F2xx_HAL_Driver/Src/stm32f2xx_hal.o
                0x20000008                uwTickFreq
 *fill*         0x20000009        0x3 
 .data._impure_ptr
                0x2000000c        0x4 D:/STM32CUBEIDE/PROGRAM/STM32CubeIDE_2.1.1/STM32CubeIDE/plugins/com.st.stm32cube.ide.mcu.externaltools.gnu-tools-for-stm32.14.3.rel1.win32_1.0.100.202602081740/tools/bin/../lib/gcc/arm-none-eabi/14.3.1/../../../../arm-none-eabi/lib/thumb/v7-m/nofp\libc_nano.a(libc_a-impure.o)
                0x2000000c                _impure_ptr
 .data._impure_data
                0x20000010       0x4c D:/STM32CUBEIDE/PROGRAM/STM32CubeIDE_2.1.1/STM32CubeIDE/plugins/com.st.stm32cube.ide.mcu.externaltools.gnu-tools-for-stm32.14.3.rel1.win32_1.0.100.202602081740/tools/bin/../lib/gcc/arm-none-eabi/14.3.1/../../../../arm-none-eabi/lib/thumb/v7-m/nofp\libc_nano.a(libc_a-impure.o)
                0x20000010                _impure_data
 *(.RamFunc)
 *(.RamFunc*)
                0x2000005c                        . = ALIGN (0x4)
                0x2000005c                        _edata = .

.igot.plt       0x2000005c        0x0 load address 0x08003bf0
 .igot.plt      0x2000005c        0x0 D:/STM32CUBEIDE/PROGRAM/STM32CubeIDE_2.1.1/STM32CubeIDE/plugins/com.st.stm32cube.ide.mcu.externaltools.gnu-tools-for-stm32.14.3.rel1.win32_1.0.100.202602081740/tools/bin/../lib/gcc/arm-none-eabi/14.3.1/thumb/v7-m/nofp/crtbegin.o
                0x2000005c                        . = ALIGN (0x4)

.bss            0x2000005c      0x1d0 load address 0x08003bf0
                0x2000005c                        _sbss = .
                0x2000005c                        __bss_start__ = _sbss
 *(.bss)
 .bss           0x2000005c       0x1c D:/STM32CUBEIDE/PROGRAM/STM32CubeIDE_2.1.1/STM32CubeIDE/plugins/com.st.stm32cube.ide.mcu.externaltools.gnu-tools-for-stm32.14.3.rel1.win32_1.0.100.202602081740/tools/bin/../lib/gcc/arm-none-eabi/14.3.1/thumb/v7-m/nofp/crtbegin.o
 *(.bss*)
 .bss.current_alarm
                0x20000078        0x3 ./Core/Src/alarm.o
 .bss.ringing   0x2000007b        0x1 ./Core/Src/alarm.o
 .bss.last_tick
                0x2000007c        0x4 ./Core/Src/app_clock.o
 .bss.event     0x20000080        0x1 ./Core/Src/app_clock.o
 .bss.current_event
                0x20000081        0x1 ./Core/Src/button_event.o
 *fill*         0x20000082        0x2 
 .bss.current_time
                0x20000084        0x3 ./Core/Src/clock.o
 *fill*         0x20000087        0x1 
 .bss.htim1     0x20000088       0x48 ./Core/Src/main.o
                0x20000088                htim1
 .bss.current_state
                0x200000d0        0x1 ./Core/Src/menu.o
 *fill*         0x200000d1        0x3 
 .bss.__sbrk_heap_end
                0x200000d4        0x4 ./Core/Src/sysmem.o
 .bss.current_time
                0x200000d8        0x3 ./Core/Src/ui.o
 *fill*         0x200000db        0x1 
 .bss.current_alarm
                0x200000dc        0x3 ./Core/Src/ui.o
 .bss.current_state
                0x200000df        0x1 ./Core/Src/ui.o
 .bss.uwTick    0x200000e0        0x4 ./Drivers/STM32F2xx_HAL_Driver/Src/stm32f2xx_hal.o
                0x200000e0                uwTick
 .bss.__sf      0x200000e4      0x138 D:/STM32CUBEIDE/PROGRAM/STM32CubeIDE_2.1.1/STM32CubeIDE/plugins/com.st.stm32cube.ide.mcu.externaltools.gnu-tools-for-stm32.14.3.rel1.win32_1.0.100.202602081740/tools/bin/../lib/gcc/arm-none-eabi/14.3.1/../../../../arm-none-eabi/lib/thumb/v7-m/nofp\libc_nano.a(libc_a-findfp.o)
                0x200000e4                __sf
 .bss.errno     0x2000021c        0x4 D:/STM32CUBEIDE/PROGRAM/STM32CubeIDE_2.1.1/STM32CubeIDE/plugins/com.st.stm32cube.ide.mcu.externaltools.gnu-tools-for-stm32.14.3.rel1.win32_1.0.100.202602081740/tools/bin/../lib/gcc/arm-none-eabi/14.3.1/../../../../arm-none-eabi/lib/thumb/v7-m/nofp\libc_nano.a(libc_a-reent.o)
                0x2000021c                errno
 .bss.__lock___malloc_recursive_mutex
                0x20000220        0x1 D:/STM32CUBEIDE/PROGRAM/STM32CubeIDE_2.1.1/STM32CubeIDE/plugins/com.st.stm32cube.ide.mcu.externaltools.gnu-tools-for-stm32.14.3.rel1.win32_1.0.100.202602081740/tools/bin/../lib/gcc/arm-none-eabi/14.3.1/../../../../arm-none-eabi/lib/thumb/v7-m/nofp\libc_nano.a(libc_a-lock.o)
                0x20000220                __lock___malloc_recursive_mutex
 *fill*         0x20000221        0x3 
 .bss.__malloc_sbrk_start
                0x20000224        0x4 D:/STM32CUBEIDE/PROGRAM/STM32CubeIDE_2.1.1/STM32CubeIDE/plugins/com.st.stm32cube.ide.mcu.externaltools.gnu-tools-for-stm32.14.3.rel1.win32_1.0.100.202602081740/tools/bin/../lib/gcc/arm-none-eabi/14.3.1/../../../../arm-none-eabi/lib/thumb/v7-m/nofp\libc_nano.a(libc_a-mallocr.o)
                0x20000224                __malloc_sbrk_start
 .bss.__malloc_free_list
                0x20000228        0x4 D:/STM32CUBEIDE/PROGRAM/STM32CubeIDE_2.1.1/STM32CubeIDE/plugins/com.st.stm32cube.ide.mcu.externaltools.gnu-tools-for-stm32.14.3.rel1.win32_1.0.100.202602081740/tools/bin/../lib/gcc/arm-none-eabi/14.3.1/../../../../arm-none-eabi/lib/thumb/v7-m/nofp\libc_nano.a(libc_a-mallocr.o)
                0x20000228                __malloc_free_list
 *(COMMON)
                0x2000022c                        . = ALIGN (0x4)
                0x2000022c                        _ebss = .
                0x2000022c                        __bss_end__ = _ebss

._user_heap_stack
                0x2000022c      0x604 load address 0x08003bf0
                0x20000230                        . = ALIGN (0x8)
 *fill*         0x2000022c        0x4 
                [!provide]                        PROVIDE (end = .)
                0x20000230                        PROVIDE (_end = .)
                0x20000430                        . = (. + _Min_Heap_Size)
 *fill*         0x20000230      0x200 
                0x20000830                        . = (. + _Min_Stack_Size)
 *fill*         0x20000430      0x400 
                0x20000830                        . = ALIGN (0x8)

/DISCARD/
 libc.a(*)
 libm.a(*)
 libgcc.a(*)

.ARM.attributes
                0x00000000       0x29
 *(.ARM.attributes)
 .ARM.attributes
                0x00000000       0x1d D:/STM32CUBEIDE/PROGRAM/STM32CubeIDE_2.1.1/STM32CubeIDE/plugins/com.st.stm32cube.ide.mcu.externaltools.gnu-tools-for-stm32.14.3.rel1.win32_1.0.100.202602081740/tools/bin/../lib/gcc/arm-none-eabi/14.3.1/thumb/v7-m/nofp/crti.o
 .ARM.attributes
                0x0000001d       0x2d D:/STM32CUBEIDE/PROGRAM/STM32CubeIDE_2.1.1/STM32CubeIDE/plugins/com.st.stm32cube.ide.mcu.externaltools.gnu-tools-for-stm32.14.3.rel1.win32_1.0.100.202602081740/tools/bin/../lib/gcc/arm-none-eabi/14.3.1/thumb/v7-m/nofp/crtbegin.o
 .ARM.attributes
                0x0000004a       0x2d ./Core/Src/alarm.o
 .ARM.attributes
                0x00000077       0x2d ./Core/Src/app_clock.o
 .ARM.attributes
                0x000000a4       0x2d ./Core/Src/button.o
 .ARM.attributes
                0x000000d1       0x2d ./Core/Src/button_event.o
 .ARM.attributes
                0x000000fe       0x2d ./Core/Src/buzzer.o
 .ARM.attributes
                0x0000012b       0x2d ./Core/Src/clock.o
 .ARM.attributes
                0x00000158       0x2d ./Core/Src/lcd.o
 .ARM.attributes
                0x00000185       0x2d ./Core/Src/led.o
 .ARM.attributes
                0x000001b2       0x2d ./Core/Src/main.o
 .ARM.attributes
                0x000001df       0x2d ./Core/Src/menu.o
 .ARM.attributes
                0x0000020c       0x2d ./Core/Src/stm32f2xx_hal_msp.o
 .ARM.attributes
                0x00000239       0x2d ./Core/Src/stm32f2xx_it.o
 .ARM.attributes
                0x00000266       0x2d ./Core/Src/sysmem.o
 .ARM.attributes
                0x00000293       0x2d ./Core/Src/system_stm32f2xx.o
 .ARM.attributes
                0x000002c0       0x2d ./Core/Src/timer.o
 .ARM.attributes
                0x000002ed       0x2d ./Core/Src/ui.o
 .ARM.attributes
                0x0000031a       0x21 ./Core/Startup/startup_stm32f207vctx.o
 .ARM.attributes
                0x0000033b       0x2d ./Drivers/STM32F2xx_HAL_Driver/Src/stm32f2xx_hal.o
 .ARM.attributes
                0x00000368       0x2d ./Drivers/STM32F2xx_HAL_Driver/Src/stm32f2xx_hal_cortex.o
 .ARM.attributes
                0x00000395       0x2d ./Drivers/STM32F2xx_HAL_Driver/Src/stm32f2xx_hal_gpio.o
 .ARM.attributes
                0x000003c2       0x2d ./Drivers/STM32F2xx_HAL_Driver/Src/stm32f2xx_hal_rcc.o
 .ARM.attributes
                0x000003ef       0x2d ./Drivers/STM32F2xx_HAL_Driver/Src/stm32f2xx_hal_tim.o
 .ARM.attributes
                0x0000041c       0x2d ./Drivers/STM32F2xx_HAL_Driver/Src/stm32f2xx_hal_tim_ex.o
 .ARM.attributes
                0x00000449       0x2d D:/STM32CUBEIDE/PROGRAM/STM32CubeIDE_2.1.1/STM32CubeIDE/plugins/com.st.stm32cube.ide.mcu.externaltools.gnu-tools-for-stm32.14.3.rel1.win32_1.0.100.202602081740/tools/bin/../lib/gcc/arm-none-eabi/14.3.1/../../../../arm-none-eabi/lib/thumb/v7-m/nofp\libc_nano.a(libc_a-findfp.o)
 .ARM.attributes
                0x00000476       0x2d D:/STM32CUBEIDE/PROGRAM/STM32CubeIDE_2.1.1/STM32CubeIDE/plugins/com.st.stm32cube.ide.mcu.externaltools.gnu-tools-for-stm32.14.3.rel1.win32_1.0.100.202602081740/tools/bin/../lib/gcc/arm-none-eabi/14.3.1/../../../../arm-none-eabi/lib/thumb/v7-m/nofp\libc_nano.a(libc_a-sprintf.o)
 .ARM.attributes
                0x000004a3       0x2d D:/STM32CUBEIDE/PROGRAM/STM32CubeIDE_2.1.1/STM32CubeIDE/plugins/com.st.stm32cube.ide.mcu.externaltools.gnu-tools-for-stm32.14.3.rel1.win32_1.0.100.202602081740/tools/bin/../lib/gcc/arm-none-eabi/14.3.1/../../../../arm-none-eabi/lib/thumb/v7-m/nofp\libc_nano.a(libc_a-memset.o)
 .ARM.attributes
                0x000004d0       0x2d D:/STM32CUBEIDE/PROGRAM/STM32CubeIDE_2.1.1/STM32CubeIDE/plugins/com.st.stm32cube.ide.mcu.externaltools.gnu-tools-for-stm32.14.3.rel1.win32_1.0.100.202602081740/tools/bin/../lib/gcc/arm-none-eabi/14.3.1/../../../../arm-none-eabi/lib/thumb/v7-m/nofp\libc_nano.a(libc_a-reent.o)
 .ARM.attributes
                0x000004fd       0x2d D:/STM32CUBEIDE/PROGRAM/STM32CubeIDE_2.1.1/STM32CubeIDE/plugins/com.st.stm32cube.ide.mcu.externaltools.gnu-tools-for-stm32.14.3.rel1.win32_1.0.100.202602081740/tools/bin/../lib/gcc/arm-none-eabi/14.3.1/../../../../arm-none-eabi/lib/thumb/v7-m/nofp\libc_nano.a(libc_a-impure.o)
 .ARM.attributes
                0x0000052a       0x2d D:/STM32CUBEIDE/PROGRAM/STM32CubeIDE_2.1.1/STM32CubeIDE/plugins/com.st.stm32cube.ide.mcu.externaltools.gnu-tools-for-stm32.14.3.rel1.win32_1.0.100.202602081740/tools/bin/../lib/gcc/arm-none-eabi/14.3.1/../../../../arm-none-eabi/lib/thumb/v7-m/nofp\libc_nano.a(libc_a-errno.o)
 .ARM.attributes
                0x00000557       0x2d D:/STM32CUBEIDE/PROGRAM/STM32CubeIDE_2.1.1/STM32CubeIDE/plugins/com.st.stm32cube.ide.mcu.externaltools.gnu-tools-for-stm32.14.3.rel1.win32_1.0.100.202602081740/tools/bin/../lib/gcc/arm-none-eabi/14.3.1/../../../../arm-none-eabi/lib/thumb/v7-m/nofp\libc_nano.a(libc_a-init.o)
 .ARM.attributes
                0x00000584       0x2d D:/STM32CUBEIDE/PROGRAM/STM32CubeIDE_2.1.1/STM32CubeIDE/plugins/com.st.stm32cube.ide.mcu.externaltools.gnu-tools-for-stm32.14.3.rel1.win32_1.0.100.202602081740/tools/bin/../lib/gcc/arm-none-eabi/14.3.1/../../../../arm-none-eabi/lib/thumb/v7-m/nofp\libc_nano.a(libc_a-lock.o)
 .ARM.attributes
                0x000005b1       0x2d D:/STM32CUBEIDE/PROGRAM/STM32CubeIDE_2.1.1/STM32CubeIDE/plugins/com.st.stm32cube.ide.mcu.externaltools.gnu-tools-for-stm32.14.3.rel1.win32_1.0.100.202602081740/tools/bin/../lib/gcc/arm-none-eabi/14.3.1/../../../../arm-none-eabi/lib/thumb/v7-m/nofp\libc_nano.a(libc_a-freer.o)
 .ARM.attributes
                0x000005de       0x2d D:/STM32CUBEIDE/PROGRAM/STM32CubeIDE_2.1.1/STM32CubeIDE/plugins/com.st.stm32cube.ide.mcu.externaltools.gnu-tools-for-stm32.14.3.rel1.win32_1.0.100.202602081740/tools/bin/../lib/gcc/arm-none-eabi/14.3.1/../../../../arm-none-eabi/lib/thumb/v7-m/nofp\libc_nano.a(libc_a-mallocr.o)
 .ARM.attributes
                0x0000060b       0x2d D:/STM32CUBEIDE/PROGRAM/STM32CubeIDE_2.1.1/STM32CubeIDE/plugins/com.st.stm32cube.ide.mcu.externaltools.gnu-tools-for-stm32.14.3.rel1.win32_1.0.100.202602081740/tools/bin/../lib/gcc/arm-none-eabi/14.3.1/../../../../arm-none-eabi/lib/thumb/v7-m/nofp\libc_nano.a(libc_a-mlock.o)
 .ARM.attributes
                0x00000638       0x2d D:/STM32CUBEIDE/PROGRAM/STM32CubeIDE_2.1.1/STM32CubeIDE/plugins/com.st.stm32cube.ide.mcu.externaltools.gnu-tools-for-stm32.14.3.rel1.win32_1.0.100.202602081740/tools/bin/../lib/gcc/arm-none-eabi/14.3.1/../../../../arm-none-eabi/lib/thumb/v7-m/nofp\libc_nano.a(libc_a-nano-svfprintf.o)
 .ARM.attributes
                0x00000665       0x2d D:/STM32CUBEIDE/PROGRAM/STM32CubeIDE_2.1.1/STM32CubeIDE/plugins/com.st.stm32cube.ide.mcu.externaltools.gnu-tools-for-stm32.14.3.rel1.win32_1.0.100.202602081740/tools/bin/../lib/gcc/arm-none-eabi/14.3.1/../../../../arm-none-eabi/lib/thumb/v7-m/nofp\libc_nano.a(libc_a-nano-vfprintf_i.o)
 .ARM.attributes
                0x00000692       0x2d D:/STM32CUBEIDE/PROGRAM/STM32CubeIDE_2.1.1/STM32CubeIDE/plugins/com.st.stm32cube.ide.mcu.externaltools.gnu-tools-for-stm32.14.3.rel1.win32_1.0.100.202602081740/tools/bin/../lib/gcc/arm-none-eabi/14.3.1/../../../../arm-none-eabi/lib/thumb/v7-m/nofp\libc_nano.a(libc_a-memmove.o)
 .ARM.attributes
                0x000006bf       0x2d D:/STM32CUBEIDE/PROGRAM/STM32CubeIDE_2.1.1/STM32CubeIDE/plugins/com.st.stm32cube.ide.mcu.externaltools.gnu-tools-for-stm32.14.3.rel1.win32_1.0.100.202602081740/tools/bin/../lib/gcc/arm-none-eabi/14.3.1/../../../../arm-none-eabi/lib/thumb/v7-m/nofp\libc_nano.a(libc_a-sbrkr.o)
 .ARM.attributes
                0x000006ec       0x2d D:/STM32CUBEIDE/PROGRAM/STM32CubeIDE_2.1.1/STM32CubeIDE/plugins/com.st.stm32cube.ide.mcu.externaltools.gnu-tools-for-stm32.14.3.rel1.win32_1.0.100.202602081740/tools/bin/../lib/gcc/arm-none-eabi/14.3.1/../../../../arm-none-eabi/lib/thumb/v7-m/nofp\libc_nano.a(libc_a-memchr-stub.o)
 .ARM.attributes
                0x00000719       0x2d D:/STM32CUBEIDE/PROGRAM/STM32CubeIDE_2.1.1/STM32CubeIDE/plugins/com.st.stm32cube.ide.mcu.externaltools.gnu-tools-for-stm32.14.3.rel1.win32_1.0.100.202602081740/tools/bin/../lib/gcc/arm-none-eabi/14.3.1/../../../../arm-none-eabi/lib/thumb/v7-m/nofp\libc_nano.a(libc_a-memcpy-stub.o)
 .ARM.attributes
                0x00000746       0x2d D:/STM32CUBEIDE/PROGRAM/STM32CubeIDE_2.1.1/STM32CubeIDE/plugins/com.st.stm32cube.ide.mcu.externaltools.gnu-tools-for-stm32.14.3.rel1.win32_1.0.100.202602081740/tools/bin/../lib/gcc/arm-none-eabi/14.3.1/../../../../arm-none-eabi/lib/thumb/v7-m/nofp\libc_nano.a(libc_a-reallocr.o)
 .ARM.attributes
                0x00000773       0x2d D:/STM32CUBEIDE/PROGRAM/STM32CubeIDE_2.1.1/STM32CubeIDE/plugins/com.st.stm32cube.ide.mcu.externaltools.gnu-tools-for-stm32.14.3.rel1.win32_1.0.100.202602081740/tools/bin/../lib/gcc/arm-none-eabi/14.3.1/../../../../arm-none-eabi/lib/thumb/v7-m/nofp\libc_nano.a(libc_a-msizer.o)
 .ARM.attributes
                0x000007a0       0x1d D:/STM32CUBEIDE/PROGRAM/STM32CubeIDE_2.1.1/STM32CubeIDE/plugins/com.st.stm32cube.ide.mcu.externaltools.gnu-tools-for-stm32.14.3.rel1.win32_1.0.100.202602081740/tools/bin/../lib/gcc/arm-none-eabi/14.3.1/thumb/v7-m/nofp\libgcc.a(_aeabi_uldivmod.o)
 .ARM.attributes
                0x000007bd       0x2d D:/STM32CUBEIDE/PROGRAM/STM32CubeIDE_2.1.1/STM32CubeIDE/plugins/com.st.stm32cube.ide.mcu.externaltools.gnu-tools-for-stm32.14.3.rel1.win32_1.0.100.202602081740/tools/bin/../lib/gcc/arm-none-eabi/14.3.1/thumb/v7-m/nofp\libgcc.a(_udivmoddi4.o)
 .ARM.attributes
                0x000007ea       0x1d D:/STM32CUBEIDE/PROGRAM/STM32CubeIDE_2.1.1/STM32CubeIDE/plugins/com.st.stm32cube.ide.mcu.externaltools.gnu-tools-for-stm32.14.3.rel1.win32_1.0.100.202602081740/tools/bin/../lib/gcc/arm-none-eabi/14.3.1/thumb/v7-m/nofp\libgcc.a(_dvmd_tls.o)
 .ARM.attributes
                0x00000807       0x1d D:/STM32CUBEIDE/PROGRAM/STM32CubeIDE_2.1.1/STM32CubeIDE/plugins/com.st.stm32cube.ide.mcu.externaltools.gnu-tools-for-stm32.14.3.rel1.win32_1.0.100.202602081740/tools/bin/../lib/gcc/arm-none-eabi/14.3.1/thumb/v7-m/nofp/crtn.o
OUTPUT(appalarmclock.elf elf32-littlearm)
LOAD linker stubs
LOAD D:/STM32CUBEIDE/PROGRAM/STM32CubeIDE_2.1.1/STM32CubeIDE/plugins/com.st.stm32cube.ide.mcu.externaltools.gnu-tools-for-stm32.14.3.rel1.win32_1.0.100.202602081740/tools/bin/../lib/gcc/arm-none-eabi/14.3.1/../../../../arm-none-eabi/lib/thumb/v7-m/nofp\libc.a
LOAD D:/STM32CUBEIDE/PROGRAM/STM32CubeIDE_2.1.1/STM32CubeIDE/plugins/com.st.stm32cube.ide.mcu.externaltools.gnu-tools-for-stm32.14.3.rel1.win32_1.0.100.202602081740/tools/bin/../lib/gcc/arm-none-eabi/14.3.1/../../../../arm-none-eabi/lib/thumb/v7-m/nofp\libm.a
LOAD D:/STM32CUBEIDE/PROGRAM/STM32CubeIDE_2.1.1/STM32CubeIDE/plugins/com.st.stm32cube.ide.mcu.externaltools.gnu-tools-for-stm32.14.3.rel1.win32_1.0.100.202602081740/tools/bin/../lib/gcc/arm-none-eabi/14.3.1/thumb/v7-m/nofp\libgcc.a

.debug_info     0x00000000     0xaa8c
 .debug_info    0x00000000      0x255 ./Core/Src/alarm.o
 .debug_info    0x00000255      0x39a ./Core/Src/app_clock.o
 .debug_info    0x000005ef      0x301 ./Core/Src/button.o
 .debug_info    0x000008f0      0x193 ./Core/Src/button_event.o
 .debug_info    0x00000a83      0x1bf ./Core/Src/buzzer.o
 .debug_info    0x00000c42      0x1a7 ./Core/Src/clock.o
 .debug_info    0x00000de9      0x403 ./Core/Src/lcd.o
 .debug_info    0x000011ec      0x1af ./Core/Src/led.o
 .debug_info    0x0000139b      0xd63 ./Core/Src/main.o
 .debug_info    0x000020fe      0x243 ./Core/Src/menu.o
 .debug_info    0x00002341      0xaf0 ./Core/Src/stm32f2xx_hal_msp.o
 .debug_info    0x00002e31      0x6e1 ./Core/Src/stm32f2xx_it.o
 .debug_info    0x00003512      0x168 ./Core/Src/sysmem.o
 .debug_info    0x0000367a      0x31f ./Core/Src/system_stm32f2xx.o
 .debug_info    0x00003999      0x70c ./Core/Src/timer.o
 .debug_info    0x000040a5      0x33c ./Core/Src/ui.o
 .debug_info    0x000043e1       0x30 ./Core/Startup/startup_stm32f207vctx.o
 .debug_info    0x00004411      0x9c3 ./Drivers/STM32F2xx_HAL_Driver/Src/stm32f2xx_hal.o
 .debug_info    0x00004dd4      0xd7b ./Drivers/STM32F2xx_HAL_Driver/Src/stm32f2xx_hal_cortex.o
 .debug_info    0x00005b4f      0x68e ./Drivers/STM32F2xx_HAL_Driver/Src/stm32f2xx_hal_gpio.o
 .debug_info    0x000061dd      0xa39 ./Drivers/STM32F2xx_HAL_Driver/Src/stm32f2xx_hal_rcc.o
 .debug_info    0x00006c16     0x299b ./Drivers/STM32F2xx_HAL_Driver/Src/stm32f2xx_hal_tim.o
 .debug_info    0x000095b1     0x14db ./Drivers/STM32F2xx_HAL_Driver/Src/stm32f2xx_hal_tim_ex.o

.debug_abbrev   0x00000000     0x2510
 .debug_abbrev  0x00000000      0x129 ./Core/Src/alarm.o
 .debug_abbrev  0x00000129      0x131 ./Core/Src/app_clock.o
 .debug_abbrev  0x0000025a      0x1da ./Core/Src/button.o
 .debug_abbrev  0x00000434      0x117 ./Core/Src/button_event.o
 .debug_abbrev  0x0000054b       0xf4 ./Core/Src/buzzer.o
 .debug_abbrev  0x0000063f       0xc9 ./Core/Src/clock.o
 .debug_abbrev  0x00000708      0x1b5 ./Core/Src/lcd.o
 .debug_abbrev  0x000008bd       0xf4 ./Core/Src/led.o
 .debug_abbrev  0x000009b1      0x26e ./Core/Src/main.o
 .debug_abbrev  0x00000c1f       0xea ./Core/Src/menu.o
 .debug_abbrev  0x00000d09      0x1ae ./Core/Src/stm32f2xx_hal_msp.o
 .debug_abbrev  0x00000eb7      0x192 ./Core/Src/stm32f2xx_it.o
 .debug_abbrev  0x00001049       0xbc ./Core/Src/sysmem.o
 .debug_abbrev  0x00001105      0x11c ./Core/Src/system_stm32f2xx.o
 .debug_abbrev  0x00001221      0x1da ./Core/Src/timer.o
 .debug_abbrev  0x000013fb      0x19c ./Core/Src/ui.o
 .debug_abbrev  0x00001597       0x24 ./Core/Startup/startup_stm32f207vctx.o
 .debug_abbrev  0x000015bb      0x286 ./Drivers/STM32F2xx_HAL_Driver/Src/stm32f2xx_hal.o
 .debug_abbrev  0x00001841      0x31c ./Drivers/STM32F2xx_HAL_Driver/Src/stm32f2xx_hal_cortex.o
 .debug_abbrev  0x00001b5d      0x1cb ./Drivers/STM32F2xx_HAL_Driver/Src/stm32f2xx_hal_gpio.o
 .debug_abbrev  0x00001d28      0x2d6 ./Drivers/STM32F2xx_HAL_Driver/Src/stm32f2xx_hal_rcc.o
 .debug_abbrev  0x00001ffe      0x28f ./Drivers/STM32F2xx_HAL_Driver/Src/stm32f2xx_hal_tim.o
 .debug_abbrev  0x0000228d      0x283 ./Drivers/STM32F2xx_HAL_Driver/Src/stm32f2xx_hal_tim_ex.o

.debug_aranges  0x00000000      0xd40
 .debug_aranges
                0x00000000       0x78 ./Core/Src/alarm.o
 .debug_aranges
                0x00000078       0x68 ./Core/Src/app_clock.o
 .debug_aranges
                0x000000e0       0x40 ./Core/Src/button.o
 .debug_aranges
                0x00000120       0x38 ./Core/Src/button_event.o
 .debug_aranges
                0x00000158       0x30 ./Core/Src/buzzer.o
 .debug_aranges
                0x00000188       0x68 ./Core/Src/clock.o
 .debug_aranges
                0x000001f0       0x98 ./Core/Src/lcd.o
 .debug_aranges
                0x00000288       0x28 ./Core/Src/led.o
 .debug_aranges
                0x000002b0       0x40 ./Core/Src/main.o
 .debug_aranges
                0x000002f0       0x68 ./Core/Src/menu.o
 .debug_aranges
                0x00000358       0x30 ./Core/Src/stm32f2xx_hal_msp.o
 .debug_aranges
                0x00000388       0x68 ./Core/Src/stm32f2xx_it.o
 .debug_aranges
                0x000003f0       0x20 ./Core/Src/sysmem.o
 .debug_aranges
                0x00000410       0x28 ./Core/Src/system_stm32f2xx.o
 .debug_aranges
                0x00000438       0x38 ./Core/Src/timer.o
 .debug_aranges
                0x00000470       0x78 ./Core/Src/ui.o
 .debug_aranges
                0x000004e8       0x28 ./Core/Startup/startup_stm32f207vctx.o
 .debug_aranges
                0x00000510       0xf0 ./Drivers/STM32F2xx_HAL_Driver/Src/stm32f2xx_hal.o
 .debug_aranges
                0x00000600      0x128 ./Drivers/STM32F2xx_HAL_Driver/Src/stm32f2xx_hal_cortex.o
 .debug_aranges
                0x00000728       0x58 ./Drivers/STM32F2xx_HAL_Driver/Src/stm32f2xx_hal_gpio.o
 .debug_aranges
                0x00000780       0x88 ./Drivers/STM32F2xx_HAL_Driver/Src/stm32f2xx_hal_rcc.o
 .debug_aranges
                0x00000808      0x3d0 ./Drivers/STM32F2xx_HAL_Driver/Src/stm32f2xx_hal_tim.o
 .debug_aranges
                0x00000bd8      0x168 ./Drivers/STM32F2xx_HAL_Driver/Src/stm32f2xx_hal_tim_ex.o

.debug_rnglists
                0x00000000      0x9eb
 .debug_rnglists
                0x00000000       0x55 ./Core/Src/alarm.o
 .debug_rnglists
                0x00000055       0x4a ./Core/Src/app_clock.o
 .debug_rnglists
                0x0000009f       0x2b ./Core/Src/button.o
 .debug_rnglists
                0x000000ca       0x25 ./Core/Src/button_event.o
 .debug_rnglists
                0x000000ef       0x1f ./Core/Src/buzzer.o
 .debug_rnglists
                0x0000010e       0x49 ./Core/Src/clock.o
 .debug_rnglists
                0x00000157       0x6e ./Core/Src/lcd.o
 .debug_rnglists
                0x000001c5       0x19 ./Core/Src/led.o
 .debug_rnglists
                0x000001de       0x2d ./Core/Src/main.o
 .debug_rnglists
                0x0000020b       0x4a ./Core/Src/menu.o
 .debug_rnglists
                0x00000255       0x1f ./Core/Src/stm32f2xx_hal_msp.o
 .debug_rnglists
                0x00000274       0x49 ./Core/Src/stm32f2xx_it.o
 .debug_rnglists
                0x000002bd       0x13 ./Core/Src/sysmem.o
 .debug_rnglists
                0x000002d0       0x1a ./Core/Src/system_stm32f2xx.o
 .debug_rnglists
                0x000002ea       0x25 ./Core/Src/timer.o
 .debug_rnglists
                0x0000030f       0x56 ./Core/Src/ui.o
 .debug_rnglists
                0x00000365       0x19 ./Core/Startup/startup_stm32f207vctx.o
 .debug_rnglists
                0x0000037e       0xaf ./Drivers/STM32F2xx_HAL_Driver/Src/stm32f2xx_hal.o
 .debug_rnglists
                0x0000042d       0xd9 ./Drivers/STM32F2xx_HAL_Driver/Src/stm32f2xx_hal_cortex.o
 .debug_rnglists
                0x00000506       0x3f ./Drivers/STM32F2xx_HAL_Driver/Src/stm32f2xx_hal_gpio.o
 .debug_rnglists
                0x00000545       0x67 ./Drivers/STM32F2xx_HAL_Driver/Src/stm32f2xx_hal_rcc.o
 .debug_rnglists
                0x000005ac      0x31a ./Drivers/STM32F2xx_HAL_Driver/Src/stm32f2xx_hal_tim.o
 .debug_rnglists
                0x000008c6      0x125 ./Drivers/STM32F2xx_HAL_Driver/Src/stm32f2xx_hal_tim_ex.o

.debug_macro    0x00000000    0x2025d
 .debug_macro   0x00000000      0x1ed ./Core/Src/alarm.o
 .debug_macro   0x000001ed      0xacc ./Core/Src/alarm.o
 .debug_macro   0x00000cb9       0x16 ./Core/Src/alarm.o
 .debug_macro   0x00000ccf      0x238 ./Core/Src/alarm.o
 .debug_macro   0x00000f07       0x2e ./Core/Src/alarm.o
 .debug_macro   0x00000f35       0x22 ./Core/Src/alarm.o
 .debug_macro   0x00000f57       0x22 ./Core/Src/alarm.o
 .debug_macro   0x00000f79       0x8e ./Core/Src/alarm.o
 .debug_macro   0x00001007       0x51 ./Core/Src/alarm.o
 .debug_macro   0x00001058      0x103 ./Core/Src/alarm.o
 .debug_macro   0x0000115b       0x6a ./Core/Src/alarm.o
 .debug_macro   0x000011c5      0x1df ./Core/Src/alarm.o
 .debug_macro   0x000013a4       0x1c ./Core/Src/alarm.o
 .debug_macro   0x000013c0       0x22 ./Core/Src/alarm.o
 .debug_macro   0x000013e2       0xbd ./Core/Src/alarm.o
 .debug_macro   0x0000149f      0xe49 ./Core/Src/alarm.o
 .debug_macro   0x000022e8      0x11f ./Core/Src/alarm.o
 .debug_macro   0x00002407    0x14fe1 ./Core/Src/alarm.o
 .debug_macro   0x000173e8       0x6d ./Core/Src/alarm.o
 .debug_macro   0x00017455     0x35b3 ./Core/Src/alarm.o
 .debug_macro   0x0001aa08      0x190 ./Core/Src/alarm.o
 .debug_macro   0x0001ab98       0x55 ./Core/Src/alarm.o
 .debug_macro   0x0001abed     0x1056 ./Core/Src/alarm.o
 .debug_macro   0x0001bc43      0x153 ./Core/Src/alarm.o
 .debug_macro   0x0001bd96      0x170 ./Core/Src/alarm.o
 .debug_macro   0x0001bf06      0x115 ./Core/Src/alarm.o
 .debug_macro   0x0001c01b      0x108 ./Core/Src/alarm.o
 .debug_macro   0x0001c123       0xa5 ./Core/Src/alarm.o
 .debug_macro   0x0001c1c8      0x16a ./Core/Src/alarm.o
 .debug_macro   0x0001c332      0x287 ./Core/Src/alarm.o
 .debug_macro   0x0001c5b9       0x5f ./Core/Src/alarm.o
 .debug_macro   0x0001c618      0x236 ./Core/Src/alarm.o
 .debug_macro   0x0001c84e      0x126 ./Core/Src/alarm.o
 .debug_macro   0x0001c974      0x216 ./Core/Src/alarm.o
 .debug_macro   0x0001cb8a       0x2e ./Core/Src/alarm.o
 .debug_macro   0x0001cbb8      0x113 ./Core/Src/alarm.o
 .debug_macro   0x0001cccb       0x22 ./Core/Src/alarm.o
 .debug_macro   0x0001cced       0x82 ./Core/Src/alarm.o
 .debug_macro   0x0001cd6f      0x8ed ./Core/Src/alarm.o
 .debug_macro   0x0001d65c       0x4c ./Core/Src/alarm.o
 .debug_macro   0x0001d6a8      0x12d ./Core/Src/alarm.o
 .debug_macro   0x0001d7d5       0xf4 ./Core/Src/alarm.o
 .debug_macro   0x0001d8c9      0x240 ./Core/Src/app_clock.o
 .debug_macro   0x0001db09       0x22 ./Core/Src/app_clock.o
 .debug_macro   0x0001db2b      0x1da ./Core/Src/button.o
 .debug_macro   0x0001dd05      0x1ea ./Core/Src/button_event.o
 .debug_macro   0x0001deef      0x1da ./Core/Src/buzzer.o
 .debug_macro   0x0001e0c9       0x6d ./Core/Src/clock.o
 .debug_macro   0x0001e136      0x1cc ./Core/Src/lcd.o
 .debug_macro   0x0001e302      0x1cc ./Core/Src/led.o
 .debug_macro   0x0001e4ce      0x231 ./Core/Src/main.o
 .debug_macro   0x0001e6ff       0x6d ./Core/Src/menu.o
 .debug_macro   0x0001e76c      0x1cc ./Core/Src/stm32f2xx_hal_msp.o
 .debug_macro   0x0001e938      0x1d6 ./Core/Src/stm32f2xx_it.o
 .debug_macro   0x0001eb0e      0x112 ./Core/Src/sysmem.o
 .debug_macro   0x0001ec20      0x23c ./Core/Src/sysmem.o
 .debug_macro   0x0001ee5c      0x1bd ./Core/Src/system_stm32f2xx.o
 .debug_macro   0x0001f019      0x1e3 ./Core/Src/timer.o
 .debug_macro   0x0001f1fc      0x2e7 ./Core/Src/ui.o
 .debug_macro   0x0001f4e3       0x61 ./Core/Src/ui.o
 .debug_macro   0x0001f544       0x16 ./Core/Src/ui.o
 .debug_macro   0x0001f55a       0x9e ./Core/Src/ui.o
 .debug_macro   0x0001f5f8      0x112 ./Core/Src/ui.o
 .debug_macro   0x0001f70a       0x16 ./Core/Src/ui.o
 .debug_macro   0x0001f720       0x4f ./Core/Src/ui.o
 .debug_macro   0x0001f76f      0x20b ./Drivers/STM32F2xx_HAL_Driver/Src/stm32f2xx_hal.o
 .debug_macro   0x0001f97a      0x1bd ./Drivers/STM32F2xx_HAL_Driver/Src/stm32f2xx_hal_cortex.o
 .debug_macro   0x0001fb37      0x1c4 ./Drivers/STM32F2xx_HAL_Driver/Src/stm32f2xx_hal_gpio.o
 .debug_macro   0x0001fcfb      0x1e7 ./Drivers/STM32F2xx_HAL_Driver/Src/stm32f2xx_hal_rcc.o
 .debug_macro   0x0001fee2      0x1be ./Drivers/STM32F2xx_HAL_Driver/Src/stm32f2xx_hal_tim.o
 .debug_macro   0x000200a0      0x1bd ./Drivers/STM32F2xx_HAL_Driver/Src/stm32f2xx_hal_tim_ex.o

.debug_line     0x00000000    0x10d7d
 .debug_line    0x00000000      0x939 ./Core/Src/alarm.o
 .debug_line    0x00000939      0x9b0 ./Core/Src/app_clock.o
 .debug_line    0x000012e9      0x882 ./Core/Src/button.o
 .debug_line    0x00001b6b      0x86a ./Core/Src/button_event.o
 .debug_line    0x000023d5      0x7e3 ./Core/Src/buzzer.o
 .debug_line    0x00002bb8      0x619 ./Core/Src/clock.o
 .debug_line    0x000031d1      0x969 ./Core/Src/lcd.o
 .debug_line    0x00003b3a      0x7cb ./Core/Src/led.o
 .debug_line    0x00004305      0x951 ./Core/Src/main.o
 .debug_line    0x00004c56      0x5e7 ./Core/Src/menu.o
 .debug_line    0x0000523d      0x7f0 ./Core/Src/stm32f2xx_hal_msp.o
 .debug_line    0x00005a2d      0x87c ./Core/Src/stm32f2xx_it.o
 .debug_line    0x000062a9      0x733 ./Core/Src/sysmem.o
 .debug_line    0x000069dc      0x832 ./Core/Src/system_stm32f2xx.o
 .debug_line    0x0000720e      0x81e ./Core/Src/timer.o
 .debug_line    0x00007a2c      0xba1 ./Core/Src/ui.o
 .debug_line    0x000085cd       0x7a ./Core/Startup/startup_stm32f207vctx.o
 .debug_line    0x00008647      0xafc ./Drivers/STM32F2xx_HAL_Driver/Src/stm32f2xx_hal.o
 .debug_line    0x00009143      0xd5c ./Drivers/STM32F2xx_HAL_Driver/Src/stm32f2xx_hal_cortex.o
 .debug_line    0x00009e9f      0xc0a ./Drivers/STM32F2xx_HAL_Driver/Src/stm32f2xx_hal_gpio.o
 .debug_line    0x0000aaa9     0x10a5 ./Drivers/STM32F2xx_HAL_Driver/Src/stm32f2xx_hal_rcc.o
 .debug_line    0x0000bb4e     0x382a ./Drivers/STM32F2xx_HAL_Driver/Src/stm32f2xx_hal_tim.o
 .debug_line    0x0000f378     0x1a05 ./Drivers/STM32F2xx_HAL_Driver/Src/stm32f2xx_hal_tim_ex.o

.debug_str      0x00000000    0xc1039
 .debug_str     0x00000000    0xc1039 ./Core/Src/alarm.o
                              0xb9fe4 (size before relaxing)
 .debug_str     0x000c1039    0xba335 ./Core/Src/app_clock.o
 .debug_str     0x000c1039    0xb9f99 ./Core/Src/button.o
 .debug_str     0x000c1039    0xb9fac ./Core/Src/button_event.o
 .debug_str     0x000c1039    0xb9f36 ./Core/Src/buzzer.o
 .debug_str     0x000c1039     0x3e1c ./Core/Src/clock.o
 .debug_str     0x000c1039    0xba033 ./Core/Src/lcd.o
 .debug_str     0x000c1039    0xb9f16 ./Core/Src/led.o
 .debug_str     0x000c1039    0xba917 ./Core/Src/main.o
 .debug_str     0x000c1039     0x3ef7 ./Core/Src/menu.o
 .debug_str     0x000c1039    0xbaa33 ./Core/Src/stm32f2xx_hal_msp.o
 .debug_str     0x000c1039    0xba48f ./Core/Src/stm32f2xx_it.o
 .debug_str     0x000c1039     0x769c ./Core/Src/sysmem.o
 .debug_str     0x000c1039    0xb9ce1 ./Core/Src/system_stm32f2xx.o
 .debug_str     0x000c1039    0xba495 ./Core/Src/timer.o
 .debug_str     0x000c1039    0xbd855 ./Core/Src/ui.o
 .debug_str     0x000c1039       0x6c ./Core/Startup/startup_stm32f207vctx.o
 .debug_str     0x000c1039    0xba82d ./Drivers/STM32F2xx_HAL_Driver/Src/stm32f2xx_hal.o
 .debug_str     0x000c1039    0xba624 ./Drivers/STM32F2xx_HAL_Driver/Src/stm32f2xx_hal_cortex.o
 .debug_str     0x000c1039    0xb9e9f ./Drivers/STM32F2xx_HAL_Driver/Src/stm32f2xx_hal_gpio.o
 .debug_str     0x000c1039    0xba193 ./Drivers/STM32F2xx_HAL_Driver/Src/stm32f2xx_hal_rcc.o
 .debug_str     0x000c1039    0xbb0bf ./Drivers/STM32F2xx_HAL_Driver/Src/stm32f2xx_hal_tim.o
 .debug_str     0x000c1039    0xba8cb ./Drivers/STM32F2xx_HAL_Driver/Src/stm32f2xx_hal_tim_ex.o

.comment        0x00000000       0x43
 .comment       0x00000000       0x43 ./Core/Src/alarm.o
                                 0x44 (size before relaxing)
 .comment       0x00000043       0x44 ./Core/Src/app_clock.o
 .comment       0x00000043       0x44 ./Core/Src/button.o
 .comment       0x00000043       0x44 ./Core/Src/button_event.o
 .comment       0x00000043       0x44 ./Core/Src/buzzer.o
 .comment       0x00000043       0x44 ./Core/Src/clock.o
 .comment       0x00000043       0x44 ./Core/Src/lcd.o
 .comment       0x00000043       0x44 ./Core/Src/led.o
 .comment       0x00000043       0x44 ./Core/Src/main.o
 .comment       0x00000043       0x44 ./Core/Src/menu.o
 .comment       0x00000043       0x44 ./Core/Src/stm32f2xx_hal_msp.o
 .comment       0x00000043       0x44 ./Core/Src/stm32f2xx_it.o
 .comment       0x00000043       0x44 ./Core/Src/sysmem.o
 .comment       0x00000043       0x44 ./Core/Src/system_stm32f2xx.o
 .comment       0x00000043       0x44 ./Core/Src/timer.o
 .comment       0x00000043       0x44 ./Core/Src/ui.o
 .comment       0x00000043       0x44 ./Drivers/STM32F2xx_HAL_Driver/Src/stm32f2xx_hal.o
 .comment       0x00000043       0x44 ./Drivers/STM32F2xx_HAL_Driver/Src/stm32f2xx_hal_cortex.o
 .comment       0x00000043       0x44 ./Drivers/STM32F2xx_HAL_Driver/Src/stm32f2xx_hal_gpio.o
 .comment       0x00000043       0x44 ./Drivers/STM32F2xx_HAL_Driver/Src/stm32f2xx_hal_rcc.o
 .comment       0x00000043       0x44 ./Drivers/STM32F2xx_HAL_Driver/Src/stm32f2xx_hal_tim.o
 .comment       0x00000043       0x44 ./Drivers/STM32F2xx_HAL_Driver/Src/stm32f2xx_hal_tim_ex.o

.debug_frame    0x00000000     0x3638
 .debug_frame   0x00000000      0x178 ./Core/Src/alarm.o
 .debug_frame   0x00000178      0x160 ./Core/Src/app_clock.o
 .debug_frame   0x000002d8       0xbc ./Core/Src/button.o
 .debug_frame   0x00000394       0x98 ./Core/Src/button_event.o
 .debug_frame   0x0000042c       0x64 ./Core/Src/buzzer.o
 .debug_frame   0x00000490      0x138 ./Core/Src/clock.o
 .debug_frame   0x000005c8      0x208 ./Core/Src/lcd.o
 .debug_frame   0x000007d0       0x48 ./Core/Src/led.o
 .debug_frame   0x00000818       0xb0 ./Core/Src/main.o
 .debug_frame   0x000008c8      0x168 ./Core/Src/menu.o
 .debug_frame   0x00000a30       0x7c ./Core/Src/stm32f2xx_hal_msp.o
 .debug_frame   0x00000aac      0x114 ./Core/Src/stm32f2xx_it.o
 .debug_frame   0x00000bc0       0x34 ./Core/Src/sysmem.o
 .debug_frame   0x00000bf4       0x50 ./Core/Src/system_stm32f2xx.o
 .debug_frame   0x00000c44       0x90 ./Core/Src/timer.o
 .debug_frame   0x00000cd4      0x178 ./Core/Src/ui.o
 .debug_frame   0x00000e4c      0x32c ./Drivers/STM32F2xx_HAL_Driver/Src/stm32f2xx_hal.o
 .debug_frame   0x00001178      0x49c ./Drivers/STM32F2xx_HAL_Driver/Src/stm32f2xx_hal_cortex.o
 .debug_frame   0x00001614      0x130 ./Drivers/STM32F2xx_HAL_Driver/Src/stm32f2xx_hal_gpio.o
 .debug_frame   0x00001744      0x1f0 ./Drivers/STM32F2xx_HAL_Driver/Src/stm32f2xx_hal_rcc.o
 .debug_frame   0x00001934     0x10f0 ./Drivers/STM32F2xx_HAL_Driver/Src/stm32f2xx_hal_tim.o
 .debug_frame   0x00002a24      0x600 ./Drivers/STM32F2xx_HAL_Driver/Src/stm32f2xx_hal_tim_ex.o
 .debug_frame   0x00003024      0x144 D:/STM32CUBEIDE/PROGRAM/STM32CubeIDE_2.1.1/STM32CubeIDE/plugins/com.st.stm32cube.ide.mcu.externaltools.gnu-tools-for-stm32.14.3.rel1.win32_1.0.100.202602081740/tools/bin/../lib/gcc/arm-none-eabi/14.3.1/../../../../arm-none-eabi/lib/thumb/v7-m/nofp\libc_nano.a(libc_a-findfp.o)
 .debug_frame   0x00003168       0x74 D:/STM32CUBEIDE/PROGRAM/STM32CubeIDE_2.1.1/STM32CubeIDE/plugins/com.st.stm32cube.ide.mcu.externaltools.gnu-tools-for-stm32.14.3.rel1.win32_1.0.100.202602081740/tools/bin/../lib/gcc/arm-none-eabi/14.3.1/../../../../arm-none-eabi/lib/thumb/v7-m/nofp\libc_nano.a(libc_a-sprintf.o)
 .debug_frame   0x000031dc       0x20 D:/STM32CUBEIDE/PROGRAM/STM32CubeIDE_2.1.1/STM32CubeIDE/plugins/com.st.stm32cube.ide.mcu.externaltools.gnu-tools-for-stm32.14.3.rel1.win32_1.0.100.202602081740/tools/bin/../lib/gcc/arm-none-eabi/14.3.1/../../../../arm-none-eabi/lib/thumb/v7-m/nofp\libc_nano.a(libc_a-memset.o)
 .debug_frame   0x000031fc       0x38 D:/STM32CUBEIDE/PROGRAM/STM32CubeIDE_2.1.1/STM32CubeIDE/plugins/com.st.stm32cube.ide.mcu.externaltools.gnu-tools-for-stm32.14.3.rel1.win32_1.0.100.202602081740/tools/bin/../lib/gcc/arm-none-eabi/14.3.1/../../../../arm-none-eabi/lib/thumb/v7-m/nofp\libc_nano.a(libc_a-reent.o)
 .debug_frame   0x00003234       0x20 D:/STM32CUBEIDE/PROGRAM/STM32CubeIDE_2.1.1/STM32CubeIDE/plugins/com.st.stm32cube.ide.mcu.externaltools.gnu-tools-for-stm32.14.3.rel1.win32_1.0.100.202602081740/tools/bin/../lib/gcc/arm-none-eabi/14.3.1/../../../../arm-none-eabi/lib/thumb/v7-m/nofp\libc_nano.a(libc_a-errno.o)
 .debug_frame   0x00003254       0x2c D:/STM32CUBEIDE/PROGRAM/STM32CubeIDE_2.1.1/STM32CubeIDE/plugins/com.st.stm32cube.ide.mcu.externaltools.gnu-tools-for-stm32.14.3.rel1.win32_1.0.100.202602081740/tools/bin/../lib/gcc/arm-none-eabi/14.3.1/../../../../arm-none-eabi/lib/thumb/v7-m/nofp\libc_nano.a(libc_a-init.o)
 .debug_frame   0x00003280       0xb0 D:/STM32CUBEIDE/PROGRAM/STM32CubeIDE_2.1.1/STM32CubeIDE/plugins/com.st.stm32cube.ide.mcu.externaltools.gnu-tools-for-stm32.14.3.rel1.win32_1.0.100.202602081740/tools/bin/../lib/gcc/arm-none-eabi/14.3.1/../../../../arm-none-eabi/lib/thumb/v7-m/nofp\libc_nano.a(libc_a-lock.o)
 .debug_frame   0x00003330       0x38 D:/STM32CUBEIDE/PROGRAM/STM32CubeIDE_2.1.1/STM32CubeIDE/plugins/com.st.stm32cube.ide.mcu.externaltools.gnu-tools-for-stm32.14.3.rel1.win32_1.0.100.202602081740/tools/bin/../lib/gcc/arm-none-eabi/14.3.1/../../../../arm-none-eabi/lib/thumb/v7-m/nofp\libc_nano.a(libc_a-freer.o)
 .debug_frame   0x00003368       0x50 D:/STM32CUBEIDE/PROGRAM/STM32CubeIDE_2.1.1/STM32CubeIDE/plugins/com.st.stm32cube.ide.mcu.externaltools.gnu-tools-for-stm32.14.3.rel1.win32_1.0.100.202602081740/tools/bin/../lib/gcc/arm-none-eabi/14.3.1/../../../../arm-none-eabi/lib/thumb/v7-m/nofp\libc_nano.a(libc_a-mallocr.o)
 .debug_frame   0x000033b8       0x30 D:/STM32CUBEIDE/PROGRAM/STM32CubeIDE_2.1.1/STM32CubeIDE/plugins/com.st.stm32cube.ide.mcu.externaltools.gnu-tools-for-stm32.14.3.rel1.win32_1.0.100.202602081740/tools/bin/../lib/gcc/arm-none-eabi/14.3.1/../../../../arm-none-eabi/lib/thumb/v7-m/nofp\libc_nano.a(libc_a-mlock.o)
 .debug_frame   0x000033e8       0x90 D:/STM32CUBEIDE/PROGRAM/STM32CubeIDE_2.1.1/STM32CubeIDE/plugins/com.st.stm32cube.ide.mcu.externaltools.gnu-tools-for-stm32.14.3.rel1.win32_1.0.100.202602081740/tools/bin/../lib/gcc/arm-none-eabi/14.3.1/../../../../arm-none-eabi/lib/thumb/v7-m/nofp\libc_nano.a(libc_a-nano-svfprintf.o)
 .debug_frame   0x00003478       0x60 D:/STM32CUBEIDE/PROGRAM/STM32CubeIDE_2.1.1/STM32CubeIDE/plugins/com.st.stm32cube.ide.mcu.externaltools.gnu-tools-for-stm32.14.3.rel1.win32_1.0.100.202602081740/tools/bin/../lib/gcc/arm-none-eabi/14.3.1/../../../../arm-none-eabi/lib/thumb/v7-m/nofp\libc_nano.a(libc_a-nano-vfprintf_i.o)
 .debug_frame   0x000034d8       0x28 D:/STM32CUBEIDE/PROGRAM/STM32CubeIDE_2.1.1/STM32CubeIDE/plugins/com.st.stm32cube.ide.mcu.externaltools.gnu-tools-for-stm32.14.3.rel1.win32_1.0.100.202602081740/tools/bin/../lib/gcc/arm-none-eabi/14.3.1/../../../../arm-none-eabi/lib/thumb/v7-m/nofp\libc_nano.a(libc_a-memmove.o)
 .debug_frame   0x00003500       0x2c D:/STM32CUBEIDE/PROGRAM/STM32CubeIDE_2.1.1/STM32CubeIDE/plugins/com.st.stm32cube.ide.mcu.externaltools.gnu-tools-for-stm32.14.3.rel1.win32_1.0.100.202602081740/tools/bin/../lib/gcc/arm-none-eabi/14.3.1/../../../../arm-none-eabi/lib/thumb/v7-m/nofp\libc_nano.a(libc_a-sbrkr.o)
 .debug_frame   0x0000352c       0x28 D:/STM32CUBEIDE/PROGRAM/STM32CubeIDE_2.1.1/STM32CubeIDE/plugins/com.st.stm32cube.ide.mcu.externaltools.gnu-tools-for-stm32.14.3.rel1.win32_1.0.100.202602081740/tools/bin/../lib/gcc/arm-none-eabi/14.3.1/../../../../arm-none-eabi/lib/thumb/v7-m/nofp\libc_nano.a(libc_a-memchr-stub.o)
 .debug_frame   0x00003554       0x28 D:/STM32CUBEIDE/PROGRAM/STM32CubeIDE_2.1.1/STM32CubeIDE/plugins/com.st.stm32cube.ide.mcu.externaltools.gnu-tools-for-stm32.14.3.rel1.win32_1.0.100.202602081740/tools/bin/../lib/gcc/arm-none-eabi/14.3.1/../../../../arm-none-eabi/lib/thumb/v7-m/nofp\libc_nano.a(libc_a-memcpy-stub.o)
 .debug_frame   0x0000357c       0x3c D:/STM32CUBEIDE/PROGRAM/STM32CubeIDE_2.1.1/STM32CubeIDE/plugins/com.st.stm32cube.ide.mcu.externaltools.gnu-tools-for-stm32.14.3.rel1.win32_1.0.100.202602081740/tools/bin/../lib/gcc/arm-none-eabi/14.3.1/../../../../arm-none-eabi/lib/thumb/v7-m/nofp\libc_nano.a(libc_a-reallocr.o)
 .debug_frame   0x000035b8       0x20 D:/STM32CUBEIDE/PROGRAM/STM32CubeIDE_2.1.1/STM32CubeIDE/plugins/com.st.stm32cube.ide.mcu.externaltools.gnu-tools-for-stm32.14.3.rel1.win32_1.0.100.202602081740/tools/bin/../lib/gcc/arm-none-eabi/14.3.1/../../../../arm-none-eabi/lib/thumb/v7-m/nofp\libc_nano.a(libc_a-msizer.o)
 .debug_frame   0x000035d8       0x2c D:/STM32CUBEIDE/PROGRAM/STM32CubeIDE_2.1.1/STM32CubeIDE/plugins/com.st.stm32cube.ide.mcu.externaltools.gnu-tools-for-stm32.14.3.rel1.win32_1.0.100.202602081740/tools/bin/../lib/gcc/arm-none-eabi/14.3.1/thumb/v7-m/nofp\libgcc.a(_aeabi_uldivmod.o)
 .debug_frame   0x00003604       0x34 D:/STM32CUBEIDE/PROGRAM/STM32CubeIDE_2.1.1/STM32CubeIDE/plugins/com.st.stm32cube.ide.mcu.externaltools.gnu-tools-for-stm32.14.3.rel1.win32_1.0.100.202602081740/tools/bin/../lib/gcc/arm-none-eabi/14.3.1/thumb/v7-m/nofp\libgcc.a(_udivmoddi4.o)

.debug_line_str
                0x00000000       0x50
 .debug_line_str
                0x00000000       0x50 ./Core/Startup/startup_stm32f207vctx.o
